Archive member included to satisfy reference by file (symbol)

/Applications/MCUXpressoIDE_10.2.1_795/ide/tools/bin/../lib/gcc/arm-none-eabi/7.2.1/thumb/v7e-m/libgcc.a(unwind-arm.o)
                              ./startup/startup_mke18f16.o (__aeabi_unwind_cpp_pr0)
/Applications/MCUXpressoIDE_10.2.1_795/ide/tools/bin/../lib/gcc/arm-none-eabi/7.2.1/thumb/v7e-m/libgcc.a(libunwind.o)
                              /Applications/MCUXpressoIDE_10.2.1_795/ide/tools/bin/../lib/gcc/arm-none-eabi/7.2.1/thumb/v7e-m/libgcc.a(unwind-arm.o) (restore_core_regs)
/Applications/MCUXpressoIDE_10.2.1_795/ide/tools/bin/../lib/gcc/arm-none-eabi/7.2.1/thumb/v7e-m/libgcc.a(pr-support.o)
                              /Applications/MCUXpressoIDE_10.2.1_795/ide/tools/bin/../lib/gcc/arm-none-eabi/7.2.1/thumb/v7e-m/libgcc.a(unwind-arm.o) (__gnu_unwind_execute)
/Applications/MCUXpressoIDE_10.2.1_795/ide/tools/bin/../lib/gcc/arm-none-eabi/7.2.1/../../../../arm-none-eabi/lib/thumb/v7e-m/libc_nano.a(lib_a-abort.o)
                              /Applications/MCUXpressoIDE_10.2.1_795/ide/tools/bin/../lib/gcc/arm-none-eabi/7.2.1/thumb/v7e-m/libgcc.a(unwind-arm.o) (abort)
/Applications/MCUXpressoIDE_10.2.1_795/ide/tools/bin/../lib/gcc/arm-none-eabi/7.2.1/../../../../arm-none-eabi/lib/thumb/v7e-m/libc_nano.a(lib_a-assert.o)
                              ./utilities/fsl_debug_console.o (__assert_func)
/Applications/MCUXpressoIDE_10.2.1_795/ide/tools/bin/../lib/gcc/arm-none-eabi/7.2.1/../../../../arm-none-eabi/lib/thumb/v7e-m/libc_nano.a(lib_a-fprintf.o)
                              /Applications/MCUXpressoIDE_10.2.1_795/ide/tools/bin/../lib/gcc/arm-none-eabi/7.2.1/../../../../arm-none-eabi/lib/thumb/v7e-m/libc_nano.a(lib_a-assert.o) (fiprintf)
/Applications/MCUXpressoIDE_10.2.1_795/ide/tools/bin/../lib/gcc/arm-none-eabi/7.2.1/../../../../arm-none-eabi/lib/thumb/v7e-m/libc_nano.a(lib_a-impure.o)
                              /Applications/MCUXpressoIDE_10.2.1_795/ide/tools/bin/../lib/gcc/arm-none-eabi/7.2.1/../../../../arm-none-eabi/lib/thumb/v7e-m/libc_nano.a(lib_a-assert.o) (_impure_ptr)
/Applications/MCUXpressoIDE_10.2.1_795/ide/tools/bin/../lib/gcc/arm-none-eabi/7.2.1/../../../../arm-none-eabi/lib/thumb/v7e-m/libc_nano.a(lib_a-init.o)
                              ./startup/startup_mke18f16.o (__libc_init_array)
/Applications/MCUXpressoIDE_10.2.1_795/ide/tools/bin/../lib/gcc/arm-none-eabi/7.2.1/../../../../arm-none-eabi/lib/thumb/v7e-m/libc_nano.a(lib_a-malloc.o)
                              ./drivers/fsl_common.o (malloc)
/Applications/MCUXpressoIDE_10.2.1_795/ide/tools/bin/../lib/gcc/arm-none-eabi/7.2.1/../../../../arm-none-eabi/lib/thumb/v7e-m/libc_nano.a(lib_a-memcpy-stub.o)
                              ./drivers/fsl_ftfx_cache.o (memcpy)
/Applications/MCUXpressoIDE_10.2.1_795/ide/tools/bin/../lib/gcc/arm-none-eabi/7.2.1/../../../../arm-none-eabi/lib/thumb/v7e-m/libc_nano.a(lib_a-memmove.o)
                              ./utilities/fsl_shell.o (memmove)
/Applications/MCUXpressoIDE_10.2.1_795/ide/tools/bin/../lib/gcc/arm-none-eabi/7.2.1/../../../../arm-none-eabi/lib/thumb/v7e-m/libc_nano.a(lib_a-memset.o)
                              ./utilities/fsl_debug_console.o (memset)
/Applications/MCUXpressoIDE_10.2.1_795/ide/tools/bin/../lib/gcc/arm-none-eabi/7.2.1/../../../../arm-none-eabi/lib/thumb/v7e-m/libc_nano.a(lib_a-nano-freer.o)
                              /Applications/MCUXpressoIDE_10.2.1_795/ide/tools/bin/../lib/gcc/arm-none-eabi/7.2.1/../../../../arm-none-eabi/lib/thumb/v7e-m/libc_nano.a(lib_a-malloc.o) (_free_r)
/Applications/MCUXpressoIDE_10.2.1_795/ide/tools/bin/../lib/gcc/arm-none-eabi/7.2.1/../../../../arm-none-eabi/lib/thumb/v7e-m/libc_nano.a(lib_a-nano-mallocr.o)
                              /Applications/MCUXpressoIDE_10.2.1_795/ide/tools/bin/../lib/gcc/arm-none-eabi/7.2.1/../../../../arm-none-eabi/lib/thumb/v7e-m/libc_nano.a(lib_a-malloc.o) (_malloc_r)
/Applications/MCUXpressoIDE_10.2.1_795/ide/tools/bin/../lib/gcc/arm-none-eabi/7.2.1/../../../../arm-none-eabi/lib/thumb/v7e-m/libc_nano.a(lib_a-nano-vfprintf.o)
                              /Applications/MCUXpressoIDE_10.2.1_795/ide/tools/bin/../lib/gcc/arm-none-eabi/7.2.1/../../../../arm-none-eabi/lib/thumb/v7e-m/libc_nano.a(lib_a-fprintf.o) (_vfprintf_r)
/Applications/MCUXpressoIDE_10.2.1_795/ide/tools/bin/../lib/gcc/arm-none-eabi/7.2.1/../../../../arm-none-eabi/lib/thumb/v7e-m/libc_nano.a(lib_a-nano-vfprintf_i.o)
                              /Applications/MCUXpressoIDE_10.2.1_795/ide/tools/bin/../lib/gcc/arm-none-eabi/7.2.1/../../../../arm-none-eabi/lib/thumb/v7e-m/libc_nano.a(lib_a-nano-vfprintf.o) (_printf_i)
/Applications/MCUXpressoIDE_10.2.1_795/ide/tools/bin/../lib/gcc/arm-none-eabi/7.2.1/../../../../arm-none-eabi/lib/thumb/v7e-m/libc_nano.a(lib_a-sbrkr.o)
                              /Applications/MCUXpressoIDE_10.2.1_795/ide/tools/bin/../lib/gcc/arm-none-eabi/7.2.1/../../../../arm-none-eabi/lib/thumb/v7e-m/libc_nano.a(lib_a-nano-mallocr.o) (_sbrk_r)
[...]
Memory Configuration

Name             Origin             Length             Attributes
PROGRAM_FLASH    0x0000000000000000 0x0000000000080000 xr
SRAM_UPPER       0x0000000020000000 0x0000000000008000 xrw
SRAM_LOWER       0x000000001fff8000 0x0000000000008000 xrw
FLEX_RAM         0x0000000014000000 0x0000000000001000 xrw
*default*        0x0000000000000000 0xffffffffffffffff

Linker script and memory map

LOAD ./utilities/fsl_debug_console.o
LOAD ./utilities/fsl_io.o
LOAD ./utilities/fsl_log.o
LOAD ./utilities/fsl_shell.o
LOAD ./utilities/fsl_str.o
LOAD ./startup/startup_mke18f16.o
LOAD ./source/emulator/arm_emulator.o
LOAD ./source/MKE18F512xxx16_Project.o
LOAD ./source/semihost_hardfault.o
LOAD ./drivers/fsl_clock.o
LOAD ./drivers/fsl_common.o
LOAD ./drivers/fsl_crc.o
LOAD ./drivers/fsl_dac32.o
LOAD ./drivers/fsl_ftfx_cache.o
LOAD ./drivers/fsl_ftfx_controller.o
LOAD ./drivers/fsl_ftfx_flash.o
LOAD ./drivers/fsl_ftfx_flexnvm.o
LOAD ./drivers/fsl_gpio.o
LOAD ./drivers/fsl_lpuart.o
LOAD ./drivers/fsl_smc.o
LOAD ./drivers/fsl_trgmux.o
LOAD ./board/board.o
LOAD ./board/clock_config.o
LOAD ./board/peripherals.o
LOAD ./board/pin_mux.o
LOAD ./CMSIS/system_MKE18F16.o
START GROUP
LOAD /Applications/MCUXpressoIDE_10.2.1_795/ide/tools/bin/../lib/gcc/arm-none-eabi/7.2.1/thumb/v7e-m/libgcc.a
LOAD /Applications/MCUXpressoIDE_10.2.1_795/ide/tools/bin/../lib/gcc/arm-none-eabi/7.2.1/../../../../arm-none-eabi/lib/thumb/v7e-m/libc_nano.a
LOAD /Applications/MCUXpressoIDE_10.2.1_795/ide/tools/bin/../lib/gcc/arm-none-eabi/7.2.1/../../../../arm-none-eabi/lib/thumb/v7e-m/libstdc++_nano.a
LOAD /Applications/MCUXpressoIDE_10.2.1_795/ide/tools/bin/../lib/gcc/arm-none-eabi/7.2.1/../../../../arm-none-eabi/lib/thumb/v7e-m/libm.a
LOAD /Applications/MCUXpressoIDE_10.2.1_795/ide/tools/bin/../lib/gcc/arm-none-eabi/7.2.1/../../../../arm-none-eabi/lib/thumb/v7e-m/libcr_newlib_nohost.a
LOAD /Applications/MCUXpressoIDE_10.2.1_795/ide/tools/bin/../lib/gcc/arm-none-eabi/7.2.1/thumb/v7e-m/crti.o
LOAD /Applications/MCUXpressoIDE_10.2.1_795/ide/tools/bin/../lib/gcc/arm-none-eabi/7.2.1/thumb/v7e-m/crtn.o
LOAD /Applications/MCUXpressoIDE_10.2.1_795/ide/tools/bin/../lib/gcc/arm-none-eabi/7.2.1/thumb/v7e-m/crtbegin.o
LOAD /Applications/MCUXpressoIDE_10.2.1_795/ide/tools/bin/../lib/gcc/arm-none-eabi/7.2.1/thumb/v7e-m/crtend.o
END GROUP
                0x0000000000000000                __base_PROGRAM_FLASH = 0x0
                0x0000000000000000                __base_Flash = 0x0
                0x0000000000080000                __top_PROGRAM_FLASH = 0x80000
                0x0000000000080000                __top_Flash = 0x80000
                0x0000000020000000                __base_SRAM_UPPER = 0x20000000
                0x0000000020000000                __base_RAM = 0x20000000
                0x0000000020008000                __top_SRAM_UPPER = 0x20008000
                0x0000000020008000                __top_RAM = 0x20008000
                0x000000001fff8000                __base_SRAM_LOWER = 0x1fff8000
                0x000000001fff8000                __base_RAM2 = 0x1fff8000
                0x0000000020000000                __top_SRAM_LOWER = 0x20000000
                0x0000000020000000                __top_RAM2 = 0x20000000
                0x0000000014000000                __base_FLEX_RAM = 0x14000000
                0x0000000014000000                __base_RAM3 = 0x14000000
                0x0000000014001000                __top_FLEX_RAM = 0x14001000
                0x0000000014001000                __top_RAM3 = 0x14001000

.text           0x0000000000000000     0x4398
 FILL mask 0xff
                0x0000000000000000                __vectors_start__ = ABSOLUTE (.)
 *(SORT_BY_ALIGNMENT(.isr_vector))
 .isr_vector    0x0000000000000000      0x1a4 ./startup/startup_mke18f16.o
                0x0000000000000000                __Vectors
                0x0000000000000000                g_pfnVectors
                0x00000000000001a4                . = ALIGN (0x4)
                0x00000000000001a4                __section_table_start = .
                0x00000000000001a4                __data_section_table = .
                0x00000000000001a4        0x4 LONG 0x4b98 LOADADDR (.data)
                0x00000000000001a8        0x4 LONG 0x20000000 ADDR (.data)
                0x00000000000001ac        0x4 LONG 0x68 SIZEOF (.data)
                0x00000000000001b0        0x4 LONG 0x4b98 LOADADDR (.data_RAM2)
                0x00000000000001b4        0x4 LONG 0x1fff8000 ADDR (.data_RAM2)
                0x00000000000001b8        0x4 LONG 0x0 SIZEOF (.data_RAM2)
                0x00000000000001bc        0x4 LONG 0x4b98 LOADADDR (.data_RAM3)
                0x00000000000001c0        0x4 LONG 0x14000000 ADDR (.data_RAM3)
                0x00000000000001c4        0x4 LONG 0x0 SIZEOF (.data_RAM3)
                0x00000000000001c8                __data_section_table_end = .
                0x00000000000001c8                __bss_section_table = .
                0x00000000000001c8        0x4 LONG 0x20000068 ADDR (.bss)
                0x00000000000001cc        0x4 LONG 0x48 SIZEOF (.bss)
                0x00000000000001d0        0x4 LONG 0x1fff8000 ADDR (.bss_RAM2)
                0x00000000000001d4        0x4 LONG 0x0 SIZEOF (.bss_RAM2)
                0x00000000000001d8        0x4 LONG 0x14000000 ADDR (.bss_RAM3)
                0x00000000000001dc        0x4 LONG 0x0 SIZEOF (.bss_RAM3)
                0x00000000000001e0                __bss_section_table_end = .
                0x00000000000001e0                __section_table_end = .
 *(SORT_BY_ALIGNMENT(.after_vectors*))
 .after_vectors.reset
                0x00000000000001e0       0x54 ./startup/startup_mke18f16.o
                0x00000000000001e0                ResetISR
 .after_vectors
                0x0000000000000234       0x14 ./startup/startup_mke18f16.o
                0x0000000000000234                NMI_Handler
                0x0000000000000238                MemManage_Handler
                0x000000000000023a                BusFault_Handler
                0x000000000000023c                UsageFault_Handler
                0x000000000000023e                SVC_Handler
                0x0000000000000240                DebugMon_Handler
                0x0000000000000242                PendSV_Handler
                0x0000000000000244                SysTick_Handler
                0x0000000000000246                LPI2C0_DriverIRQHandler
                0x0000000000000246                Reserved100_DriverIRQHandler
                0x0000000000000246                FTM2_DriverIRQHandler
                0x0000000000000246                Reserved82_DriverIRQHandler
                0x0000000000000246                RTC_Seconds_DriverIRQHandler
                0x0000000000000246                DMA6_DriverIRQHandler
                0x0000000000000246                MCM_DriverIRQHandler
                0x0000000000000246                LPIT0_Ch0_DriverIRQHandler
                0x0000000000000246                Reserved69_DriverIRQHandler
                0x0000000000000246                PDB1_DriverIRQHandler
                0x0000000000000246                CMP1_DriverIRQHandler
                0x0000000000000246                FTM0_DriverIRQHandler
                0x0000000000000246                IntDefaultHandler
                0x0000000000000246                SCG_RCM_DriverIRQHandler
                0x0000000000000246                PORTC_DriverIRQHandler
                0x0000000000000246                DMA11_DriverIRQHandler
                0x0000000000000246                FLEXIO_DriverIRQHandler
                0x0000000000000246                DAC0_DriverIRQHandler
                0x0000000000000246                DMA10_DriverIRQHandler
                0x0000000000000246                CMP2_DriverIRQHandler
                0x0000000000000246                LVD_LVW_DriverIRQHandler
                0x0000000000000246                DMA5_DriverIRQHandler
                0x0000000000000246                DMA4_DriverIRQHandler
                0x0000000000000246                PWT_DriverIRQHandler
                0x0000000000000246                DMA3_DriverIRQHandler
                0x0000000000000246                Reserved53_DriverIRQHandler
                0x0000000000000246                DMA8_DriverIRQHandler
                0x0000000000000246                DMA9_DriverIRQHandler
                0x0000000000000246                Reserved91_DriverIRQHandler
                0x0000000000000246                Reserved71_DriverIRQHandler
                0x0000000000000246                ADC1_DriverIRQHandler
                0x0000000000000246                PORTA_DriverIRQHandler
                0x0000000000000246                Reserved92_DriverIRQHandler
                0x0000000000000246                DMA14_DriverIRQHandler
                0x0000000000000246                WDOG_EWM_DriverIRQHandler
                0x0000000000000246                PDB0_DriverIRQHandler
                0x0000000000000246                LPSPI0_DriverIRQHandler
                0x0000000000000246                Reserved83_DriverIRQHandler
                0x0000000000000246                Reserved61_DriverIRQHandler
                0x0000000000000246                LPIT0_Ch2_DriverIRQHandler
                0x0000000000000246                RTC_DriverIRQHandler
                0x0000000000000246                Read_Collision_DriverIRQHandler
                0x0000000000000246                Reserved54_DriverIRQHandler
                0x0000000000000246                SWI_DriverIRQHandler
                0x0000000000000246                Reserved99_DriverIRQHandler
                0x0000000000000246                DMA1_DriverIRQHandler
                0x0000000000000246                LPI2C1_DriverIRQHandler
                0x0000000000000246                PDB2_DriverIRQHandler
                0x0000000000000246                Reserved44_DriverIRQHandler
                0x0000000000000246                LPIT0_Ch1_DriverIRQHandler
                0x0000000000000246                LPSPI1_DriverIRQHandler
                0x0000000000000246                DMA13_DriverIRQHandler
                0x0000000000000246                DMA15_DriverIRQHandler
                0x0000000000000246                Reserved81_DriverIRQHandler
                0x0000000000000246                Reserved88_DriverIRQHandler
                0x0000000000000246                ADC0_DriverIRQHandler
                0x0000000000000246                LPIT0_Ch3_DriverIRQHandler
                0x0000000000000246                Doublebit_Fault_DriverIRQHandler
                0x0000000000000246                CMP0_DriverIRQHandler
                0x0000000000000246                CAN0_DriverIRQHandler
                0x0000000000000246                Reserved98_DriverIRQHandler
                0x0000000000000246                FTM3_DriverIRQHandler
                0x0000000000000246                ADC2_DriverIRQHandler
                0x0000000000000246                DMA2_DriverIRQHandler
                0x0000000000000246                PORTD_DriverIRQHandler
                0x0000000000000246                Reserved46_DriverIRQHandler
                0x0000000000000246                Reserved70_DriverIRQHandler
                0x0000000000000246                PORTE_DriverIRQHandler
                0x0000000000000246                FTFE_DriverIRQHandler
                0x0000000000000246                CAN1_DriverIRQHandler
                0x0000000000000246                DMA7_DriverIRQHandler
                0x0000000000000246                Reserved39_DriverIRQHandler
                0x0000000000000246                DMA0_DriverIRQHandler
                0x0000000000000246                PORTB_DriverIRQHandler
                0x0000000000000246                DMA12_DriverIRQHandler
                0x0000000000000246                LPTMR0_DriverIRQHandler
                0x0000000000000246                DMA_Error_DriverIRQHandler
                0x0000000000000246                FTM1_DriverIRQHandler
 .after_vectors.init_data
                0x0000000000000248       0x1c ./startup/startup_mke18f16.o
                0x0000000000000248                data_init(unsigned int, unsigned int, unsigned int)
 .after_vectors.init_bss
                0x0000000000000264       0x12 ./startup/startup_mke18f16.o
                0x0000000000000264                bss_init(unsigned int, unsigned int)
                0x0000000000000400                . = 0x400
 *fill*         0x0000000000000276      0x18a ff
                0x0000000000000400                PROVIDE (__FLASH_CONFIG_START__, .)
 *(SORT_BY_ALIGNMENT(.FlashConfig))
 .FlashConfig   0x0000000000000400       0x10 ./startup/startup_mke18f16.o
                0x0000000000000410                PROVIDE (__FLASH_CONFIG_END__, .)
                0x0000000000000001                ASSERT (! ((__FLASH_CONFIG_START__ == __FLASH_CONFIG_END__)), Linker Flash Config Support Enabled, but no .FlashConfig section provided within application)
 *(SORT_BY_ALIGNMENT(.text*))
 .text          0x0000000000000410       0xa0 /Applications/MCUXpressoIDE_10.2.1_795/ide/tools/bin/../lib/gcc/arm-none-eabi/7.2.1/../../../../arm-none-eabi/lib/thumb/v7e-m/libc_nano.a(lib_a-memchr.o)
                0x0000000000000410                memchr
 .text.DbgConsole_RelocateLog
                0x00000000000004b0       0x44 ./utilities/fsl_debug_console.o
 .text.DbgConsole_Init
                0x00000000000004f4       0x2c ./utilities/fsl_debug_console.o
                0x00000000000004f4                DbgConsole_Init
 .text.DbgConsole_Printf
                0x0000000000000520       0x3c ./utilities/fsl_debug_console.o
                0x0000000000000520                DbgConsole_Printf
 .text.IO_Init  0x000000000000055c       0x5c ./utilities/fsl_io.o
                0x000000000000055c                IO_Init
 .text.IO_Transfer
                0x00000000000005b8       0x34 ./utilities/fsl_io.o
                0x00000000000005b8                IO_Transfer
 .text.LOG_Init
                0x00000000000005ec       0x20 ./utilities/fsl_log.o
                0x00000000000005ec                LOG_Init
 .text.LOG_Push
                0x000000000000060c       0x34 ./utilities/fsl_log.o
                0x000000000000060c                LOG_Push
 .text.StrFormatPrintf
                0x0000000000000640      0x2bc ./utilities/fsl_str.o
                0x0000000000000640                StrFormatPrintf
 .text          0x00000000000008fc       0xfc ./source/MKE18F512xxx16_Project.o
                0x00000000000008fc                GetCrc32(unsigned short, unsigned short)
                0x00000000000009d8                PrintCrc32(unsigned short, unsigned short)
 .text.startup  0x00000000000009f8       0x54 ./source/MKE18F512xxx16_Project.o
                0x00000000000009f8                main
 .text.HardFault_Handler
                0x0000000000000a4c       0x2c ./source/semihost_hardfault.o
                0x0000000000000a4c                HardFault_Handler
 .text.unlikely.CLOCK_GetSysOscFreq.part.2
                0x0000000000000a78       0x1c ./drivers/fsl_clock.o
 .text.CLOCK_GetSysPllCommonFreq
                0x0000000000000a94       0x6c ./drivers/fsl_clock.o
 .text.CLOCK_GetSysOscAsyncFreq
                0x0000000000000b00       0x48 ./drivers/fsl_clock.o
                0x0000000000000b00                CLOCK_GetSysOscAsyncFreq
 .text.CLOCK_InitSirc
                0x0000000000000b48       0x74 ./drivers/fsl_clock.o
                0x0000000000000b48                CLOCK_InitSirc
 .text.CLOCK_GetSircAsyncFreq
                0x0000000000000bbc       0x54 ./drivers/fsl_clock.o
                0x0000000000000bbc                CLOCK_GetSircAsyncFreq
 .text.CLOCK_InitFirc
                0x0000000000000c10       0xc8 ./drivers/fsl_clock.o
                0x0000000000000c10                CLOCK_InitFirc
 .text.CLOCK_GetFircAsyncFreq
                0x0000000000000cd8       0x54 ./drivers/fsl_clock.o
                0x0000000000000cd8                CLOCK_GetFircAsyncFreq
 .text.CLOCK_InitSysPll
                0x0000000000000d2c       0x98 ./drivers/fsl_clock.o
                0x0000000000000d2c                CLOCK_InitSysPll
 .text.CLOCK_GetSysPllAsyncFreq
                0x0000000000000dc4       0x44 ./drivers/fsl_clock.o
                0x0000000000000dc4                CLOCK_GetSysPllAsyncFreq
 .text.CLOCK_GetIpFreq
                0x0000000000000e08       0x78 ./drivers/fsl_clock.o
                0x0000000000000e08                CLOCK_GetIpFreq
 .text.CRC_Init
                0x0000000000000e80       0xa0 ./drivers/fsl_crc.o
                0x0000000000000e80                CRC_Init
 .text.CRC_WriteData
                0x0000000000000f20       0x50 ./drivers/fsl_crc.o
                0x0000000000000f20                CRC_WriteData
 .text.CRC_Get32bitResult
                0x0000000000000f70        0x4 ./drivers/fsl_crc.o
                0x0000000000000f70                CRC_Get32bitResult
 .text.GPIO_PinInit
                0x0000000000000f74       0x44 ./drivers/fsl_gpio.o
                0x0000000000000f74                GPIO_PinInit
 .text.unlikely.LPUART_GetInstance.part.2
                0x0000000000000fb8       0x1c ./drivers/fsl_lpuart.o
 .text.LPUART_Init
                0x0000000000000fd4      0x254 ./drivers/fsl_lpuart.o
                0x0000000000000fd4                LPUART_Init
 .text.LPUART_GetDefaultConfig
                0x0000000000001228       0x44 ./drivers/fsl_lpuart.o
                0x0000000000001228                LPUART_GetDefaultConfig
 .text.LPUART_WriteBlocking
                0x000000000000126c       0x34 ./drivers/fsl_lpuart.o
                0x000000000000126c                LPUART_WriteBlocking
 .text.LPUART_ReadBlocking
                0x00000000000012a0      0x108 ./drivers/fsl_lpuart.o
                0x00000000000012a0                LPUART_ReadBlocking
 .text.LPUART0_TX_DriverIRQHandler
                0x00000000000013a8       0x20 ./drivers/fsl_lpuart.o
                0x00000000000013a8                LPUART0_TX_DriverIRQHandler
 .text.LPUART0_RX_DriverIRQHandler
                0x00000000000013c8        0x4 ./drivers/fsl_lpuart.o
                0x00000000000013c8                LPUART0_RX_DriverIRQHandler
 .text.LPUART1_TX_DriverIRQHandler
                0x00000000000013cc       0x20 ./drivers/fsl_lpuart.o
                0x00000000000013cc                LPUART1_TX_DriverIRQHandler
 .text.LPUART1_RX_DriverIRQHandler
                0x00000000000013ec        0x4 ./drivers/fsl_lpuart.o
                0x00000000000013ec                LPUART1_RX_DriverIRQHandler
 .text.LPUART2_TX_DriverIRQHandler
                0x00000000000013f0       0x20 ./drivers/fsl_lpuart.o
                0x00000000000013f0                LPUART2_TX_DriverIRQHandler
 .text.LPUART2_RX_DriverIRQHandler
                0x0000000000001410        0x4 ./drivers/fsl_lpuart.o
                0x0000000000001410                LPUART2_RX_DriverIRQHandler
 .text.SMC_SetPowerModeHsrun
                0x0000000000001414       0x14 ./drivers/fsl_smc.o
                0x0000000000001414                SMC_SetPowerModeHsrun
 .text.BOARD_InitDebugConsole
                0x0000000000001428       0x24 ./board/board.o
                0x0000000000001428                BOARD_InitDebugConsole
 .text.unlikely.CLOCK_SetIpSrc.part.2
                0x000000000000144c       0x1c ./board/clock_config.o
 .text.BOARD_FastClock
                0x0000000000001468      0x11c ./board/clock_config.o
                0x0000000000001468                BOARD_FastClock
 .text.BOARD_SlowClock
                0x0000000000001584       0x38 ./board/clock_config.o
                0x0000000000001584                BOARD_SlowClock
 .text.BOARD_InitBootClocks
                0x00000000000015bc        0x4 ./board/clock_config.o
                0x00000000000015bc                BOARD_InitBootClocks
 .text.BOARD_InitBootPeripherals
                0x00000000000015c0        0x4 ./board/peripherals.o
                0x00000000000015c0                BOARD_InitBootPeripherals
 .text.unlikely.CLOCK_EnableClock.part.0
                0x00000000000015c4       0x1c ./board/pin_mux.o
 .text.BOARD_InitPins
                0x00000000000015e0      0x654 ./board/pin_mux.o
                0x00000000000015e0                BOARD_InitPins
 .text.BOARD_InitBootPins
                0x0000000000001c34        0x4 ./board/pin_mux.o
                0x0000000000001c34                BOARD_InitBootPins
 .text.SystemInitHook
                0x0000000000001c38        0x4 ./CMSIS/system_MKE18F16.o
                0x0000000000001c38                SystemInitHook
 .text.SystemInit
                0x0000000000001c3c       0x50 ./CMSIS/system_MKE18F16.o
                0x0000000000001c3c                SystemInit
 .text          0x0000000000001c8c      0x9ec /Applications/MCUXpressoIDE_10.2.1_795/ide/tools/bin/../lib/gcc/arm-none-eabi/7.2.1/thumb/v7e-m/libgcc.a(unwind-arm.o)
                0x0000000000001f40                _Unwind_GetCFA
                0x0000000000001f44                __gnu_Unwind_RaiseException
                0x0000000000001fa4                __gnu_Unwind_ForcedUnwind
                0x0000000000001fb8                __gnu_Unwind_Resume
                0x0000000000001ffc                __gnu_Unwind_Resume_or_Rethrow
                0x000000000000200c                _Unwind_Complete
                0x0000000000002010                _Unwind_DeleteException
                0x000000000000201c                _Unwind_VRS_Get
                0x0000000000002060                _Unwind_VRS_Set
                0x00000000000020a8                __gnu_Unwind_Backtrace
                0x00000000000023ec                __aeabi_unwind_cpp_pr0
                0x00000000000023f0                __aeabi_unwind_cpp_pr1
                0x00000000000023f4                __aeabi_unwind_cpp_pr2
                0x00000000000023f8                _Unwind_VRS_Pop
 .text          0x0000000000002678      0x1ac /Applications/MCUXpressoIDE_10.2.1_795/ide/tools/bin/../lib/gcc/arm-none-eabi/7.2.1/thumb/v7e-m/libgcc.a(libunwind.o)
                0x0000000000002678                __restore_core_regs
                0x0000000000002678                restore_core_regs
                0x0000000000002690                __gnu_Unwind_Restore_VFP
                0x0000000000002698                __gnu_Unwind_Save_VFP
                0x00000000000026a0                __gnu_Unwind_Restore_VFP_D
                0x00000000000026a8                __gnu_Unwind_Save_VFP_D
                0x00000000000026b0                __gnu_Unwind_Restore_VFP_D_16_to_31
                0x00000000000026b8                __gnu_Unwind_Save_VFP_D_16_to_31
                0x00000000000026c0                __gnu_Unwind_Restore_WMMXD
                0x0000000000002704                __gnu_Unwind_Save_WMMXD
                0x0000000000002748                __gnu_Unwind_Restore_WMMXC
                0x000000000000275c                __gnu_Unwind_Save_WMMXC
                0x0000000000002770                _Unwind_RaiseException
                0x0000000000002770                ___Unwind_RaiseException
                0x0000000000002794                ___Unwind_Resume
                0x0000000000002794                _Unwind_Resume
                0x00000000000027b8                ___Unwind_Resume_or_Rethrow
                0x00000000000027b8                _Unwind_Resume_or_Rethrow
                0x00000000000027dc                _Unwind_ForcedUnwind
                0x00000000000027dc                ___Unwind_ForcedUnwind
                0x0000000000002800                _Unwind_Backtrace
                0x0000000000002800                ___Unwind_Backtrace
 .text          0x0000000000002824      0x374 /Applications/MCUXpressoIDE_10.2.1_795/ide/tools/bin/../lib/gcc/arm-none-eabi/7.2.1/thumb/v7e-m/libgcc.a(pr-support.o)
                0x000000000000287c                __gnu_unwind_execute
                0x0000000000002b40                __gnu_unwind_frame
                0x0000000000002b68                _Unwind_GetRegionStart
                0x0000000000002b74                _Unwind_GetLanguageSpecificData
                0x0000000000002b88                _Unwind_GetDataRelBase
                0x0000000000002b90                _Unwind_GetTextRelBase
 .text.__assert_func
                0x0000000000002b98       0x3c /Applications/MCUXpressoIDE_10.2.1_795/ide/tools/bin/../lib/gcc/arm-none-eabi/7.2.1/../../../../arm-none-eabi/lib/thumb/v7e-m/libc_nano.a(lib_a-assert.o)
                0x0000000000002b98                __assert_func
 .text.fprintf  0x0000000000002bd4       0x24 /Applications/MCUXpressoIDE_10.2.1_795/ide/tools/bin/../lib/gcc/arm-none-eabi/7.2.1/../../../../arm-none-eabi/lib/thumb/v7e-m/libc_nano.a(lib_a-fprintf.o)
                0x0000000000002bd4                fprintf
                0x0000000000002bd4                fiprintf
 .text.__libc_init_array
                0x0000000000002bf8       0x48 /Applications/MCUXpressoIDE_10.2.1_795/ide/tools/bin/../lib/gcc/arm-none-eabi/7.2.1/../../../../arm-none-eabi/lib/thumb/v7e-m/libc_nano.a(lib_a-init.o)
                0x0000000000002bf8                __libc_init_array
 .text._free_r  0x0000000000002c40       0x9c /Applications/MCUXpressoIDE_10.2.1_795/ide/tools/bin/../lib/gcc/arm-none-eabi/7.2.1/../../../../arm-none-eabi/lib/thumb/v7e-m/libc_nano.a(lib_a-nano-freer.o)
                0x0000000000002c40                _free_r
 .text._malloc_r
                0x0000000000002cdc       0xb4 /Applications/MCUXpressoIDE_10.2.1_795/ide/tools/bin/../lib/gcc/arm-none-eabi/7.2.1/../../../../arm-none-eabi/lib/thumb/v7e-m/libc_nano.a(lib_a-nano-mallocr.o)
                0x0000000000002cdc                _malloc_r
 .text._vfprintf_r
                0x0000000000002d90      0x228 /Applications/MCUXpressoIDE_10.2.1_795/ide/tools/bin/../lib/gcc/arm-none-eabi/7.2.1/../../../../arm-none-eabi/lib/thumb/v7e-m/libc_nano.a(lib_a-nano-vfprintf.o)
                0x0000000000002d90                _vfiprintf_r
                0x0000000000002d90                _vfprintf_r
 .text._printf_i
                0x0000000000002fb8      0x224 /Applications/MCUXpressoIDE_10.2.1_795/ide/tools/bin/../lib/gcc/arm-none-eabi/7.2.1/../../../../arm-none-eabi/lib/thumb/v7e-m/libc_nano.a(lib_a-nano-vfprintf_i.o)
                0x0000000000002fb8                _printf_i
 .text._sbrk_r  0x00000000000031dc       0x20 /Applications/MCUXpressoIDE_10.2.1_795/ide/tools/bin/../lib/gcc/arm-none-eabi/7.2.1/../../../../arm-none-eabi/lib/thumb/v7e-m/libc_nano.a(lib_a-sbrkr.o)
                0x00000000000031dc                _sbrk_r
 .text.raise    0x00000000000031fc       0x10 /Applications/MCUXpressoIDE_10.2.1_795/ide/tools/bin/../lib/gcc/arm-none-eabi/7.2.1/../../../../arm-none-eabi/lib/thumb/v7e-m/libc_nano.a(lib_a-signal.o)
                0x00000000000031fc                raise
 .text._kill_r  0x000000000000320c       0x24 /Applications/MCUXpressoIDE_10.2.1_795/ide/tools/bin/../lib/gcc/arm-none-eabi/7.2.1/../../../../arm-none-eabi/lib/thumb/v7e-m/libc_nano.a(lib_a-signalr.o)
                0x000000000000320c                _kill_r
 .text.__swbuf_r
                0x0000000000003230       0xa4 /Applications/MCUXpressoIDE_10.2.1_795/ide/tools/bin/../lib/gcc/arm-none-eabi/7.2.1/../../../../arm-none-eabi/lib/thumb/v7e-m/libc_nano.a(lib_a-wbuf.o)
                0x0000000000003230                __swbuf_r
 .text.__swsetup_r
                0x00000000000032d4       0xdc /Applications/MCUXpressoIDE_10.2.1_795/ide/tools/bin/../lib/gcc/arm-none-eabi/7.2.1/../../../../arm-none-eabi/lib/thumb/v7e-m/libc_nano.a(lib_a-wsetup.o)
                0x00000000000032d4                __swsetup_r
 .text.__sflush_r
                0x00000000000033b0      0x10c /Applications/MCUXpressoIDE_10.2.1_795/ide/tools/bin/../lib/gcc/arm-none-eabi/7.2.1/../../../../arm-none-eabi/lib/thumb/v7e-m/libc_nano.a(lib_a-fflush.o)
                0x00000000000033b0                __sflush_r
 .text._fflush_r
                0x00000000000034bc       0x54 /Applications/MCUXpressoIDE_10.2.1_795/ide/tools/bin/../lib/gcc/arm-none-eabi/7.2.1/../../../../arm-none-eabi/lib/thumb/v7e-m/libc_nano.a(lib_a-fflush.o)
                0x00000000000034bc                _fflush_r
 .text.std      0x0000000000003510       0x48 /Applications/MCUXpressoIDE_10.2.1_795/ide/tools/bin/../lib/gcc/arm-none-eabi/7.2.1/../../../../arm-none-eabi/lib/thumb/v7e-m/libc_nano.a(lib_a-findfp.o)
 .text._cleanup_r
                0x0000000000003558        0xc /Applications/MCUXpressoIDE_10.2.1_795/ide/tools/bin/../lib/gcc/arm-none-eabi/7.2.1/../../../../arm-none-eabi/lib/thumb/v7e-m/libc_nano.a(lib_a-findfp.o)
                0x0000000000003558                _cleanup_r
 .text.__sinit  0x0000000000003564       0x60 /Applications/MCUXpressoIDE_10.2.1_795/ide/tools/bin/../lib/gcc/arm-none-eabi/7.2.1/../../../../arm-none-eabi/lib/thumb/v7e-m/libc_nano.a(lib_a-findfp.o)
                0x0000000000003564                __sinit
 .text.__sfp    0x00000000000035c4       0x78 /Applications/MCUXpressoIDE_10.2.1_795/ide/tools/bin/../lib/gcc/arm-none-eabi/7.2.1/../../../../arm-none-eabi/lib/thumb/v7e-m/libc_nano.a(lib_a-findfp.o)
                0x00000000000035c4                __sfp
 .text.__smakebuf_r
                0x000000000000363c       0x80 /Applications/MCUXpressoIDE_10.2.1_795/ide/tools/bin/../lib/gcc/arm-none-eabi/7.2.1/../../../../arm-none-eabi/lib/thumb/v7e-m/libc_nano.a(lib_a-makebuf.o)
                0x000000000000363c                __smakebuf_r
 .text._write_r
                0x00000000000036bc       0x24 /Applications/MCUXpressoIDE_10.2.1_795/ide/tools/bin/../lib/gcc/arm-none-eabi/7.2.1/../../../../arm-none-eabi/lib/thumb/v7e-m/libc_nano.a(lib_a-writer.o)
                0x00000000000036bc                _write_r
 .text._close_r
                0x00000000000036e0       0x20 /Applications/MCUXpressoIDE_10.2.1_795/ide/tools/bin/../lib/gcc/arm-none-eabi/7.2.1/../../../../arm-none-eabi/lib/thumb/v7e-m/libc_nano.a(lib_a-closer.o)
                0x00000000000036e0                _close_r
 .text._fstat_r
                0x0000000000003700       0x24 /Applications/MCUXpressoIDE_10.2.1_795/ide/tools/bin/../lib/gcc/arm-none-eabi/7.2.1/../../../../arm-none-eabi/lib/thumb/v7e-m/libc_nano.a(lib_a-fstatr.o)
                0x0000000000003700                _fstat_r
 .text._isatty_r
                0x0000000000003724       0x20 /Applications/MCUXpressoIDE_10.2.1_795/ide/tools/bin/../lib/gcc/arm-none-eabi/7.2.1/../../../../arm-none-eabi/lib/thumb/v7e-m/libc_nano.a(lib_a-isattyr.o)
                0x0000000000003724                _isatty_r
 .text._lseek_r
                0x0000000000003744       0x24 /Applications/MCUXpressoIDE_10.2.1_795/ide/tools/bin/../lib/gcc/arm-none-eabi/7.2.1/../../../../arm-none-eabi/lib/thumb/v7e-m/libc_nano.a(lib_a-lseekr.o)
                0x0000000000003744                _lseek_r
 .text._read_r  0x0000000000003768       0x24 /Applications/MCUXpressoIDE_10.2.1_795/ide/tools/bin/../lib/gcc/arm-none-eabi/7.2.1/../../../../arm-none-eabi/lib/thumb/v7e-m/libc_nano.a(lib_a-readr.o)
                0x0000000000003768                _read_r
 .text._sbrk    0x000000000000378c       0x3c /Applications/MCUXpressoIDE_10.2.1_795/ide/tools/bin/../lib/gcc/arm-none-eabi/7.2.1/../../../../arm-none-eabi/lib/thumb/v7e-m/libcr_newlib_nohost.a(_cr_sbrk.o)
                0x000000000000378c                _sbrk
 .text._close   0x00000000000037c8       0x10 /Applications/MCUXpressoIDE_10.2.1_795/ide/tools/bin/../lib/gcc/arm-none-eabi/7.2.1/../../../../arm-none-eabi/lib/thumb/v7e-m/libcr_newlib_nohost.a(close.o)
                0x00000000000037c8                _close
 .text._fstat   0x00000000000037d8       0x10 /Applications/MCUXpressoIDE_10.2.1_795/ide/tools/bin/../lib/gcc/arm-none-eabi/7.2.1/../../../../arm-none-eabi/lib/thumb/v7e-m/libcr_newlib_nohost.a(fstat.o)
                0x00000000000037d8                _fstat
 .text._getpid  0x00000000000037e8       0x10 /Applications/MCUXpressoIDE_10.2.1_795/ide/tools/bin/../lib/gcc/arm-none-eabi/7.2.1/../../../../arm-none-eabi/lib/thumb/v7e-m/libcr_newlib_nohost.a(getpid.o)
                0x00000000000037e8                _getpid
 .text._isatty  0x00000000000037f8       0x10 /Applications/MCUXpressoIDE_10.2.1_795/ide/tools/bin/../lib/gcc/arm-none-eabi/7.2.1/../../../../arm-none-eabi/lib/thumb/v7e-m/libcr_newlib_nohost.a(isatty.o)
                0x00000000000037f8                _isatty
 .text._kill    0x0000000000003808       0x10 /Applications/MCUXpressoIDE_10.2.1_795/ide/tools/bin/../lib/gcc/arm-none-eabi/7.2.1/../../../../arm-none-eabi/lib/thumb/v7e-m/libcr_newlib_nohost.a(kill.o)
                0x0000000000003808                _kill
 .text._lseek   0x0000000000003818       0x10 /Applications/MCUXpressoIDE_10.2.1_795/ide/tools/bin/../lib/gcc/arm-none-eabi/7.2.1/../../../../arm-none-eabi/lib/thumb/v7e-m/libcr_newlib_nohost.a(lseek.o)
                0x0000000000003818                _lseek
 .text._read    0x0000000000003828       0x10 /Applications/MCUXpressoIDE_10.2.1_795/ide/tools/bin/../lib/gcc/arm-none-eabi/7.2.1/../../../../arm-none-eabi/lib/thumb/v7e-m/libcr_newlib_nohost.a(read.o)
                0x0000000000003828                _read
 .text._write   0x0000000000003838       0x10 /Applications/MCUXpressoIDE_10.2.1_795/ide/tools/bin/../lib/gcc/arm-none-eabi/7.2.1/../../../../arm-none-eabi/lib/thumb/v7e-m/libcr_newlib_nohost.a(write.o)
                0x0000000000003838                _write
 .text.__check_heap_overflow
                0x0000000000003848       0x18 /Applications/MCUXpressoIDE_10.2.1_795/ide/tools/bin/../lib/gcc/arm-none-eabi/7.2.1/../../../../arm-none-eabi/lib/thumb/v7e-m/libcr_newlib_nohost.a(_cr_check_heap.o)
                0x0000000000003848                __check_heap_overflow
 .text          0x0000000000003860       0x40 /Applications/MCUXpressoIDE_10.2.1_795/ide/tools/bin/../lib/gcc/arm-none-eabi/7.2.1/thumb/v7e-m/crtbegin.o
 .text.__errno  0x00000000000038a0        0xc /Applications/MCUXpressoIDE_10.2.1_795/ide/tools/bin/../lib/gcc/arm-none-eabi/7.2.1/../../../../arm-none-eabi/lib/thumb/v7e-m/libc_nano.a(lib_a-errno.o)
                0x00000000000038a0                __errno
 .text          0x00000000000038ac      0x2c8 ./startup/startup_mke18f16.o
                0x00000000000038ac                DMA0_IRQHandler
                0x00000000000038b4                DMA1_IRQHandler
                0x00000000000038bc                DMA2_IRQHandler
                0x00000000000038c4                DMA3_IRQHandler
                0x00000000000038cc                DMA4_IRQHandler
                0x00000000000038d4                DMA5_IRQHandler
                0x00000000000038dc                DMA6_IRQHandler
                0x00000000000038e4                DMA7_IRQHandler
                0x00000000000038ec                DMA8_IRQHandler
                0x00000000000038f4                DMA9_IRQHandler
                0x00000000000038fc                DMA10_IRQHandler
                0x0000000000003904                DMA11_IRQHandler
                0x000000000000390c                DMA12_IRQHandler
                0x0000000000003914                DMA13_IRQHandler
                0x000000000000391c                DMA14_IRQHandler
                0x0000000000003924                DMA15_IRQHandler
                0x000000000000392c                DMA_Error_IRQHandler
                0x0000000000003934                MCM_IRQHandler
                0x000000000000393c                FTFE_IRQHandler
                0x0000000000003944                Read_Collision_IRQHandler
                0x000000000000394c                LVD_LVW_IRQHandler
                0x0000000000003954                Doublebit_Fault_IRQHandler
                0x000000000000395c                WDOG_EWM_IRQHandler
                0x0000000000003964                Reserved39_IRQHandler
                0x000000000000396c                LPI2C0_IRQHandler
                0x0000000000003974                LPI2C1_IRQHandler
                0x000000000000397c                LPSPI0_IRQHandler
                0x0000000000003984                LPSPI1_IRQHandler
                0x000000000000398c                Reserved44_IRQHandler
                0x0000000000003994                PWT_IRQHandler
                0x000000000000399c                Reserved46_IRQHandler
                0x00000000000039a4                LPUART0_TX_IRQHandler
                0x00000000000039ac                LPUART0_RX_IRQHandler
                0x00000000000039b4                LPUART1_TX_IRQHandler
                0x00000000000039bc                LPUART1_RX_IRQHandler
                0x00000000000039c4                LPUART2_TX_IRQHandler
                0x00000000000039cc                LPUART2_RX_IRQHandler
                0x00000000000039d4                Reserved53_IRQHandler
                0x00000000000039dc                Reserved54_IRQHandler
                0x00000000000039e4                ADC0_IRQHandler
                0x00000000000039ec                CMP0_IRQHandler
                0x00000000000039f4                CMP1_IRQHandler
                0x00000000000039fc                FTM0_IRQHandler
                0x0000000000003a04                FTM1_IRQHandler
                0x0000000000003a0c                FTM2_IRQHandler
                0x0000000000003a14                Reserved61_IRQHandler
                0x0000000000003a1c                RTC_IRQHandler
                0x0000000000003a24                RTC_Seconds_IRQHandler
                0x0000000000003a2c                LPIT0_Ch0_IRQHandler
                0x0000000000003a34                LPIT0_Ch1_IRQHandler
                0x0000000000003a3c                LPIT0_Ch2_IRQHandler
                0x0000000000003a44                LPIT0_Ch3_IRQHandler
                0x0000000000003a4c                PDB0_IRQHandler
                0x0000000000003a54                Reserved69_IRQHandler
                0x0000000000003a5c                Reserved70_IRQHandler
                0x0000000000003a64                Reserved71_IRQHandler
                0x0000000000003a6c                DAC0_IRQHandler
                0x0000000000003a74                SCG_RCM_IRQHandler
                0x0000000000003a7c                LPTMR0_IRQHandler
                0x0000000000003a84                PORTA_IRQHandler
                0x0000000000003a8c                PORTB_IRQHandler
                0x0000000000003a94                PORTC_IRQHandler
                0x0000000000003a9c                PORTD_IRQHandler
                0x0000000000003aa4                PORTE_IRQHandler
                0x0000000000003aac                SWI_IRQHandler
                0x0000000000003ab4                Reserved81_IRQHandler
                0x0000000000003abc                Reserved82_IRQHandler
                0x0000000000003ac4                Reserved83_IRQHandler
                0x0000000000003acc                PDB1_IRQHandler
                0x0000000000003ad4                FLEXIO_IRQHandler
                0x0000000000003adc                CMP2_IRQHandler
                0x0000000000003ae4                FTM3_IRQHandler
                0x0000000000003aec                Reserved88_IRQHandler
                0x0000000000003af4                ADC1_IRQHandler
                0x0000000000003afc                ADC2_IRQHandler
                0x0000000000003b04                Reserved91_IRQHandler
                0x0000000000003b0c                Reserved92_IRQHandler
                0x0000000000003b14                PDB2_IRQHandler
                0x0000000000003b1c                CAN0_ORed_IRQHandler
                0x0000000000003b24                CAN0_Error_IRQHandler
                0x0000000000003b2c                CAN0_Wake_Up_IRQHandler
                0x0000000000003b34                CAN0_ORed_Message_buffer_IRQHandler
                0x0000000000003b3c                Reserved98_IRQHandler
                0x0000000000003b44                Reserved99_IRQHandler
                0x0000000000003b4c                Reserved100_IRQHandler
                0x0000000000003b54                CAN1_ORed_IRQHandler
                0x0000000000003b5c                CAN1_Error_IRQHandler
                0x0000000000003b64                CAN1_Wake_Up_IRQHandler
                0x0000000000003b6c                CAN1_ORed_Message_buffer_IRQHandler
 .text.abort    0x0000000000003b74        0xe /Applications/MCUXpressoIDE_10.2.1_795/ide/tools/bin/../lib/gcc/arm-none-eabi/7.2.1/../../../../arm-none-eabi/lib/thumb/v7e-m/libc_nano.a(lib_a-abort.o)
                0x0000000000003b74                abort
 .text.memcpy   0x0000000000003b82       0x16 /Applications/MCUXpressoIDE_10.2.1_795/ide/tools/bin/../lib/gcc/arm-none-eabi/7.2.1/../../../../arm-none-eabi/lib/thumb/v7e-m/libc_nano.a(lib_a-memcpy-stub.o)
                0x0000000000003b82                memcpy
 .text.memset   0x0000000000003b98       0x10 /Applications/MCUXpressoIDE_10.2.1_795/ide/tools/bin/../lib/gcc/arm-none-eabi/7.2.1/../../../../arm-none-eabi/lib/thumb/v7e-m/libc_nano.a(lib_a-memset.o)
                0x0000000000003b98                memset
 .text.__sfputc_r
                0x0000000000003ba8       0x2a /Applications/MCUXpressoIDE_10.2.1_795/ide/tools/bin/../lib/gcc/arm-none-eabi/7.2.1/../../../../arm-none-eabi/lib/thumb/v7e-m/libc_nano.a(lib_a-nano-vfprintf.o)
 .text.__sfputs_r
                0x0000000000003bd2       0x24 /Applications/MCUXpressoIDE_10.2.1_795/ide/tools/bin/../lib/gcc/arm-none-eabi/7.2.1/../../../../arm-none-eabi/lib/thumb/v7e-m/libc_nano.a(lib_a-nano-vfprintf.o)
                0x0000000000003bd2                __sfputs_r
 .text._printf_common
                0x0000000000003bf6       0xea /Applications/MCUXpressoIDE_10.2.1_795/ide/tools/bin/../lib/gcc/arm-none-eabi/7.2.1/../../../../arm-none-eabi/lib/thumb/v7e-m/libc_nano.a(lib_a-nano-vfprintf_i.o)
                0x0000000000003bf6                _printf_common
 .text._raise_r
                0x0000000000003ce0       0x50 /Applications/MCUXpressoIDE_10.2.1_795/ide/tools/bin/../lib/gcc/arm-none-eabi/7.2.1/../../../../arm-none-eabi/lib/thumb/v7e-m/libc_nano.a(lib_a-signal.o)
                0x0000000000003ce0                _raise_r
 .text._getpid_r
                0x0000000000003d30        0x4 /Applications/MCUXpressoIDE_10.2.1_795/ide/tools/bin/../lib/gcc/arm-none-eabi/7.2.1/../../../../arm-none-eabi/lib/thumb/v7e-m/libc_nano.a(lib_a-signalr.o)
                0x0000000000003d30                _getpid_r
 .text          0x0000000000003d34       0x10 /Applications/MCUXpressoIDE_10.2.1_795/ide/tools/bin/../lib/gcc/arm-none-eabi/7.2.1/../../../../arm-none-eabi/lib/thumb/v7e-m/libc_nano.a(lib_a-strlen.o)
                0x0000000000003d34                strlen
 .text.__sfmoreglue
                0x0000000000003d44       0x2c /Applications/MCUXpressoIDE_10.2.1_795/ide/tools/bin/../lib/gcc/arm-none-eabi/7.2.1/../../../../arm-none-eabi/lib/thumb/v7e-m/libc_nano.a(lib_a-findfp.o)
                0x0000000000003d44                __sfmoreglue
 .text._fwalk_reent
                0x0000000000003d70       0x3c /Applications/MCUXpressoIDE_10.2.1_795/ide/tools/bin/../lib/gcc/arm-none-eabi/7.2.1/../../../../arm-none-eabi/lib/thumb/v7e-m/libc_nano.a(lib_a-fwalk.o)
                0x0000000000003d70                _fwalk_reent
 .text.__swhatbuf_r
                0x0000000000003dac       0x48 /Applications/MCUXpressoIDE_10.2.1_795/ide/tools/bin/../lib/gcc/arm-none-eabi/7.2.1/../../../../arm-none-eabi/lib/thumb/v7e-m/libc_nano.a(lib_a-makebuf.o)
                0x0000000000003dac                __swhatbuf_r
 .text.__malloc_lock
                0x0000000000003df4        0x2 /Applications/MCUXpressoIDE_10.2.1_795/ide/tools/bin/../lib/gcc/arm-none-eabi/7.2.1/../../../../arm-none-eabi/lib/thumb/v7e-m/libc_nano.a(lib_a-mlock.o)
                0x0000000000003df4                __malloc_lock
 .text.__malloc_unlock
                0x0000000000003df6        0x2 /Applications/MCUXpressoIDE_10.2.1_795/ide/tools/bin/../lib/gcc/arm-none-eabi/7.2.1/../../../../arm-none-eabi/lib/thumb/v7e-m/libc_nano.a(lib_a-mlock.o)
                0x0000000000003df6                __malloc_unlock
 .text.__sread  0x0000000000003df8       0x22 /Applications/MCUXpressoIDE_10.2.1_795/ide/tools/bin/../lib/gcc/arm-none-eabi/7.2.1/../../../../arm-none-eabi/lib/thumb/v7e-m/libc_nano.a(lib_a-stdio.o)
                0x0000000000003df8                __sread
 .text.__swrite
                0x0000000000003e1a       0x38 /Applications/MCUXpressoIDE_10.2.1_795/ide/tools/bin/../lib/gcc/arm-none-eabi/7.2.1/../../../../arm-none-eabi/lib/thumb/v7e-m/libc_nano.a(lib_a-stdio.o)
                0x0000000000003e1a                __swrite
 .text.__sseek  0x0000000000003e52       0x24 /Applications/MCUXpressoIDE_10.2.1_795/ide/tools/bin/../lib/gcc/arm-none-eabi/7.2.1/../../../../arm-none-eabi/lib/thumb/v7e-m/libc_nano.a(lib_a-stdio.o)
                0x0000000000003e52                __sseek
 .text.__sclose
                0x0000000000003e76        0x8 /Applications/MCUXpressoIDE_10.2.1_795/ide/tools/bin/../lib/gcc/arm-none-eabi/7.2.1/../../../../arm-none-eabi/lib/thumb/v7e-m/libc_nano.a(lib_a-stdio.o)
                0x0000000000003e76                __sclose
 .text._exit    0x0000000000003e7e        0x2 /Applications/MCUXpressoIDE_10.2.1_795/ide/tools/bin/../lib/gcc/arm-none-eabi/7.2.1/../../../../arm-none-eabi/lib/thumb/v7e-m/libcr_newlib_nohost.a(_exit.o)
                0x0000000000003e7e                _exit
 *(SORT_BY_ALIGNMENT(.rodata) SORT_BY_ALIGNMENT(.rodata.*) SORT_BY_ALIGNMENT(.constdata) SORT_BY_ALIGNMENT(.constdata.*))
 .rodata.DbgConsole_Init.str1.4
                0x0000000000003e80       0x4d ./utilities/fsl_debug_console.o
 *fill*         0x0000000000003ecd        0x3 ff
 .rodata.__func__.6764
                0x0000000000003ed0       0x10 ./utilities/fsl_debug_console.o
 .rodata.IO_Init.str1.4
                0x0000000000003ee0       0x22 ./utilities/fsl_io.o
 *fill*         0x0000000000003f02        0x2 ff
 .rodata.__func__.6966
                0x0000000000003f04        0x8 ./utilities/fsl_io.o
 .rodata.LOG_Push.str1.4
                0x0000000000003f0c       0x23 ./utilities/fsl_log.o
 *fill*         0x0000000000003f2f        0x1 ff
 .rodata.__func__.6760
                0x0000000000003f30        0x9 ./utilities/fsl_log.o
 *fill*         0x0000000000003f39        0x3 ff
 .rodata.str1.4
                0x0000000000003f3c       0x30 ./source/MKE18F512xxx16_Project.o
 .rodata.CLOCK_GetErClkFreq.part.0.str1.4
                0x0000000000003f6c       0x23 ./drivers/fsl_clock.o
 *fill*         0x0000000000003f8f        0x1 ff
 .rodata.CLOCK_GetIpFreq.str1.4
                0x0000000000003f90       0x19 ./drivers/fsl_clock.o
 *fill*         0x0000000000003fa9        0x3 ff
 .rodata.CLOCK_InitSysOsc.str1.4
                0x0000000000003fac        0x7 ./drivers/fsl_clock.o
 *fill*         0x0000000000003fb3        0x1 ff
 .rodata.__func__.6751
                0x0000000000003fb4       0x10 ./drivers/fsl_clock.o
 .rodata.__func__.6798
                0x0000000000003fc4       0x14 ./drivers/fsl_clock.o
 .rodata.__func__.6811
                0x0000000000003fd8        0xf ./drivers/fsl_clock.o
 *fill*         0x0000000000003fe7        0x1 ff
 .rodata.__func__.6836
                0x0000000000003fe8        0xf ./drivers/fsl_clock.o
 *fill*         0x0000000000003ff7        0x1 ff
 .rodata.__func__.6880
                0x0000000000003ff8       0x11 ./drivers/fsl_clock.o
 *fill*         0x0000000000004009        0x3 ff
 .rodata.fircFreq.6848
                0x000000000000400c       0x10 ./drivers/fsl_clock.o
 .rodata.sircFreq.6823
                0x000000000000401c        0x8 ./drivers/fsl_clock.o
 .rodata.CRC_Init.str1.4
                0x0000000000004024       0x4b ./drivers/fsl_crc.o
 *fill*         0x000000000000406f        0x1 ff
 .rodata.__func__.6514
                0x0000000000004070       0x12 ./drivers/fsl_crc.o
 *fill*         0x0000000000004082        0x2 ff
 .rodata.GPIO_GetInstance.part.0.str1.4
                0x0000000000004084       0x3a ./drivers/fsl_gpio.o
 .rodata.GPIO_PinInit.str1.4
                0x00000000000040be        0x7 ./drivers/fsl_gpio.o
 *fill*         0x00000000000040be        0x2 ff
 .rodata.__func__.6783
                0x00000000000040c0        0xd ./drivers/fsl_gpio.o
 *fill*         0x00000000000040cd        0x3 ff
 .rodata.LPUART_GetInstance.part.2.str1.4
                0x00000000000040d0       0x25 ./drivers/fsl_lpuart.o
 *fill*         0x00000000000040f5        0x3 ff
 .rodata.LPUART_Init.str1.4
                0x00000000000040f8       0x97 ./drivers/fsl_lpuart.o
                                         0xeb (size before relaxing)
 *fill*         0x000000000000418f        0x1 ff
 .rodata.LPUART_ReadNonBlocking.str1.4
                0x0000000000004190       0x20 ./drivers/fsl_lpuart.o
 .rodata.__func__.6514
                0x00000000000041b0       0x12 ./drivers/fsl_lpuart.o
 *fill*         0x00000000000041c2        0x2 ff
 .rodata.__func__.6970
                0x00000000000041c4       0x13 ./drivers/fsl_lpuart.o
 *fill*         0x00000000000041d7        0x1 ff
 .rodata.__func__.7010
                0x00000000000041d8        0xc ./drivers/fsl_lpuart.o
 .rodata.__func__.7037
                0x00000000000041e4       0x18 ./drivers/fsl_lpuart.o
 .rodata.__func__.7083
                0x00000000000041fc       0x15 ./drivers/fsl_lpuart.o
 *fill*         0x0000000000004211        0x3 ff
 .rodata.__func__.7095
                0x0000000000004214       0x14 ./drivers/fsl_lpuart.o
 .rodata.BOARD_FastClock.str1.4
                0x0000000000004228       0x20 ./board/clock_config.o
                                         0x1f (size before relaxing)
 .rodata.CLOCK_SetIpSrc.part.2.str1.4
                0x0000000000004248       0x33 ./board/clock_config.o
 .rodata.__func__.6528
                0x0000000000004248        0xf ./board/clock_config.o
 *fill*         0x0000000000004257        0x1 ff
 .rodata.g_scgFircConfig_BOARD_FastClock
                0x0000000000004258        0xc ./board/clock_config.o
                0x0000000000004258                g_scgFircConfig_BOARD_FastClock
 .rodata.g_scgSircConfig_BOARD_FastClock
                0x0000000000004264        0x8 ./board/clock_config.o
                0x0000000000004264                g_scgSircConfig_BOARD_FastClock
 .rodata.g_scgSircConfig_BOARD_SlowClock
                0x000000000000426c        0x8 ./board/clock_config.o
                0x000000000000426c                g_scgSircConfig_BOARD_SlowClock
 .rodata.g_scgSysPllConfig_BOARD_FastClock
                0x0000000000004274       0x10 ./board/clock_config.o
                0x0000000000004274                g_scgSysPllConfig_BOARD_FastClock
 .rodata.g_sysClkConfig_BOARD_FastClock
                0x0000000000004284        0x4 ./board/clock_config.o
                0x0000000000004284                g_sysClkConfig_BOARD_FastClock
 .rodata.g_sysClkConfig_BOARD_SlowClock
                0x0000000000004288        0x4 ./board/clock_config.o
                0x0000000000004288                g_sysClkConfig_BOARD_SlowClock
 .rodata        0x000000000000428c        0x2 ./board/pin_mux.o
 .rodata.CLOCK_EnableClock.part.0.str1.4
                0x000000000000428e       0x4b ./board/pin_mux.o
 *fill*         0x000000000000428e        0x2 ff
 .rodata.__func__.6514
                0x0000000000004290       0x12 ./board/pin_mux.o
 *fill*         0x00000000000042a2        0x2 ff
 .rodata._global_impure_ptr
                0x00000000000042a4        0x4 /Applications/MCUXpressoIDE_10.2.1_795/ide/tools/bin/../lib/gcc/arm-none-eabi/7.2.1/../../../../arm-none-eabi/lib/thumb/v7e-m/libc_nano.a(lib_a-impure.o)
                0x00000000000042a4                _global_impure_ptr
 .rodata.__sf_fake_stderr
                0x00000000000042a8       0x20 /Applications/MCUXpressoIDE_10.2.1_795/ide/tools/bin/../lib/gcc/arm-none-eabi/7.2.1/../../../../arm-none-eabi/lib/thumb/v7e-m/libc_nano.a(lib_a-findfp.o)
                0x00000000000042a8                __sf_fake_stderr
 .rodata.__sf_fake_stdin
                0x00000000000042c8       0x20 /Applications/MCUXpressoIDE_10.2.1_795/ide/tools/bin/../lib/gcc/arm-none-eabi/7.2.1/../../../../arm-none-eabi/lib/thumb/v7e-m/libc_nano.a(lib_a-findfp.o)
                0x00000000000042c8                __sf_fake_stdin
 .rodata.__sf_fake_stdout
                0x00000000000042e8       0x20 /Applications/MCUXpressoIDE_10.2.1_795/ide/tools/bin/../lib/gcc/arm-none-eabi/7.2.1/../../../../arm-none-eabi/lib/thumb/v7e-m/libc_nano.a(lib_a-findfp.o)
                0x00000000000042e8                __sf_fake_stdout
 .rodata.__assert_func.str1.1
                0x0000000000004308       0x3c /Applications/MCUXpressoIDE_10.2.1_795/ide/tools/bin/../lib/gcc/arm-none-eabi/7.2.1/../../../../arm-none-eabi/lib/thumb/v7e-m/libc_nano.a(lib_a-assert.o)
                                         0x3d (size before relaxing)
 .rodata._vfprintf_r.str1.1
                0x0000000000004344       0x11 /Applications/MCUXpressoIDE_10.2.1_795/ide/tools/bin/../lib/gcc/arm-none-eabi/7.2.1/../../../../arm-none-eabi/lib/thumb/v7e-m/libc_nano.a(lib_a-nano-vfprintf.o)
 .rodata._printf_i.str1.1
                0x0000000000004355       0x22 /Applications/MCUXpressoIDE_10.2.1_795/ide/tools/bin/../lib/gcc/arm-none-eabi/7.2.1/../../../../arm-none-eabi/lib/thumb/v7e-m/libc_nano.a(lib_a-nano-vfprintf_i.o)
                0x0000000000004378                . = ALIGN (0x8)
 *fill*         0x0000000000004377        0x1 ff
                0x0000000000004378                . = ALIGN (0x8)
 *(SORT_BY_ALIGNMENT(.init))
 .init          0x0000000000004378        0x4 /Applications/MCUXpressoIDE_10.2.1_795/ide/tools/bin/../lib/gcc/arm-none-eabi/7.2.1/thumb/v7e-m/crti.o
                0x0000000000004378                _init
 .init          0x000000000000437c        0x8 /Applications/MCUXpressoIDE_10.2.1_795/ide/tools/bin/../lib/gcc/arm-none-eabi/7.2.1/thumb/v7e-m/crtn.o
                0x0000000000004388                . = ALIGN (0x8)
 *fill*         0x0000000000004384        0x4 ff
                0x0000000000004388                __preinit_array_start = .
 *(SORT_BY_ALIGNMENT(.preinit_array))
                0x0000000000004388                __preinit_array_end = .
                0x0000000000004388                . = ALIGN (0x8)
                0x0000000000004388                __init_array_start = .
 *(SORT_BY_NAME(SORT_BY_ALIGNMENT(.init_array.*)))
 *(SORT_BY_ALIGNMENT(.init_array))
 .init_array    0x0000000000004388        0x4 /Applications/MCUXpressoIDE_10.2.1_795/ide/tools/bin/../lib/gcc/arm-none-eabi/7.2.1/thumb/v7e-m/crtbegin.o
                0x000000000000438c                __init_array_end = .
 *(SORT_BY_ALIGNMENT(.fini))
 .fini          0x000000000000438c        0x4 /Applications/MCUXpressoIDE_10.2.1_795/ide/tools/bin/../lib/gcc/arm-none-eabi/7.2.1/thumb/v7e-m/crti.o
                0x000000000000438c                _fini
 .fini          0x0000000000004390        0x8 /Applications/MCUXpressoIDE_10.2.1_795/ide/tools/bin/../lib/gcc/arm-none-eabi/7.2.1/thumb/v7e-m/crtn.o
                0x0000000000004398                . = ALIGN (0x8)
 *crtbegin.o(SORT_BY_ALIGNMENT(.ctors))
 *(SORT_BY_ALIGNMENT(EXCLUDE_FILE(*crtend.o) .ctors))
 *(SORT_BY_NAME(SORT_BY_ALIGNMENT(.ctors.*)))
 *crtend.o(SORT_BY_ALIGNMENT(.ctors))
                0x0000000000004398                . = ALIGN (0x8)
 *crtbegin.o(SORT_BY_ALIGNMENT(.dtors))
 *(SORT_BY_ALIGNMENT(EXCLUDE_FILE(*crtend.o) .dtors))
 *(SORT_BY_NAME(SORT_BY_ALIGNMENT(.dtors.*)))
 *crtend.o(SORT_BY_ALIGNMENT(.dtors))
                0x0000000000004398                . = ALIGN (0x8)

.glue_7         0x0000000000004398        0x0
 .glue_7        0x0000000000004398        0x0 linker stubs

.glue_7t        0x0000000000004398        0x0
 .glue_7t       0x0000000000004398        0x0 linker stubs

.vfp11_veneer   0x0000000000004398        0x0
 .vfp11_veneer  0x0000000000004398        0x0 linker stubs

.v4_bx          0x0000000000004398        0x0
 .v4_bx         0x0000000000004398        0x0 linker stubs

.iplt           0x0000000000004398        0x0
 .iplt          0x0000000000004398        0x0 ./utilities/fsl_debug_console.o

.ARM.extab      0x0000000000004398      0x450
 *(SORT_BY_ALIGNMENT(.ARM.extab*) SORT_BY_ALIGNMENT(.gnu.linkonce.armextab.*))
 .ARM.extab     0x0000000000004398      0x42c ./startup/startup_mke18f16.o
 .ARM.extab.text.startup
                0x00000000000047c4        0xc ./source/MKE18F512xxx16_Project.o
 .ARM.extab     0x00000000000047d0       0x18 /Applications/MCUXpressoIDE_10.2.1_795/ide/tools/bin/../lib/gcc/arm-none-eabi/7.2.1/thumb/v7e-m/libgcc.a(pr-support.o)
                0x00000000000047e8                __exidx_start = .

.eh_frame       0x00000000000047e8        0x0
 .eh_frame      0x00000000000047e8        0x0 /Applications/MCUXpressoIDE_10.2.1_795/ide/tools/bin/../lib/gcc/arm-none-eabi/7.2.1/thumb/v7e-m/crtbegin.o

.ARM.exidx      0x00000000000047e8      0x3b0
 *(SORT_BY_ALIGNMENT(.ARM.exidx*) SORT_BY_ALIGNMENT(.gnu.linkonce.armexidx.*))
 .ARM.exidx.after_vectors
                0x00000000000047f0        0x8 ./startup/startup_mke18f16.o
                                         0x50 (size before relaxing)
 .ARM.exidx.after_vectors.init_data
                0x00000000000047f8        0x0 ./startup/startup_mke18f16.o
                                          0x8 (size before relaxing)
 .ARM.exidx.after_vectors.init_bss
                0x00000000000047f8        0x0 ./startup/startup_mke18f16.o
                                          0x8 (size before relaxing)
 .ARM.exidx.after_vectors.reset
                0x00000000000047e8        0x8 ./startup/startup_mke18f16.o
 .ARM.exidx     0x00000000000048c8      0x2d0 ./startup/startup_mke18f16.o
                                        0x2c8 (size before relaxing)
 .ARM.exidx     0x00000000000047f8       0x10 ./source/MKE18F512xxx16_Project.o
 .ARM.exidx.text.startup
                0x0000000000004808       0x10 ./source/MKE18F512xxx16_Project.o
                                          0x8 (size before relaxing)
 .ARM.exidx     0x0000000000004818       0x78 /Applications/MCUXpressoIDE_10.2.1_795/ide/tools/bin/../lib/gcc/arm-none-eabi/7.2.1/thumb/v7e-m/libgcc.a(unwind-arm.o)
                                         0xd8 (size before relaxing)
 .ARM.exidx     0x0000000000004890       0x38 /Applications/MCUXpressoIDE_10.2.1_795/ide/tools/bin/../lib/gcc/arm-none-eabi/7.2.1/thumb/v7e-m/libgcc.a(pr-support.o)
                                         0x48 (size before relaxing)
                0x0000000000004b98                __exidx_end = .
                0x0000000000004b98                _etext = .

.rel.dyn        0x0000000000004b98        0x0
 .rel.iplt      0x0000000000004b98        0x0 ./utilities/fsl_debug_console.o

.data_RAM2      0x000000001fff8000        0x0 load address 0x0000000000004b98
 FILL mask 0xff
                [!provide]                        PROVIDE (__start_data_RAM2, .)
 *(SORT_BY_ALIGNMENT(.ramfunc.$RAM2))
 *(SORT_BY_ALIGNMENT(.ramfunc.$SRAM_LOWER))
 *(SORT_BY_ALIGNMENT(.data.$RAM2*))
 *(SORT_BY_ALIGNMENT(.data.$SRAM_LOWER*))
                0x000000001fff8000                . = ALIGN (0x8)
                [!provide]                        PROVIDE (__end_data_RAM2, .)

.data_RAM3      0x0000000014000000        0x0 load address 0x0000000000004b98
 FILL mask 0xff
                [!provide]                        PROVIDE (__start_data_RAM3, .)
 *(SORT_BY_ALIGNMENT(.ramfunc.$RAM3))
 *(SORT_BY_ALIGNMENT(.ramfunc.$FLEX_RAM))
 *(SORT_BY_ALIGNMENT(.data.$RAM3*))
 *(SORT_BY_ALIGNMENT(.data.$FLEX_RAM*))
                0x0000000014000000                . = ALIGN (0x8)
                [!provide]                        PROVIDE (__end_data_RAM3, .)

.uninit_RESERVED
                0x0000000020000000        0x0
 *(SORT_BY_ALIGNMENT(.bss.$RESERVED*))
                0x0000000020000000                . = ALIGN (0x4)
                0x0000000020000000                _end_uninit_RESERVED = .

.data           0x0000000020000000       0x68 load address 0x0000000000004b98
 FILL mask 0xff
                0x0000000020000000                _data = .
 *(SORT_BY_ALIGNMENT(vtable))
 *(SORT_BY_ALIGNMENT(.ramfunc*))
 *(SORT_BY_ALIGNMENT(.data*))
 .data.SystemCoreClock
                0x0000000020000000        0x4 ./CMSIS/system_MKE18F16.o
                0x0000000020000000                SystemCoreClock
 .data._impure_ptr
                0x0000000020000004        0x4 /Applications/MCUXpressoIDE_10.2.1_795/ide/tools/bin/../lib/gcc/arm-none-eabi/7.2.1/../../../../arm-none-eabi/lib/thumb/v7e-m/libc_nano.a(lib_a-impure.o)
                0x0000000020000004                _impure_ptr
 .data.impure_data
                0x0000000020000008       0x60 /Applications/MCUXpressoIDE_10.2.1_795/ide/tools/bin/../lib/gcc/arm-none-eabi/7.2.1/../../../../arm-none-eabi/lib/thumb/v7e-m/libc_nano.a(lib_a-impure.o)
                0x0000000020000068                . = ALIGN (0x8)
                0x0000000020000068                _edata = .

.igot.plt       0x0000000020000068        0x0 load address 0x0000000000004c00
 .igot.plt      0x0000000020000068        0x0 ./utilities/fsl_debug_console.o

.bss_RAM2       0x000000001fff8000        0x0
                [!provide]                        PROVIDE (__start_bss_RAM2, .)
 *(SORT_BY_ALIGNMENT(.bss.$RAM2*))
 *(SORT_BY_ALIGNMENT(.bss.$SRAM_LOWER*))
                0x000000001fff8000                . = ALIGN ((. != 0x0)?0x8:0x1)
                [!provide]                        PROVIDE (__end_bss_RAM2, .)

.bss_RAM3       0x0000000014000000        0x0
                [!provide]                        PROVIDE (__start_bss_RAM3, .)
 *(SORT_BY_ALIGNMENT(.bss.$RAM3*))
 *(SORT_BY_ALIGNMENT(.bss.$FLEX_RAM*))
                0x0000000014000000                . = ALIGN ((. != 0x0)?0x8:0x1)
                [!provide]                        PROVIDE (__end_bss_RAM3, .)

.bss            0x0000000020000068       0x48
                0x0000000020000068                _bss = .
 *(SORT_BY_ALIGNMENT(.bss*))
 .bss.s_debugConsoleIO
                0x0000000020000068        0x8 ./utilities/fsl_io.o
 .bss.g_xtal0Freq
                0x0000000020000070        0x4 ./drivers/fsl_clock.o
                0x0000000020000070                g_xtal0Freq
 .bss.s_lpuartHandle
                0x0000000020000074        0xc ./drivers/fsl_lpuart.o
 .bss.s_lpuartIsr
                0x0000000020000080        0x4 ./drivers/fsl_lpuart.o
 .bss.__malloc_free_list
                0x0000000020000084        0x4 /Applications/MCUXpressoIDE_10.2.1_795/ide/tools/bin/../lib/gcc/arm-none-eabi/7.2.1/../../../../arm-none-eabi/lib/thumb/v7e-m/libc_nano.a(lib_a-nano-mallocr.o)
                0x0000000020000084                __malloc_free_list
 .bss.__malloc_sbrk_start
                0x0000000020000088        0x4 /Applications/MCUXpressoIDE_10.2.1_795/ide/tools/bin/../lib/gcc/arm-none-eabi/7.2.1/../../../../arm-none-eabi/lib/thumb/v7e-m/libc_nano.a(lib_a-nano-mallocr.o)
                0x0000000020000088                __malloc_sbrk_start
 .bss.__end_of_heap
                0x000000002000008c        0x4 /Applications/MCUXpressoIDE_10.2.1_795/ide/tools/bin/../lib/gcc/arm-none-eabi/7.2.1/../../../../arm-none-eabi/lib/thumb/v7e-m/libcr_newlib_nohost.a(_cr_sbrk.o)
                0x000000002000008c                __end_of_heap
 .bss           0x0000000020000090       0x1c /Applications/MCUXpressoIDE_10.2.1_795/ide/tools/bin/../lib/gcc/arm-none-eabi/7.2.1/thumb/v7e-m/crtbegin.o
 *(SORT_BY_ALIGNMENT(COMMON))
 COMMON         0x00000000200000ac        0x4 /Applications/MCUXpressoIDE_10.2.1_795/ide/tools/bin/../lib/gcc/arm-none-eabi/7.2.1/../../../../arm-none-eabi/lib/thumb/v7e-m/libc_nano.a(lib_a-reent.o)
                0x00000000200000ac                errno
                0x00000000200000b0                . = ALIGN (0x8)
                0x00000000200000b0                _ebss = .
                [!provide]                        PROVIDE (end, .)

.noinit_RAM2    0x000000001fff8000        0x0
 *(SORT_BY_ALIGNMENT(.noinit.$RAM2*))
 *(SORT_BY_ALIGNMENT(.noinit.$SRAM_LOWER*))
                0x000000001fff8000                . = ALIGN (0x8)

.noinit_RAM3    0x0000000014000000        0x0
 *(SORT_BY_ALIGNMENT(.noinit.$RAM3*))
 *(SORT_BY_ALIGNMENT(.noinit.$FLEX_RAM*))
                0x0000000014000000                . = ALIGN (0x8)

.noinit         0x00000000200000b0        0x0
                0x00000000200000b0                _noinit = .
 *(SORT_BY_ALIGNMENT(.noinit*))
                0x00000000200000b0                . = ALIGN (0x8)
                0x00000000200000b0                _end_noinit = .
                0x0000000000000800                _HeapSize = 0x800

.heap           0x00000000200000b0      0x800
                0x00000000200000b0                _pvHeapStart = .
                0x00000000200008b0                . = (. + _HeapSize)
 *fill*         0x00000000200000b0      0x800 
                0x00000000200008b0                . = ALIGN (0x8)
                0x00000000200008b0                _pvHeapLimit = .
                0x0000000000000800                _StackSize = 0x800

.heap2stackfill
                0x00000000200008b0      0x800
                0x00000000200010b0                . = (. + _StackSize)
 *fill*         0x00000000200008b0      0x800 

.stack          0x0000000020007800        0x0
                0x0000000020007800                _vStackBase = .
                0x0000000020007800                . = ALIGN (0x8)
                0x0000000020008000                _vStackTop = (. + _StackSize)
                0x0000000000000000                _image_start = LOADADDR (.text)
                0x0000000000004c00                _image_end = (LOADADDR (.data) + SIZEOF (.data))
                0x0000000000004c00                _image_size = (_image_end - _image_start)
OUTPUT(MKE18F512xxx16_Project.axf elf32-littlearm)

.debug_info     0x0000000000000000    0x19679
 .debug_info    0x0000000000000000      0xd41 ./utilities/fsl_debug_console.o
 .debug_info    0x0000000000000d41     0x116e ./utilities/fsl_io.o
 .debug_info    0x0000000000001eaf      0xd86 ./utilities/fsl_log.o
 .debug_info    0x0000000000002c35     0x1000 ./utilities/fsl_str.o
 .debug_info    0x0000000000003c35      0xc64 ./startup/startup_mke18f16.o
 .debug_info    0x0000000000004899     0x1b6d ./source/MKE18F512xxx16_Project.o
 .debug_info    0x0000000000006406       0x3b ./source/semihost_hardfault.o
 .debug_info    0x0000000000006441     0x256a ./drivers/fsl_clock.o
 .debug_info    0x00000000000089ab     0x1175 ./drivers/fsl_crc.o
 .debug_info    0x0000000000009b20      0xf83 ./drivers/fsl_gpio.o
 .debug_info    0x000000000000aaa3     0x32af ./drivers/fsl_lpuart.o
 .debug_info    0x000000000000dd52     0x12a2 ./drivers/fsl_smc.o
 .debug_info    0x000000000000eff4     0x1084 ./board/board.o
 .debug_info    0x0000000000010078     0x1b46 ./board/clock_config.o
 .debug_info    0x0000000000011bbe       0x3b ./board/peripherals.o
 .debug_info    0x0000000000011bf9     0x2248 ./board/pin_mux.o
 .debug_info    0x0000000000013e41      0x3ed ./CMSIS/system_MKE18F16.o
 .debug_info    0x000000000001422e      0x95f /Applications/MCUXpressoIDE_10.2.1_795/ide/tools/bin/../lib/gcc/arm-none-eabi/7.2.1/../../../../arm-none-eabi/lib/thumb/v7e-m/libcr_newlib_nohost.a(_cr_sbrk.o)
 .debug_info    0x0000000000014b8d       0x9a /Applications/MCUXpressoIDE_10.2.1_795/ide/tools/bin/../lib/gcc/arm-none-eabi/7.2.1/../../../../arm-none-eabi/lib/thumb/v7e-m/libcr_newlib_nohost.a(_exit.o)
 .debug_info    0x0000000000014c27      0x8f0 /Applications/MCUXpressoIDE_10.2.1_795/ide/tools/bin/../lib/gcc/arm-none-eabi/7.2.1/../../../../arm-none-eabi/lib/thumb/v7e-m/libcr_newlib_nohost.a(close.o)
 .debug_info    0x0000000000015517      0xb07 /Applications/MCUXpressoIDE_10.2.1_795/ide/tools/bin/../lib/gcc/arm-none-eabi/7.2.1/../../../../arm-none-eabi/lib/thumb/v7e-m/libcr_newlib_nohost.a(fstat.o)
 .debug_info    0x000000000001601e      0x8e0 /Applications/MCUXpressoIDE_10.2.1_795/ide/tools/bin/../lib/gcc/arm-none-eabi/7.2.1/../../../../arm-none-eabi/lib/thumb/v7e-m/libcr_newlib_nohost.a(getpid.o)
 .debug_info    0x00000000000168fe      0x8f0 /Applications/MCUXpressoIDE_10.2.1_795/ide/tools/bin/../lib/gcc/arm-none-eabi/7.2.1/../../../../arm-none-eabi/lib/thumb/v7e-m/libcr_newlib_nohost.a(isatty.o)
 .debug_info    0x00000000000171ee      0x8fd /Applications/MCUXpressoIDE_10.2.1_795/ide/tools/bin/../lib/gcc/arm-none-eabi/7.2.1/../../../../arm-none-eabi/lib/thumb/v7e-m/libcr_newlib_nohost.a(kill.o)
 .debug_info    0x0000000000017aeb      0x90c /Applications/MCUXpressoIDE_10.2.1_795/ide/tools/bin/../lib/gcc/arm-none-eabi/7.2.1/../../../../arm-none-eabi/lib/thumb/v7e-m/libcr_newlib_nohost.a(lseek.o)
 .debug_info    0x00000000000183f7      0x90c /Applications/MCUXpressoIDE_10.2.1_795/ide/tools/bin/../lib/gcc/arm-none-eabi/7.2.1/../../../../arm-none-eabi/lib/thumb/v7e-m/libcr_newlib_nohost.a(read.o)
 .debug_info    0x0000000000018d03      0x90c /Applications/MCUXpressoIDE_10.2.1_795/ide/tools/bin/../lib/gcc/arm-none-eabi/7.2.1/../../../../arm-none-eabi/lib/thumb/v7e-m/libcr_newlib_nohost.a(write.o)
 .debug_info    0x000000000001960f       0x6a /Applications/MCUXpressoIDE_10.2.1_795/ide/tools/bin/../lib/gcc/arm-none-eabi/7.2.1/../../../../arm-none-eabi/lib/thumb/v7e-m/libcr_newlib_nohost.a(_cr_check_heap.o)

.debug_abbrev   0x0000000000000000     0x4299
 .debug_abbrev  0x0000000000000000      0x2e2 ./utilities/fsl_debug_console.o
 .debug_abbrev  0x00000000000002e2      0x317 ./utilities/fsl_io.o
 .debug_abbrev  0x00000000000005f9      0x318 ./utilities/fsl_log.o
 .debug_abbrev  0x0000000000000911      0x372 ./utilities/fsl_str.o
 .debug_abbrev  0x0000000000000c83      0x15a ./startup/startup_mke18f16.o
 .debug_abbrev  0x0000000000000ddd      0x4d0 ./source/MKE18F512xxx16_Project.o
 .debug_abbrev  0x00000000000012ad       0x2f ./source/semihost_hardfault.o
 .debug_abbrev  0x00000000000012dc      0x490 ./drivers/fsl_clock.o
 .debug_abbrev  0x000000000000176c      0x35a ./drivers/fsl_crc.o
 .debug_abbrev  0x0000000000001ac6      0x30c ./drivers/fsl_gpio.o
 .debug_abbrev  0x0000000000001dd2      0x517 ./drivers/fsl_lpuart.o
 .debug_abbrev  0x00000000000022e9      0x34b ./drivers/fsl_smc.o
 .debug_abbrev  0x0000000000002634      0x272 ./board/board.o
 .debug_abbrev  0x00000000000028a6      0x42b ./board/clock_config.o
 .debug_abbrev  0x0000000000002cd1       0x2f ./board/peripherals.o
 .debug_abbrev  0x0000000000002d00      0x304 ./board/pin_mux.o
 .debug_abbrev  0x0000000000003004      0x15f ./CMSIS/system_MKE18F16.o
 .debug_abbrev  0x0000000000003163      0x223 /Applications/MCUXpressoIDE_10.2.1_795/ide/tools/bin/../lib/gcc/arm-none-eabi/7.2.1/../../../../arm-none-eabi/lib/thumb/v7e-m/libcr_newlib_nohost.a(_cr_sbrk.o)
 .debug_abbrev  0x0000000000003386       0x5e /Applications/MCUXpressoIDE_10.2.1_795/ide/tools/bin/../lib/gcc/arm-none-eabi/7.2.1/../../../../arm-none-eabi/lib/thumb/v7e-m/libcr_newlib_nohost.a(_exit.o)
 .debug_abbrev  0x00000000000033e4      0x1bd /Applications/MCUXpressoIDE_10.2.1_795/ide/tools/bin/../lib/gcc/arm-none-eabi/7.2.1/../../../../arm-none-eabi/lib/thumb/v7e-m/libcr_newlib_nohost.a(close.o)
 .debug_abbrev  0x00000000000035a1      0x1ce /Applications/MCUXpressoIDE_10.2.1_795/ide/tools/bin/../lib/gcc/arm-none-eabi/7.2.1/../../../../arm-none-eabi/lib/thumb/v7e-m/libcr_newlib_nohost.a(fstat.o)
 .debug_abbrev  0x000000000000376f      0x1ae /Applications/MCUXpressoIDE_10.2.1_795/ide/tools/bin/../lib/gcc/arm-none-eabi/7.2.1/../../../../arm-none-eabi/lib/thumb/v7e-m/libcr_newlib_nohost.a(getpid.o)
 .debug_abbrev  0x000000000000391d      0x1bd /Applications/MCUXpressoIDE_10.2.1_795/ide/tools/bin/../lib/gcc/arm-none-eabi/7.2.1/../../../../arm-none-eabi/lib/thumb/v7e-m/libcr_newlib_nohost.a(isatty.o)
 .debug_abbrev  0x0000000000003ada      0x1cc /Applications/MCUXpressoIDE_10.2.1_795/ide/tools/bin/../lib/gcc/arm-none-eabi/7.2.1/../../../../arm-none-eabi/lib/thumb/v7e-m/libcr_newlib_nohost.a(kill.o)
 .debug_abbrev  0x0000000000003ca6      0x1db /Applications/MCUXpressoIDE_10.2.1_795/ide/tools/bin/../lib/gcc/arm-none-eabi/7.2.1/../../../../arm-none-eabi/lib/thumb/v7e-m/libcr_newlib_nohost.a(lseek.o)
 .debug_abbrev  0x0000000000003e81      0x1db /Applications/MCUXpressoIDE_10.2.1_795/ide/tools/bin/../lib/gcc/arm-none-eabi/7.2.1/../../../../arm-none-eabi/lib/thumb/v7e-m/libcr_newlib_nohost.a(read.o)
 .debug_abbrev  0x000000000000405c      0x1db /Applications/MCUXpressoIDE_10.2.1_795/ide/tools/bin/../lib/gcc/arm-none-eabi/7.2.1/../../../../arm-none-eabi/lib/thumb/v7e-m/libcr_newlib_nohost.a(write.o)
 .debug_abbrev  0x0000000000004237       0x62 /Applications/MCUXpressoIDE_10.2.1_795/ide/tools/bin/../lib/gcc/arm-none-eabi/7.2.1/../../../../arm-none-eabi/lib/thumb/v7e-m/libcr_newlib_nohost.a(_cr_check_heap.o)

.debug_loc      0x0000000000000000     0x5dbf
 .debug_loc     0x0000000000000000      0x211 ./utilities/fsl_debug_console.o
 .debug_loc     0x0000000000000211      0x267 ./utilities/fsl_io.o
 .debug_loc     0x0000000000000478      0x377 ./utilities/fsl_log.o
 .debug_loc     0x00000000000007ef      0xe46 ./utilities/fsl_str.o
 .debug_loc     0x0000000000001635      0x1f2 ./startup/startup_mke18f16.o
 .debug_loc     0x0000000000001827      0x155 ./source/MKE18F512xxx16_Project.o
 .debug_loc     0x000000000000197c      0xdc7 ./drivers/fsl_clock.o
 .debug_loc     0x0000000000002743      0x323 ./drivers/fsl_crc.o
 .debug_loc     0x0000000000002a66      0x330 ./drivers/fsl_gpio.o
 .debug_loc     0x0000000000002d96     0x1b55 ./drivers/fsl_lpuart.o
 .debug_loc     0x00000000000048eb      0x208 ./drivers/fsl_smc.o
 .debug_loc     0x0000000000004af3       0x1e ./board/board.o
 .debug_loc     0x0000000000004b11      0x18e ./board/clock_config.o
 .debug_loc     0x0000000000004c9f      0xee8 ./board/pin_mux.o
 .debug_loc     0x0000000000005b87       0x75 ./CMSIS/system_MKE18F16.o
 .debug_loc     0x0000000000005bfc       0x3f /Applications/MCUXpressoIDE_10.2.1_795/ide/tools/bin/../lib/gcc/arm-none-eabi/7.2.1/../../../../arm-none-eabi/lib/thumb/v7e-m/libcr_newlib_nohost.a(_cr_sbrk.o)
 .debug_loc     0x0000000000005c3b       0x21 /Applications/MCUXpressoIDE_10.2.1_795/ide/tools/bin/../lib/gcc/arm-none-eabi/7.2.1/../../../../arm-none-eabi/lib/thumb/v7e-m/libcr_newlib_nohost.a(close.o)
 .debug_loc     0x0000000000005c5c       0x21 /Applications/MCUXpressoIDE_10.2.1_795/ide/tools/bin/../lib/gcc/arm-none-eabi/7.2.1/../../../../arm-none-eabi/lib/thumb/v7e-m/libcr_newlib_nohost.a(fstat.o)
 .debug_loc     0x0000000000005c7d       0x21 /Applications/MCUXpressoIDE_10.2.1_795/ide/tools/bin/../lib/gcc/arm-none-eabi/7.2.1/../../../../arm-none-eabi/lib/thumb/v7e-m/libcr_newlib_nohost.a(isatty.o)
 .debug_loc     0x0000000000005c9e       0x21 /Applications/MCUXpressoIDE_10.2.1_795/ide/tools/bin/../lib/gcc/arm-none-eabi/7.2.1/../../../../arm-none-eabi/lib/thumb/v7e-m/libcr_newlib_nohost.a(kill.o)
 .debug_loc     0x0000000000005cbf       0x42 /Applications/MCUXpressoIDE_10.2.1_795/ide/tools/bin/../lib/gcc/arm-none-eabi/7.2.1/../../../../arm-none-eabi/lib/thumb/v7e-m/libcr_newlib_nohost.a(lseek.o)
 .debug_loc     0x0000000000005d01       0x42 /Applications/MCUXpressoIDE_10.2.1_795/ide/tools/bin/../lib/gcc/arm-none-eabi/7.2.1/../../../../arm-none-eabi/lib/thumb/v7e-m/libcr_newlib_nohost.a(read.o)
 .debug_loc     0x0000000000005d43       0x42 /Applications/MCUXpressoIDE_10.2.1_795/ide/tools/bin/../lib/gcc/arm-none-eabi/7.2.1/../../../../arm-none-eabi/lib/thumb/v7e-m/libcr_newlib_nohost.a(write.o)
 .debug_loc     0x0000000000005d85       0x3a /Applications/MCUXpressoIDE_10.2.1_795/ide/tools/bin/../lib/gcc/arm-none-eabi/7.2.1/../../../../arm-none-eabi/lib/thumb/v7e-m/libcr_newlib_nohost.a(_cr_check_heap.o)

.debug_aranges  0x0000000000000000      0x718
 .debug_aranges
                0x0000000000000000       0x58 ./utilities/fsl_debug_console.o
 .debug_aranges
                0x0000000000000058       0x38 ./utilities/fsl_io.o
 .debug_aranges
                0x0000000000000090       0x50 ./utilities/fsl_log.o
 .debug_aranges
                0x00000000000000e0       0x30 ./utilities/fsl_str.o
 .debug_aranges
                0x0000000000000110       0x88 ./startup/startup_mke18f16.o
 .debug_aranges
                0x0000000000000198       0x28 ./source/MKE18F512xxx16_Project.o
 .debug_aranges
                0x00000000000001c0       0x20 ./source/semihost_hardfault.o
 .debug_aranges
                0x00000000000001e0      0x110 ./drivers/fsl_clock.o
 .debug_aranges
                0x00000000000002f0       0x40 ./drivers/fsl_crc.o
 .debug_aranges
                0x0000000000000330       0x38 ./drivers/fsl_gpio.o
 .debug_aranges
                0x0000000000000368      0x108 ./drivers/fsl_lpuart.o
 .debug_aranges
                0x0000000000000470       0x70 ./drivers/fsl_smc.o
 .debug_aranges
                0x00000000000004e0       0x20 ./board/board.o
 .debug_aranges
                0x0000000000000500       0x38 ./board/clock_config.o
 .debug_aranges
                0x0000000000000538       0x20 ./board/peripherals.o
 .debug_aranges
                0x0000000000000558       0x30 ./board/pin_mux.o
 .debug_aranges
                0x0000000000000588       0x30 ./CMSIS/system_MKE18F16.o
 .debug_aranges
                0x00000000000005b8       0x20 /Applications/MCUXpressoIDE_10.2.1_795/ide/tools/bin/../lib/gcc/arm-none-eabi/7.2.1/../../../../arm-none-eabi/lib/thumb/v7e-m/libcr_newlib_nohost.a(_cr_sbrk.o)
 .debug_aranges
                0x00000000000005d8       0x20 /Applications/MCUXpressoIDE_10.2.1_795/ide/tools/bin/../lib/gcc/arm-none-eabi/7.2.1/../../../../arm-none-eabi/lib/thumb/v7e-m/libcr_newlib_nohost.a(_exit.o)
 .debug_aranges
                0x00000000000005f8       0x20 /Applications/MCUXpressoIDE_10.2.1_795/ide/tools/bin/../lib/gcc/arm-none-eabi/7.2.1/../../../../arm-none-eabi/lib/thumb/v7e-m/libcr_newlib_nohost.a(close.o)
 .debug_aranges
                0x0000000000000618       0x20 /Applications/MCUXpressoIDE_10.2.1_795/ide/tools/bin/../lib/gcc/arm-none-eabi/7.2.1/../../../../arm-none-eabi/lib/thumb/v7e-m/libcr_newlib_nohost.a(fstat.o)
 .debug_aranges
                0x0000000000000638       0x20 /Applications/MCUXpressoIDE_10.2.1_795/ide/tools/bin/../lib/gcc/arm-none-eabi/7.2.1/../../../../arm-none-eabi/lib/thumb/v7e-m/libcr_newlib_nohost.a(getpid.o)
 .debug_aranges
                0x0000000000000658       0x20 /Applications/MCUXpressoIDE_10.2.1_795/ide/tools/bin/../lib/gcc/arm-none-eabi/7.2.1/../../../../arm-none-eabi/lib/thumb/v7e-m/libcr_newlib_nohost.a(isatty.o)
 .debug_aranges
                0x0000000000000678       0x20 /Applications/MCUXpressoIDE_10.2.1_795/ide/tools/bin/../lib/gcc/arm-none-eabi/7.2.1/../../../../arm-none-eabi/lib/thumb/v7e-m/libcr_newlib_nohost.a(kill.o)
 .debug_aranges
                0x0000000000000698       0x20 /Applications/MCUXpressoIDE_10.2.1_795/ide/tools/bin/../lib/gcc/arm-none-eabi/7.2.1/../../../../arm-none-eabi/lib/thumb/v7e-m/libcr_newlib_nohost.a(lseek.o)
 .debug_aranges
                0x00000000000006b8       0x20 /Applications/MCUXpressoIDE_10.2.1_795/ide/tools/bin/../lib/gcc/arm-none-eabi/7.2.1/../../../../arm-none-eabi/lib/thumb/v7e-m/libcr_newlib_nohost.a(read.o)
 .debug_aranges
                0x00000000000006d8       0x20 /Applications/MCUXpressoIDE_10.2.1_795/ide/tools/bin/../lib/gcc/arm-none-eabi/7.2.1/../../../../arm-none-eabi/lib/thumb/v7e-m/libcr_newlib_nohost.a(write.o)
 .debug_aranges
                0x00000000000006f8       0x20 /Applications/MCUXpressoIDE_10.2.1_795/ide/tools/bin/../lib/gcc/arm-none-eabi/7.2.1/../../../../arm-none-eabi/lib/thumb/v7e-m/libcr_newlib_nohost.a(_cr_check_heap.o)

.debug_ranges   0x0000000000000000      0xc90
 .debug_ranges  0x0000000000000000       0x48 ./utilities/fsl_debug_console.o
 .debug_ranges  0x0000000000000048       0x28 ./utilities/fsl_io.o
 .debug_ranges  0x0000000000000070       0x58 ./utilities/fsl_log.o
 .debug_ranges  0x00000000000000c8       0x80 ./utilities/fsl_str.o
 .debug_ranges  0x0000000000000148       0x78 ./startup/startup_mke18f16.o
 .debug_ranges  0x00000000000001c0       0x90 ./source/MKE18F512xxx16_Project.o
 .debug_ranges  0x0000000000000250       0x10 ./source/semihost_hardfault.o
 .debug_ranges  0x0000000000000260      0x2a0 ./drivers/fsl_clock.o
 .debug_ranges  0x0000000000000500      0x110 ./drivers/fsl_crc.o
 .debug_ranges  0x0000000000000610       0x70 ./drivers/fsl_gpio.o
 .debug_ranges  0x0000000000000680      0x2a8 ./drivers/fsl_lpuart.o
 .debug_ranges  0x0000000000000928       0x60 ./drivers/fsl_smc.o
 .debug_ranges  0x0000000000000988       0x10 ./board/board.o
 .debug_ranges  0x0000000000000998       0xe0 ./board/clock_config.o
 .debug_ranges  0x0000000000000a78       0x10 ./board/peripherals.o
 .debug_ranges  0x0000000000000a88      0x138 ./board/pin_mux.o
 .debug_ranges  0x0000000000000bc0       0x20 ./CMSIS/system_MKE18F16.o
 .debug_ranges  0x0000000000000be0       0x10 /Applications/MCUXpressoIDE_10.2.1_795/ide/tools/bin/../lib/gcc/arm-none-eabi/7.2.1/../../../../arm-none-eabi/lib/thumb/v7e-m/libcr_newlib_nohost.a(_cr_sbrk.o)
 .debug_ranges  0x0000000000000bf0       0x10 /Applications/MCUXpressoIDE_10.2.1_795/ide/tools/bin/../lib/gcc/arm-none-eabi/7.2.1/../../../../arm-none-eabi/lib/thumb/v7e-m/libcr_newlib_nohost.a(_exit.o)
 .debug_ranges  0x0000000000000c00       0x10 /Applications/MCUXpressoIDE_10.2.1_795/ide/tools/bin/../lib/gcc/arm-none-eabi/7.2.1/../../../../arm-none-eabi/lib/thumb/v7e-m/libcr_newlib_nohost.a(close.o)
 .debug_ranges  0x0000000000000c10       0x10 /Applications/MCUXpressoIDE_10.2.1_795/ide/tools/bin/../lib/gcc/arm-none-eabi/7.2.1/../../../../arm-none-eabi/lib/thumb/v7e-m/libcr_newlib_nohost.a(fstat.o)
 .debug_ranges  0x0000000000000c20       0x10 /Applications/MCUXpressoIDE_10.2.1_795/ide/tools/bin/../lib/gcc/arm-none-eabi/7.2.1/../../../../arm-none-eabi/lib/thumb/v7e-m/libcr_newlib_nohost.a(getpid.o)
 .debug_ranges  0x0000000000000c30       0x10 /Applications/MCUXpressoIDE_10.2.1_795/ide/tools/bin/../lib/gcc/arm-none-eabi/7.2.1/../../../../arm-none-eabi/lib/thumb/v7e-m/libcr_newlib_nohost.a(isatty.o)
 .debug_ranges  0x0000000000000c40       0x10 /Applications/MCUXpressoIDE_10.2.1_795/ide/tools/bin/../lib/gcc/arm-none-eabi/7.2.1/../../../../arm-none-eabi/lib/thumb/v7e-m/libcr_newlib_nohost.a(kill.o)
 .debug_ranges  0x0000000000000c50       0x10 /Applications/MCUXpressoIDE_10.2.1_795/ide/tools/bin/../lib/gcc/arm-none-eabi/7.2.1/../../../../arm-none-eabi/lib/thumb/v7e-m/libcr_newlib_nohost.a(lseek.o)
 .debug_ranges  0x0000000000000c60       0x10 /Applications/MCUXpressoIDE_10.2.1_795/ide/tools/bin/../lib/gcc/arm-none-eabi/7.2.1/../../../../arm-none-eabi/lib/thumb/v7e-m/libcr_newlib_nohost.a(read.o)
 .debug_ranges  0x0000000000000c70       0x10 /Applications/MCUXpressoIDE_10.2.1_795/ide/tools/bin/../lib/gcc/arm-none-eabi/7.2.1/../../../../arm-none-eabi/lib/thumb/v7e-m/libcr_newlib_nohost.a(write.o)
 .debug_ranges  0x0000000000000c80       0x10 /Applications/MCUXpressoIDE_10.2.1_795/ide/tools/bin/../lib/gcc/arm-none-eabi/7.2.1/../../../../arm-none-eabi/lib/thumb/v7e-m/libcr_newlib_nohost.a(_cr_check_heap.o)

.debug_macro    0x0000000000000000    0x12242
 .debug_macro   0x0000000000000000      0x1ff ./utilities/fsl_debug_console.o
 .debug_macro   0x00000000000001ff      0xa84 ./utilities/fsl_debug_console.o
 .debug_macro   0x0000000000000c83       0x58 ./utilities/fsl_debug_console.o
 .debug_macro   0x0000000000000cdb       0x17 ./utilities/fsl_debug_console.o
 .debug_macro   0x0000000000000cf2       0x22 ./utilities/fsl_debug_console.o
 .debug_macro   0x0000000000000d14       0x52 ./utilities/fsl_debug_console.o
 .debug_macro   0x0000000000000d66       0x8d ./utilities/fsl_debug_console.o
 .debug_macro   0x0000000000000df3       0x35 ./utilities/fsl_debug_console.o
 .debug_macro   0x0000000000000e28       0x9c ./utilities/fsl_debug_console.o
 .debug_macro   0x0000000000000ec4       0x16 ./utilities/fsl_debug_console.o
 .debug_macro   0x0000000000000eda      0x10e ./utilities/fsl_debug_console.o
 .debug_macro   0x0000000000000fe8       0x8d ./utilities/fsl_debug_console.o
 .debug_macro   0x0000000000001075       0x57 ./utilities/fsl_debug_console.o
 .debug_macro   0x00000000000010cc       0x58 ./utilities/fsl_debug_console.o
 .debug_macro   0x0000000000001124       0x1f ./utilities/fsl_debug_console.o
 .debug_macro   0x0000000000001143       0x43 ./utilities/fsl_debug_console.o
 .debug_macro   0x0000000000001186       0x20 ./utilities/fsl_debug_console.o
 .debug_macro   0x00000000000011a6      0x18e ./utilities/fsl_debug_console.o
 .debug_macro   0x0000000000001334      0x330 ./utilities/fsl_debug_console.o
 .debug_macro   0x0000000000001664       0x16 ./utilities/fsl_debug_console.o
 .debug_macro   0x000000000000167a       0x29 ./utilities/fsl_debug_console.o
 .debug_macro   0x00000000000016a3       0x1c ./utilities/fsl_debug_console.o
 .debug_macro   0x00000000000016bf       0x22 ./utilities/fsl_debug_console.o
 .debug_macro   0x00000000000016e1      0x34e ./utilities/fsl_debug_console.o
 .debug_macro   0x0000000000001a2f       0x16 ./utilities/fsl_debug_console.o
 .debug_macro   0x0000000000001a45       0x35 ./utilities/fsl_debug_console.o
 .debug_macro   0x0000000000001a7a       0x10 ./utilities/fsl_debug_console.o
 .debug_macro   0x0000000000001a8a       0x57 ./utilities/fsl_debug_console.o
 .debug_macro   0x0000000000001ae1       0x1c ./utilities/fsl_debug_console.o
 .debug_macro   0x0000000000001afd       0x22 ./utilities/fsl_debug_console.o
 .debug_macro   0x0000000000001b1f       0xd9 ./utilities/fsl_debug_console.o
 .debug_macro   0x0000000000001bf8      0xecf ./utilities/fsl_debug_console.o
 .debug_macro   0x0000000000002ac7       0x3a ./utilities/fsl_debug_console.o
 .debug_macro   0x0000000000002b01     0x9be7 ./utilities/fsl_debug_console.o
 .debug_macro   0x000000000000c6e8      0x9c9 ./utilities/fsl_debug_console.o
 .debug_macro   0x000000000000d0b1       0x52 ./utilities/fsl_debug_console.o
 .debug_macro   0x000000000000d103       0xc8 ./utilities/fsl_debug_console.o
 .debug_macro   0x000000000000d1cb       0x7b ./utilities/fsl_debug_console.o
 .debug_macro   0x000000000000d246       0x1c ./utilities/fsl_debug_console.o
 .debug_macro   0x000000000000d262       0x57 ./utilities/fsl_debug_console.o
 .debug_macro   0x000000000000d2b9      0x1f2 ./utilities/fsl_io.o
 .debug_macro   0x000000000000d4ab      0x174 ./utilities/fsl_io.o
 .debug_macro   0x000000000000d61f       0x10 ./utilities/fsl_io.o
 .debug_macro   0x000000000000d62f       0x10 ./utilities/fsl_io.o
 .debug_macro   0x000000000000d63f      0x225 ./utilities/fsl_log.o
 .debug_macro   0x000000000000d864      0x1f9 ./utilities/fsl_str.o
 .debug_macro   0x000000000000da5d      0x1e1 ./utilities/fsl_str.o
 .debug_macro   0x000000000000dc3e       0x23 ./startup/startup_mke18f16.o
 .debug_macro   0x000000000000dc61      0xb6e ./startup/startup_mke18f16.o
 .debug_macro   0x000000000000e7cf      0x359 ./source/MKE18F512xxx16_Project.o
 .debug_macro   0x000000000000eb28       0x9c ./source/MKE18F512xxx16_Project.o
 .debug_macro   0x000000000000ebc4       0x16 ./source/MKE18F512xxx16_Project.o
 .debug_macro   0x000000000000ebda       0x97 ./source/MKE18F512xxx16_Project.o
 .debug_macro   0x000000000000ec71      0x353 ./source/MKE18F512xxx16_Project.o
 .debug_macro   0x000000000000efc4      0x104 ./source/MKE18F512xxx16_Project.o
 .debug_macro   0x000000000000f0c8       0x10 ./source/MKE18F512xxx16_Project.o
 .debug_macro   0x000000000000f0d8       0x43 ./source/MKE18F512xxx16_Project.o
 .debug_macro   0x000000000000f11b       0x10 ./source/MKE18F512xxx16_Project.o
 .debug_macro   0x000000000000f12b       0x6a ./source/MKE18F512xxx16_Project.o
 .debug_macro   0x000000000000f195       0x1c ./source/MKE18F512xxx16_Project.o
 .debug_macro   0x000000000000f1b1       0x52 ./source/MKE18F512xxx16_Project.o
 .debug_macro   0x000000000000f203       0x40 ./source/MKE18F512xxx16_Project.o
 .debug_macro   0x000000000000f243       0x10 ./source/MKE18F512xxx16_Project.o
 .debug_macro   0x000000000000f253       0x40 ./source/MKE18F512xxx16_Project.o
 .debug_macro   0x000000000000f293       0xd7 ./source/MKE18F512xxx16_Project.o
 .debug_macro   0x000000000000f36a       0x1c ./source/MKE18F512xxx16_Project.o
 .debug_macro   0x000000000000f386       0x3d ./source/MKE18F512xxx16_Project.o
 .debug_macro   0x000000000000f3c3       0x16 ./source/MKE18F512xxx16_Project.o
 .debug_macro   0x000000000000f3d9      0x137 ./source/MKE18F512xxx16_Project.o
 .debug_macro   0x000000000000f510       0x16 ./source/MKE18F512xxx16_Project.o
 .debug_macro   0x000000000000f526       0x16 ./source/MKE18F512xxx16_Project.o
 .debug_macro   0x000000000000f53c       0x1c ./source/MKE18F512xxx16_Project.o
 .debug_macro   0x000000000000f558       0xef ./source/MKE18F512xxx16_Project.o
 .debug_macro   0x000000000000f647      0x1df ./source/MKE18F512xxx16_Project.o
 .debug_macro   0x000000000000f826       0x35 ./source/MKE18F512xxx16_Project.o
 .debug_macro   0x000000000000f85b      0x168 ./source/MKE18F512xxx16_Project.o
 .debug_macro   0x000000000000f9c3       0x10 ./source/MKE18F512xxx16_Project.o
 .debug_macro   0x000000000000f9d3      0x3f4 ./source/MKE18F512xxx16_Project.o
 .debug_macro   0x000000000000fdc7       0x10 ./source/MKE18F512xxx16_Project.o
 .debug_macro   0x000000000000fdd7       0x1c ./source/MKE18F512xxx16_Project.o
 .debug_macro   0x000000000000fdf3       0xde ./source/MKE18F512xxx16_Project.o
 .debug_macro   0x000000000000fed1      0xecf ./source/MKE18F512xxx16_Project.o
 .debug_macro   0x0000000000010da0       0x10 ./source/MKE18F512xxx16_Project.o
 .debug_macro   0x0000000000010db0       0x10 ./source/MKE18F512xxx16_Project.o
 .debug_macro   0x0000000000010dc0      0x1e4 ./source/MKE18F512xxx16_Project.o
 .debug_macro   0x0000000000010fa4       0x22 ./source/MKE18F512xxx16_Project.o
 .debug_macro   0x0000000000010fc6       0x16 ./source/MKE18F512xxx16_Project.o
 .debug_macro   0x0000000000010fdc       0x11 ./source/semihost_hardfault.o
 .debug_macro   0x0000000000010fed      0x272 ./drivers/fsl_clock.o
 .debug_macro   0x000000000001125f      0x20f ./drivers/fsl_crc.o
 .debug_macro   0x000000000001146e       0x10 ./drivers/fsl_crc.o
 .debug_macro   0x000000000001147e      0x1e6 ./drivers/fsl_gpio.o
 .debug_macro   0x0000000000011664      0x1e6 ./drivers/fsl_lpuart.o
 .debug_macro   0x000000000001184a      0x23c ./drivers/fsl_smc.o
 .debug_macro   0x0000000000011a86       0x1c ./drivers/fsl_smc.o
 .debug_macro   0x0000000000011aa2       0x10 ./drivers/fsl_smc.o
 .debug_macro   0x0000000000011ab2      0x1fa ./board/board.o
 .debug_macro   0x0000000000011cac       0x16 ./board/board.o
 .debug_macro   0x0000000000011cc2      0x205 ./board/clock_config.o
 .debug_macro   0x0000000000011ec7       0x1b ./board/peripherals.o
 .debug_macro   0x0000000000011ee2      0x1eb ./board/pin_mux.o
 .debug_macro   0x00000000000120cd       0x16 ./board/pin_mux.o
 .debug_macro   0x00000000000120e3       0x80 ./CMSIS/system_MKE18F16.o
 .debug_macro   0x0000000000012163       0xdf ./CMSIS/system_MKE18F16.o

.debug_line     0x0000000000000000     0x593e
 .debug_line    0x0000000000000000      0x4b8 ./utilities/fsl_debug_console.o
 .debug_line    0x00000000000004b8      0x433 ./utilities/fsl_io.o
 .debug_line    0x00000000000008eb      0x492 ./utilities/fsl_log.o
 .debug_line    0x0000000000000d7d      0x6ab ./utilities/fsl_str.o
 .debug_line    0x0000000000001428      0x1d7 ./startup/startup_mke18f16.o
 .debug_line    0x00000000000015ff      0x746 ./source/MKE18F512xxx16_Project.o
 .debug_line    0x0000000000001d45       0x50 ./source/semihost_hardfault.o
 .debug_line    0x0000000000001d95      0x8a0 ./drivers/fsl_clock.o
 .debug_line    0x0000000000002635      0x454 ./drivers/fsl_crc.o
 .debug_line    0x0000000000002a89      0x3e8 ./drivers/fsl_gpio.o
 .debug_line    0x0000000000002e71      0xac5 ./drivers/fsl_lpuart.o
 .debug_line    0x0000000000003936      0x5b3 ./drivers/fsl_smc.o
 .debug_line    0x0000000000003ee9      0x3c9 ./board/board.o
 .debug_line    0x00000000000042b2      0x4ce ./board/clock_config.o
 .debug_line    0x0000000000004780       0x58 ./board/peripherals.o
 .debug_line    0x00000000000047d8      0x4a5 ./board/pin_mux.o
 .debug_line    0x0000000000004c7d      0x1b2 ./CMSIS/system_MKE18F16.o
 .debug_line    0x0000000000004e2f      0x123 /Applications/MCUXpressoIDE_10.2.1_795/ide/tools/bin/../lib/gcc/arm-none-eabi/7.2.1/../../../../arm-none-eabi/lib/thumb/v7e-m/libcr_newlib_nohost.a(_cr_sbrk.o)
 .debug_line    0x0000000000004f52       0x3e /Applications/MCUXpressoIDE_10.2.1_795/ide/tools/bin/../lib/gcc/arm-none-eabi/7.2.1/../../../../arm-none-eabi/lib/thumb/v7e-m/libcr_newlib_nohost.a(_exit.o)
 .debug_line    0x0000000000004f90      0x112 /Applications/MCUXpressoIDE_10.2.1_795/ide/tools/bin/../lib/gcc/arm-none-eabi/7.2.1/../../../../arm-none-eabi/lib/thumb/v7e-m/libcr_newlib_nohost.a(close.o)
 .debug_line    0x00000000000050a2      0x1e3 /Applications/MCUXpressoIDE_10.2.1_795/ide/tools/bin/../lib/gcc/arm-none-eabi/7.2.1/../../../../arm-none-eabi/lib/thumb/v7e-m/libcr_newlib_nohost.a(fstat.o)
 .debug_line    0x0000000000005285      0x113 /Applications/MCUXpressoIDE_10.2.1_795/ide/tools/bin/../lib/gcc/arm-none-eabi/7.2.1/../../../../arm-none-eabi/lib/thumb/v7e-m/libcr_newlib_nohost.a(getpid.o)
 .debug_line    0x0000000000005398      0x113 /Applications/MCUXpressoIDE_10.2.1_795/ide/tools/bin/../lib/gcc/arm-none-eabi/7.2.1/../../../../arm-none-eabi/lib/thumb/v7e-m/libcr_newlib_nohost.a(isatty.o)
 .debug_line    0x00000000000054ab      0x111 /Applications/MCUXpressoIDE_10.2.1_795/ide/tools/bin/../lib/gcc/arm-none-eabi/7.2.1/../../../../arm-none-eabi/lib/thumb/v7e-m/libcr_newlib_nohost.a(kill.o)
 .debug_line    0x00000000000055bc      0x112 /Applications/MCUXpressoIDE_10.2.1_795/ide/tools/bin/../lib/gcc/arm-none-eabi/7.2.1/../../../../arm-none-eabi/lib/thumb/v7e-m/libcr_newlib_nohost.a(lseek.o)
 .debug_line    0x00000000000056ce      0x111 /Applications/MCUXpressoIDE_10.2.1_795/ide/tools/bin/../lib/gcc/arm-none-eabi/7.2.1/../../../../arm-none-eabi/lib/thumb/v7e-m/libcr_newlib_nohost.a(read.o)
 .debug_line    0x00000000000057df      0x112 /Applications/MCUXpressoIDE_10.2.1_795/ide/tools/bin/../lib/gcc/arm-none-eabi/7.2.1/../../../../arm-none-eabi/lib/thumb/v7e-m/libcr_newlib_nohost.a(write.o)