Archive member included to satisfy reference by file (symbol)

/Applications/ArmGNUToolchain/14.3.rel1/arm-none-eabi/bin/../lib/gcc/arm-none-eabi/14.3.1/thumb/v6-m/nofp/libgcc.a(_dvmd_tls.o)
                              CMakeFiles/mc6800_emulator.dir/Users/ned/src/Micropython/micropython/lib/pico-sdk/src/rp2_common/pico_divider/divider_hardware.S.o (__aeabi_idiv0)
/Applications/ArmGNUToolchain/14.3.rel1/arm-none-eabi/bin/../lib/gcc/arm-none-eabi/14.3.1/../../../../arm-none-eabi/lib/thumb/v6-m/nofp/libg.a(libc_a-calloc.o)
                              CMakeFiles/mc6800_emulator.dir/Users/ned/src/Micropython/micropython/lib/pico-sdk/src/rp2_common/pico_malloc/malloc.c.o (calloc)
/Applications/ArmGNUToolchain/14.3.rel1/arm-none-eabi/bin/../lib/gcc/arm-none-eabi/14.3.1/../../../../arm-none-eabi/lib/thumb/v6-m/nofp/libg.a(libc_a-callocr.o)
                              /Applications/ArmGNUToolchain/14.3.rel1/arm-none-eabi/bin/../lib/gcc/arm-none-eabi/14.3.1/../../../../arm-none-eabi/lib/thumb/v6-m/nofp/libg.a(libc_a-calloc.o) (_calloc_r)
/Applications/ArmGNUToolchain/14.3.rel1/arm-none-eabi/bin/../lib/gcc/arm-none-eabi/14.3.1/../../../../arm-none-eabi/lib/thumb/v6-m/nofp/libg.a(libc_a-malloc.o)
                              CMakeFiles/mc6800_emulator.dir/Users/ned/src/Micropython/micropython/lib/pico-sdk/src/rp2_common/pico_malloc/malloc.c.o (malloc)
/Applications/ArmGNUToolchain/14.3.rel1/arm-none-eabi/bin/../lib/gcc/arm-none-eabi/14.3.1/../../../../arm-none-eabi/lib/thumb/v6-m/nofp/libg.a(libc_a-mallocr.o)
                              /Applications/ArmGNUToolchain/14.3.rel1/arm-none-eabi/bin/../lib/gcc/arm-none-eabi/14.3.1/../../../../arm-none-eabi/lib/thumb/v6-m/nofp/libg.a(libc_a-callocr.o) (_malloc_r)
/Applications/ArmGNUToolchain/14.3.rel1/arm-none-eabi/bin/../lib/gcc/arm-none-eabi/14.3.1/../../../../arm-none-eabi/lib/thumb/v6-m/nofp/libg.a(libc_a-mlock.o)
                              /Applications/ArmGNUToolchain/14.3.rel1/arm-none-eabi/bin/../lib/gcc/arm-none-eabi/14.3.1/../../../../arm-none-eabi/lib/thumb/v6-m/nofp/libg.a(libc_a-mallocr.o) (__malloc_lock)
/Applications/ArmGNUToolchain/14.3.rel1/arm-none-eabi/bin/../lib/gcc/arm-none-eabi/14.3.1/../../../../arm-none-eabi/lib/thumb/v6-m/nofp/libg.a(libc_a-realloc.o)
                              CMakeFiles/mc6800_emulator.dir/Users/ned/src/Micropython/micropython/lib/pico-sdk/src/rp2_common/pico_malloc/malloc.c.o (realloc)
/Applications/ArmGNUToolchain/14.3.rel1/arm-none-eabi/bin/../lib/gcc/arm-none-eabi/14.3.1/../../../../arm-none-eabi/lib/thumb/v6-m/nofp/libg.a(libc_a-reallocr.o)
                              /Applications/ArmGNUToolchain/14.3.rel1/arm-none-eabi/bin/../lib/gcc/arm-none-eabi/14.3.1/../../../../arm-none-eabi/lib/thumb/v6-m/nofp/libg.a(libc_a-realloc.o) (_realloc_r)
/Applications/ArmGNUToolchain/14.3.rel1/arm-none-eabi/bin/../lib/gcc/arm-none-eabi/14.3.1/../../../../arm-none-eabi/lib/thumb/v6-m/nofp/libg.a(libc_a-memcmp.o)
                              CMakeFiles/mc6800_emulator.dir/src/memory.c.o (memcmp)
/Applications/ArmGNUToolchain/14.3.rel1/arm-none-eabi/bin/../lib/gcc/arm-none-eabi/14.3.1/../../../../arm-none-eabi/lib/thumb/v6-m/nofp/libg.a(libc_a-memmove.o)
                              /Applications/ArmGNUToolchain/14.3.rel1/arm-none-eabi/bin/../lib/gcc/arm-none-eabi/14.3.1/../../../../arm-none-eabi/lib/thumb/v6-m/nofp/libg.a(libc_a-reallocr.o) (memmove)
/Applications/ArmGNUToolchain/14.3.rel1/arm-none-eabi/bin/../lib/gcc/arm-none-eabi/14.3.1/../../../../arm-none-eabi/lib/thumb/v6-m/nofp/libg.a(libc_a-lcltime_r.o)
                              CMakeFiles/mc6800_emulator.dir/Users/ned/src/Micropython/micropython/lib/pico-sdk/src/common/pico_util/datetime.c.o (localtime_r)
/Applications/ArmGNUToolchain/14.3.rel1/arm-none-eabi/bin/../lib/gcc/arm-none-eabi/14.3.1/../../../../arm-none-eabi/lib/thumb/v6-m/nofp/libg.a(libc_a-mktime.o)
                              CMakeFiles/mc6800_emulator.dir/Users/ned/src/Micropython/micropython/lib/pico-sdk/src/common/pico_util/datetime.c.o (mktime)
/Applications/ArmGNUToolchain/14.3.rel1/arm-none-eabi/bin/../lib/gcc/arm-none-eabi/14.3.1/../../../../arm-none-eabi/lib/thumb/v6-m/nofp/libg.a(libc_a-month_lengths.o)
                              /Applications/ArmGNUToolchain/14.3.rel1/arm-none-eabi/bin/../lib/gcc/arm-none-eabi/14.3.1/../../../../arm-none-eabi/lib/thumb/v6-m/nofp/libg.a(libc_a-lcltime_r.o) (__month_lengths)
/Applications/ArmGNUToolchain/14.3.rel1/arm-none-eabi/bin/../lib/gcc/arm-none-eabi/14.3.1/../../../../arm-none-eabi/lib/thumb/v6-m/nofp/libg.a(libc_a-tzcalc_limits.o)
                              /Applications/ArmGNUToolchain/14.3.rel1/arm-none-eabi/bin/../lib/gcc/arm-none-eabi/14.3.1/../../../../arm-none-eabi/lib/thumb/v6-m/nofp/libg.a(libc_a-lcltime_r.o) (__tzcalc_limits)
/Applications/ArmGNUToolchain/14.3.rel1/arm-none-eabi/bin/../lib/gcc/arm-none-eabi/14.3.1/../../../../arm-none-eabi/lib/thumb/v6-m/nofp/libg.a(libc_a-tzlock.o)
[...]
Memory Configuration

Name             Origin             Length             Attributes
FLASH            0x10000000         0x00200000         xr
RAM              0x20000000         0x00040000         xrw
SCRATCH_X        0x20040000         0x00001000         xrw
SCRATCH_Y        0x20041000         0x00001000         xrw
*default*        0x00000000         0xffffffff

Linker script and memory map

LOAD /Applications/ArmGNUToolchain/14.3.rel1/arm-none-eabi/bin/../lib/gcc/arm-none-eabi/14.3.1/thumb/v6-m/nofp/crti.o
LOAD /Applications/ArmGNUToolchain/14.3.rel1/arm-none-eabi/bin/../lib/gcc/arm-none-eabi/14.3.1/thumb/v6-m/nofp/crtbegin.o
LOAD /Applications/ArmGNUToolchain/14.3.rel1/arm-none-eabi/bin/../lib/gcc/arm-none-eabi/14.3.1/../../../../arm-none-eabi/lib/thumb/v6-m/nofp/crt0.o

.flash_begin    0x10000000        0x0
                0x10000000                        __flash_binary_start = .

.boot2          0x10000000      0x100
                0x10000000                        __boot2_start__ = .
 *(.boot2)
 .boot2         0x10000000      0x100 pico-sdk/src/rp2040/boot_stage2/CMakeFiles/bs2_default_library.dir/bs2_default_padded_checksummed.S.o
                0x10000100                        __boot2_end__ = .
                0x00000001                        ASSERT (((__boot2_end__ - __boot2_start__) == 0x100), ERROR: Pico second stage bootloader must be 256 bytes in size)

.text           0x10000100     0x4e30
                0x10000100                        __logical_binary_start = .
 *(.vectors)
 .vectors       0x10000100       0xd4 CMakeFiles/mc6800_emulator.dir/Users/ned/src/Micropython/micropython/lib/pico-sdk/src/rp2_common/pico_crt0/crt0.S.o
                0x10000100                __VECTOR_TABLE
                0x10000100                __vectors
                0x100001c0                __default_isrs_start
                0x100001c0                isr_invalid
                0x100001c2                isr_nmi
                0x100001c4                isr_hardfault
                0x100001c6                isr_svcall
                0x100001c8                isr_pendsv
                0x100001ca                isr_systick
                0x100001cc                isr_irq28
                0x100001cc                isr_irq19
                0x100001cc                isr_irq0
                0x100001cc                isr_irq6
                0x100001cc                isr_irq22
                0x100001cc                isr_irq17
                0x100001cc                isr_irq14
                0x100001cc                isr_irq2
                0x100001cc                isr_irq10
                0x100001cc                isr_irq8
                0x100001cc                isr_irq24
                0x100001cc                isr_irq1
                0x100001cc                isr_irq7
                0x100001cc                isr_irq21
                0x100001cc                isr_irq20
                0x100001cc                isr_irq15
                0x100001cc                isr_irq25
                0x100001cc                isr_irq4
                0x100001cc                isr_irq16
                0x100001cc                isr_irq29
                0x100001cc                isr_irq26
                0x100001cc                __default_isrs_end
                0x100001cc                isr_irq3
                0x100001cc                isr_irq9
                0x100001cc                __unhandled_user_irq
                0x100001cc                isr_irq13
                0x100001cc                isr_irq27
                0x100001cc                isr_irq31
                0x100001cc                isr_irq5
                0x100001cc                isr_irq11
                0x100001cc                isr_irq23
                0x100001cc                isr_irq18
                0x100001cc                isr_irq30
                0x100001cc                isr_irq12
                0x100001d2                unhandled_user_irq_num_in_r0
 *(.binary_info_header)
 .binary_info_header
                0x100001d4       0x14 CMakeFiles/mc6800_emulator.dir/Users/ned/src/Micropython/micropython/lib/pico-sdk/src/rp2_common/pico_crt0/crt0.S.o
                0x100001e8                        __binary_info_header_end = .
 *(.embedded_block)
                0x100001e8                        __embedded_block_end = .
 *(.reset)
 .reset         0x100001e8       0x9c CMakeFiles/mc6800_emulator.dir/Users/ned/src/Micropython/micropython/lib/pico-sdk/src/rp2_common/pico_crt0/crt0.S.o
                0x100001e8                _entry_point
 *(.init)
 .init          0x10000284        0x4 /Applications/ArmGNUToolchain/14.3.rel1/arm-none-eabi/bin/../lib/gcc/arm-none-eabi/14.3.1/thumb/v6-m/nofp/crti.o
                0x10000284                _init
 *(EXCLUDE_FILE(*libm.a: *libc.a:*lib_a-mem*.o *libgcc.a:) .text*)
 .text.register_tm_clones
                0x10000288       0x28 /Applications/ArmGNUToolchain/14.3.rel1/arm-none-eabi/bin/../lib/gcc/arm-none-eabi/14.3.1/thumb/v6-m/nofp/crtbegin.o
 .text.frame_dummy
                0x100002b0       0x24 /Applications/ArmGNUToolchain/14.3.rel1/arm-none-eabi/bin/../lib/gcc/arm-none-eabi/14.3.1/thumb/v6-m/nofp/crtbegin.o
 .text.startup.main
                0x100002d4       0xd4 CMakeFiles/mc6800_emulator.dir/src/main.c.o
                0x100002d4                main
 .text.cpu_init
                0x100003a8       0x28 CMakeFiles/mc6800_emulator.dir/src/cpu_state.c.o
                0x100003a8                cpu_init
 .text.cpu_is_running
                0x100003d0       0x14 CMakeFiles/mc6800_emulator.dir/src/cpu_state.c.o
                0x100003d0                cpu_is_running
 .text.cpu_get_flag
                0x100003e4       0x14 CMakeFiles/mc6800_emulator.dir/src/cpu_state.c.o
                0x100003e4                cpu_get_flag
 .text.cpu_set_flag
                0x100003f8       0x1c CMakeFiles/mc6800_emulator.dir/src/cpu_state.c.o
                0x100003f8                cpu_set_flag
 .text.cpu_update_nz
                0x10000414       0x2c CMakeFiles/mc6800_emulator.dir/src/cpu_state.c.o
                0x10000414                cpu_update_nz
 .text.cpu_update_nzv
                0x10000440       0x58 CMakeFiles/mc6800_emulator.dir/src/cpu_state.c.o
                0x10000440                cpu_update_nzv
 .text.cpu_push
                0x10000498       0x18 CMakeFiles/mc6800_emulator.dir/src/cpu_state.c.o
                0x10000498                cpu_push
 .text.cpu_pull
                0x100004b0       0x18 CMakeFiles/mc6800_emulator.dir/src/cpu_state.c.o
                0x100004b0                cpu_pull
 .text.cpu_push16
                0x100004c8       0x28 CMakeFiles/mc6800_emulator.dir/src/cpu_state.c.o
                0x100004c8                cpu_push16
 .text.cpu_pull16
                0x100004f0       0x2c CMakeFiles/mc6800_emulator.dir/src/cpu_state.c.o
                0x100004f0                cpu_pull16
 .text.memory_init
                0x1000051c       0x74 CMakeFiles/mc6800_emulator.dir/src/memory.c.o
                0x1000051c                memory_init
 .text.memory_read
                0x10000590       0x40 CMakeFiles/mc6800_emulator.dir/src/memory.c.o
                0x10000590                memory_read
 .text.memory_write
                0x100005d0       0x3c CMakeFiles/mc6800_emulator.dir/src/memory.c.o
                0x100005d0                memory_write
 .text.bus_init
                0x1000060c      0x114 CMakeFiles/mc6800_emulator.dir/src/bus.c.o
                0x1000060c                bus_init
 .text.bus_read_cycle
                0x10000720       0x78 CMakeFiles/mc6800_emulator.dir/src/bus.c.o
                0x10000720                bus_read_cycle
 .text.bus_write_cycle
                0x10000798       0xbc CMakeFiles/mc6800_emulator.dir/src/bus.c.o
                0x10000798                bus_write_cycle
 .text.bus_read_irq
                0x10000854       0x14 CMakeFiles/mc6800_emulator.dir/src/bus.c.o
                0x10000854                bus_read_irq
 .text.bus_read_nmi
                0x10000868       0x14 CMakeFiles/mc6800_emulator.dir/src/bus.c.o
                0x10000868                bus_read_nmi
 .text.bus_read_reset
                0x1000087c       0x14 CMakeFiles/mc6800_emulator.dir/src/bus.c.o
                0x1000087c                bus_read_reset
 .text.eclock_init
                0x10000890       0xa8 CMakeFiles/mc6800_emulator.dir/src/clock.c.o
                0x10000890                eclock_init
 .text.eclock_start
                0x10000938       0x30 CMakeFiles/mc6800_emulator.dir/src/clock.c.o
                0x10000938                eclock_start
 .text.eclock_wait_high
                0x10000968       0x1c CMakeFiles/mc6800_emulator.dir/src/clock.c.o
                0x10000968                eclock_wait_high
 .text.eclock_wait_low
                0x10000984       0x58 CMakeFiles/mc6800_emulator.dir/src/clock.c.o
                0x10000984                eclock_wait_low
 .text.instruction_execute
                0x100009dc      0x508 CMakeFiles/mc6800_emulator.dir/src/instructions.c.o
                0x100009dc                instruction_execute
 .text.interrupts_init
                0x10000ee4       0x5c CMakeFiles/mc6800_emulator.dir/src/interrupts.c.o
                0x10000ee4                interrupts_init
 .text.interrupt_service_reset
                0x10000f40       0x48 CMakeFiles/mc6800_emulator.dir/src/interrupts.c.o
                0x10000f40                interrupt_service_reset
 .text.interrupt_service_nmi
                0x10000f88       0x64 CMakeFiles/mc6800_emulator.dir/src/interrupts.c.o
                0x10000f88                interrupt_service_nmi
 .text.interrupt_service_irq
                0x10000fec       0x64 CMakeFiles/mc6800_emulator.dir/src/interrupts.c.o
                0x10000fec                interrupt_service_irq
 .text.interrupt_check
                0x10001050       0x70 CMakeFiles/mc6800_emulator.dir/src/interrupts.c.o
                0x10001050                interrupt_check
 .text.usb_cdc_init
                0x100010c0       0x10 CMakeFiles/mc6800_emulator.dir/src/usb_cdc.c.o
                0x100010c0                usb_cdc_init
 .text.usb_cdc_task
                0x100010d0        0x4 CMakeFiles/mc6800_emulator.dir/src/usb_cdc.c.o
                0x100010d0                usb_cdc_task
 .text.debug_spi_init
                0x100010d4       0x34 CMakeFiles/mc6800_emulator.dir/src/debug_spi.c.o
                0x100010d4                debug_spi_init
 .text.debug_spi_log
                0x10001108       0x34 CMakeFiles/mc6800_emulator.dir/src/debug_spi.c.o
                0x10001108                debug_spi_log
 .text.gpio_set_function
                0x1000113c       0x34 CMakeFiles/mc6800_emulator.dir/Users/ned/src/Micropython/micropython/lib/pico-sdk/src/rp2_common/hardware_gpio/gpio.c.o
                0x1000113c                gpio_set_function
 .text.gpio_set_pulls
                0x10001170       0x28 CMakeFiles/mc6800_emulator.dir/Users/ned/src/Micropython/micropython/lib/pico-sdk/src/rp2_common/hardware_gpio/gpio.c.o
                0x10001170                gpio_set_pulls
 .text.gpio_init
                0x10001198       0x40 CMakeFiles/mc6800_emulator.dir/Users/ned/src/Micropython/micropython/lib/pico-sdk/src/rp2_common/hardware_gpio/gpio.c.o
                0x10001198                gpio_init
 .text.panic    0x100011d8       0x30 CMakeFiles/mc6800_emulator.dir/Users/ned/src/Micropython/micropython/lib/pico-sdk/src/rp2_common/pico_platform_panic/panic.c.o
                0x100011d8                panic
 .text.hw_claim_lock
                0x10001208       0x18 CMakeFiles/mc6800_emulator.dir/Users/ned/src/Micropython/micropython/lib/pico-sdk/src/common/hardware_claim/claim.c.o
                0x10001208                hw_claim_lock
 .text.hw_claim_unlock
                0x10001220       0x14 CMakeFiles/mc6800_emulator.dir/Users/ned/src/Micropython/micropython/lib/pico-sdk/src/common/hardware_claim/claim.c.o
                0x10001220                hw_claim_unlock
 .text.hw_claim_or_assert
                0x10001234       0x44 CMakeFiles/mc6800_emulator.dir/Users/ned/src/Micropython/micropython/lib/pico-sdk/src/common/hardware_claim/claim.c.o
                0x10001234                hw_claim_or_assert
 .text.next_striped_spin_lock_num
                0x10001278       0x18 CMakeFiles/mc6800_emulator.dir/Users/ned/src/Micropython/micropython/lib/pico-sdk/src/rp2_common/hardware_sync/sync.c.o
                0x10001278                next_striped_spin_lock_num
 .text.spin_locks_reset
                0x10001290       0x1c CMakeFiles/mc6800_emulator.dir/Users/ned/src/Micropython/micropython/lib/pico-sdk/src/rp2_common/hardware_sync_spin_lock/sync_spin_lock.c.o
                0x10001290                spin_locks_reset
 .text.runtime_init_per_core_irq_priorities
                0x100012ac       0x24 CMakeFiles/mc6800_emulator.dir/Users/ned/src/Micropython/micropython/lib/pico-sdk/src/rp2_common/hardware_irq/irq.c.o
                0x100012ac                runtime_init_per_core_irq_priorities
 .text.irq_set_enabled
                0x100012d0       0x24 CMakeFiles/mc6800_emulator.dir/Users/ned/src/Micropython/micropython/lib/pico-sdk/src/rp2_common/hardware_irq/irq.c.o
                0x100012d0                irq_set_enabled
 .text.irq_set_exclusive_handler
                0x100012f4       0x54 CMakeFiles/mc6800_emulator.dir/Users/ned/src/Micropython/micropython/lib/pico-sdk/src/rp2_common/hardware_irq/irq.c.o
                0x100012f4                irq_set_exclusive_handler
 .text.irq_remove_handler
                0x10001348      0x1d4 CMakeFiles/mc6800_emulator.dir/Users/ned/src/Micropython/micropython/lib/pico-sdk/src/rp2_common/hardware_irq/irq.c.o
                0x10001348                irq_remove_handler
 .text.irq_add_tail_to_free_list
                0x1000151c       0xa4 CMakeFiles/mc6800_emulator.dir/Users/ned/src/Micropython/micropython/lib/pico-sdk/src/rp2_common/hardware_irq/irq.c.o
                0x1000151c                irq_add_tail_to_free_list
 .text.lock_init
                0x100015c0       0x10 CMakeFiles/mc6800_emulator.dir/Users/ned/src/Micropython/micropython/lib/pico-sdk/src/common/pico_sync/lock_core.c.o
                0x100015c0                lock_init
 .text.runtime_init_mutex
                0x100015d0       0x50 CMakeFiles/mc6800_emulator.dir/Users/ned/src/Micropython/micropython/lib/pico-sdk/src/common/pico_sync/mutex.c.o
                0x100015d0                runtime_init_mutex
 .text.sleep_until_callback
                0x10001620       0x30 CMakeFiles/mc6800_emulator.dir/Users/ned/src/Micropython/micropython/lib/pico-sdk/src/common/pico_time/time.c.o
 .text.alarm_pool_irq_handler
                0x10001650      0x2f0 CMakeFiles/mc6800_emulator.dir/Users/ned/src/Micropython/micropython/lib/pico-sdk/src/common/pico_time/time.c.o
 .text.runtime_init_default_alarm_pool
                0x10001940       0x9c CMakeFiles/mc6800_emulator.dir/Users/ned/src/Micropython/micropython/lib/pico-sdk/src/common/pico_time/time.c.o
                0x10001940                runtime_init_default_alarm_pool
 .text.alarm_pool_add_alarm_at_force_in_context
                0x100019dc       0xb0 CMakeFiles/mc6800_emulator.dir/Users/ned/src/Micropython/micropython/lib/pico-sdk/src/common/pico_time/time.c.o
                0x100019dc                alarm_pool_add_alarm_at_force_in_context
 .text.alarm_pool_cancel_alarm
                0x10001a8c       0x74 CMakeFiles/mc6800_emulator.dir/Users/ned/src/Micropython/micropython/lib/pico-sdk/src/common/pico_time/time.c.o
                0x10001a8c                alarm_pool_cancel_alarm
 .text.sleep_until
                0x10001b00       0xd0 CMakeFiles/mc6800_emulator.dir/Users/ned/src/Micropython/micropython/lib/pico-sdk/src/common/pico_time/time.c.o
                0x10001b00                sleep_until
 .text.sleep_us
                0x10001bd0       0x24 CMakeFiles/mc6800_emulator.dir/Users/ned/src/Micropython/micropython/lib/pico-sdk/src/common/pico_time/time.c.o
                0x10001bd0                sleep_us
 .text.sleep_ms
                0x10001bf4       0x34 CMakeFiles/mc6800_emulator.dir/Users/ned/src/Micropython/micropython/lib/pico-sdk/src/common/pico_time/time.c.o
                0x10001bf4                sleep_ms
 .text.best_effort_wfe_or_timeout
                0x10001c28      0x10c CMakeFiles/mc6800_emulator.dir/Users/ned/src/Micropython/micropython/lib/pico-sdk/src/common/pico_time/time.c.o
                0x10001c28                best_effort_wfe_or_timeout
 .text.timer_hardware_alarm_claim
                0x10001d34       0x14 CMakeFiles/mc6800_emulator.dir/Users/ned/src/Micropython/micropython/lib/pico-sdk/src/rp2_common/hardware_timer/timer.c.o
                0x10001d34                timer_hardware_alarm_claim
 .text.timer_time_us_64
                0x10001d48       0x10 CMakeFiles/mc6800_emulator.dir/Users/ned/src/Micropython/micropython/lib/pico-sdk/src/rp2_common/hardware_timer/timer.c.o
                0x10001d48                timer_time_us_64
 .text.time_us_64
                0x10001d58       0x14 CMakeFiles/mc6800_emulator.dir/Users/ned/src/Micropython/micropython/lib/pico-sdk/src/rp2_common/hardware_timer/timer.c.o
                0x10001d58                time_us_64
 .text.busy_wait_us
                0x10001d6c       0x68 CMakeFiles/mc6800_emulator.dir/Users/ned/src/Micropython/micropython/lib/pico-sdk/src/rp2_common/hardware_timer/timer.c.o
                0x10001d6c                busy_wait_us
 .text.busy_wait_until
                0x10001dd4       0x20 CMakeFiles/mc6800_emulator.dir/Users/ned/src/Micropython/micropython/lib/pico-sdk/src/rp2_common/hardware_timer/timer.c.o
                0x10001dd4                busy_wait_until
 .text.uart_set_baudrate
                0x10001df4       0xb4 CMakeFiles/mc6800_emulator.dir/Users/ned/src/Micropython/micropython/lib/pico-sdk/src/rp2_common/hardware_uart/uart.c.o
                0x10001df4                uart_set_baudrate
 .text.uart_init
                0x10001ea8       0x88 CMakeFiles/mc6800_emulator.dir/Users/ned/src/Micropython/micropython/lib/pico-sdk/src/rp2_common/hardware_uart/uart.c.o
                0x10001ea8                uart_init
 .text.clock_configure_internal
                0x10001f30       0xe4 CMakeFiles/mc6800_emulator.dir/Users/ned/src/Micropython/micropython/lib/pico-sdk/src/rp2_common/hardware_clocks/clocks.c.o
 .text.clock_configure_int_divider
                0x10002014       0x28 CMakeFiles/mc6800_emulator.dir/Users/ned/src/Micropython/micropython/lib/pico-sdk/src/rp2_common/hardware_clocks/clocks.c.o
                0x10002014                clock_configure_int_divider
 .text.clock_configure_undivided
                0x1000203c       0x14 CMakeFiles/mc6800_emulator.dir/Users/ned/src/Micropython/micropython/lib/pico-sdk/src/rp2_common/hardware_clocks/clocks.c.o
                0x1000203c                clock_configure_undivided
 .text.clock_get_hz
                0x10002050        0xc CMakeFiles/mc6800_emulator.dir/Users/ned/src/Micropython/micropython/lib/pico-sdk/src/rp2_common/hardware_clocks/clocks.c.o
                0x10002050                clock_get_hz
 .text.pll_init
                0x1000205c       0xa4 CMakeFiles/mc6800_emulator.dir/Users/ned/src/Micropython/micropython/lib/pico-sdk/src/rp2_common/hardware_pll/pll.c.o
                0x1000205c                pll_init
 .text.tick_start
                0x10002100       0x10 CMakeFiles/mc6800_emulator.dir/Users/ned/src/Micropython/micropython/lib/pico-sdk/src/rp2_common/hardware_ticks/ticks.c.o
                0x10002100                tick_start
 .text.rom_func_lookup
                0x10002110       0x10 CMakeFiles/mc6800_emulator.dir/Users/ned/src/Micropython/micropython/lib/pico-sdk/src/rp2_common/pico_bootrom/bootrom.c.o
                0x10002110                rom_func_lookup
 .text.rom_data_lookup
                0x10002120       0x10 CMakeFiles/mc6800_emulator.dir/Users/ned/src/Micropython/micropython/lib/pico-sdk/src/rp2_common/pico_bootrom/bootrom.c.o
                0x10002120                rom_data_lookup
 .text.rom_funcs_lookup
                0x10002130       0x44 CMakeFiles/mc6800_emulator.dir/Users/ned/src/Micropython/micropython/lib/pico-sdk/src/rp2_common/pico_bootrom/bootrom.c.o
                0x10002130                rom_funcs_lookup
 .text.xosc_init
                0x10002174       0x28 CMakeFiles/mc6800_emulator.dir/Users/ned/src/Micropython/micropython/lib/pico-sdk/src/rp2_common/hardware_xosc/xosc.c.o
                0x10002174                xosc_init
 .text.first_per_core_initializer
                0x1000219c        0x4 CMakeFiles/mc6800_emulator.dir/Users/ned/src/Micropython/micropython/lib/pico-sdk/src/rp2_common/pico_runtime/runtime.c.o
 .text.hard_assertion_failure
                0x100021a0        0xc CMakeFiles/mc6800_emulator.dir/Users/ned/src/Micropython/micropython/lib/pico-sdk/src/rp2_common/pico_runtime/runtime.c.o
                0x100021a0                hard_assertion_failure
 .text.runtime_run_initializers
                0x100021ac       0x28 CMakeFiles/mc6800_emulator.dir/Users/ned/src/Micropython/micropython/lib/pico-sdk/src/rp2_common/pico_runtime/runtime.c.o
                0x100021ac                runtime_run_initializers
 .text.runtime_init_early_resets
                0x100021d4       0x2c CMakeFiles/mc6800_emulator.dir/Users/ned/src/Micropython/micropython/lib/pico-sdk/src/rp2_common/pico_runtime_init/runtime_init.c.o
                0x100021d4                runtime_init_early_resets
 .text.runtime_init_usb_power_down
                0x10002200       0x1c CMakeFiles/mc6800_emulator.dir/Users/ned/src/Micropython/micropython/lib/pico-sdk/src/rp2_common/pico_runtime_init/runtime_init.c.o
                0x10002200                runtime_init_usb_power_down
 .text.runtime_init_post_clock_resets
                0x1000221c       0x20 CMakeFiles/mc6800_emulator.dir/Users/ned/src/Micropython/micropython/lib/pico-sdk/src/rp2_common/pico_runtime_init/runtime_init.c.o
                0x1000221c                runtime_init_post_clock_resets
 .text.runtime_init_rp2040_gpio_ie_disable
                0x1000223c       0x14 CMakeFiles/mc6800_emulator.dir/Users/ned/src/Micropython/micropython/lib/pico-sdk/src/rp2_common/pico_runtime_init/runtime_init.c.o
                0x1000223c                runtime_init_rp2040_gpio_ie_disable
 .text.runtime_init_spin_locks_reset
                0x10002250        0x8 CMakeFiles/mc6800_emulator.dir/Users/ned/src/Micropython/micropython/lib/pico-sdk/src/rp2_common/pico_runtime_init/runtime_init.c.o
                0x10002250                runtime_init_spin_locks_reset
 .text.runtime_init_install_ram_vector_table
                0x10002258       0x1c CMakeFiles/mc6800_emulator.dir/Users/ned/src/Micropython/micropython/lib/pico-sdk/src/rp2_common/pico_runtime_init/runtime_init.c.o
                0x10002258                runtime_init_install_ram_vector_table
 .text.runtime_init_clocks
                0x10002274       0xd8 CMakeFiles/mc6800_emulator.dir/Users/ned/src/Micropython/micropython/lib/pico-sdk/src/rp2_common/pico_runtime_init/runtime_init_clocks.c.o
                0x10002274                runtime_init_clocks
 .text          0x1000234c       0x10 CMakeFiles/mc6800_emulator.dir/Users/ned/src/Micropython/micropython/lib/pico-sdk/src/rp2_common/pico_bit_ops/bit_ops_aeabi.S.o
 .text.__wrap___aeabi_idiv
                0x1000235c       0x50 CMakeFiles/mc6800_emulator.dir/Users/ned/src/Micropython/micropython/lib/pico-sdk/src/rp2_common/pico_divider/divider_hardware.S.o
                0x1000235c                __wrap___aeabi_idivmod
                0x1000235c                divmod_s32s32
                0x1000235c                div_s32s32
                0x1000235c                __wrap___aeabi_idiv
                0x10002364                divmod_s32s32_unsafe
                0x10002390                divmod_s32s32_savestate
 .text.__wrap___aeabi_uidiv
                0x100023ac       0x4c CMakeFiles/mc6800_emulator.dir/Users/ned/src/Micropython/micropython/lib/pico-sdk/src/rp2_common/pico_divider/divider_hardware.S.o
                0x100023ac                __wrap___aeabi_uidiv
                0x100023ac                __wrap___aeabi_uidivmod
                0x100023ac                div_u32u32
                0x100023ac                divmod_u32u32
                0x100023b4                divmod_u32u32_unsafe
                0x100023dc                divmod_u32u32_savestate
 .text.__wrap___aeabi_ldiv
                0x100023f8      0x424 CMakeFiles/mc6800_emulator.dir/Users/ned/src/Micropython/micropython/lib/pico-sdk/src/rp2_common/pico_divider/divider_hardware.S.o
                0x100023f8                __wrap___aeabi_ldivmod
                0x100023f8                div_s64s64
                0x100023f8                divmod_s64s64
                0x10002428                divmod_u64u64
                0x10002428                div_u64u64
                0x10002428                __wrap___aeabi_uldivmod
                0x10002438                divmod_u64u64_savestate
                0x10002458                divmod_s64s64_unsafe
                0x100024e0                divmod_u64u64_unsafe
 .text.__wrap___aeabi_darithmetic
                0x1000281c       0x80 CMakeFiles/mc6800_emulator.dir/Users/ned/src/Micropython/micropython/lib/pico-sdk/src/rp2_common/pico_double/double_aeabi_rp2040.S.o
                0x1000281c                __wrap___aeabi_drsub
                0x10002822                __wrap___aeabi_dsub
                0x10002834                __wrap___aeabi_dadd
                0x10002846                __wrap___aeabi_ddiv
                0x10002882                __wrap___aeabi_dmul
 .text.__wrap___aeabi_cdcmple
                0x1000289c       0x6c CMakeFiles/mc6800_emulator.dir/Users/ned/src/Micropython/micropython/lib/pico-sdk/src/rp2_common/pico_double/double_aeabi_rp2040.S.o
                0x1000289c                __wrap___aeabi_cdrcmple
                0x100028ac                __wrap___aeabi_cdcmple
                0x100028ac                __wrap___aeabi_cdcmpeq
 .text.__wrap___aeabi_dcmplt
                0x10002908        0xc CMakeFiles/mc6800_emulator.dir/Users/ned/src/Micropython/micropython/lib/pico-sdk/src/rp2_common/pico_double/double_aeabi_rp2040.S.o
                0x10002908                __wrap___aeabi_dcmplt
 .text.__wrap___aeabi_dcmple
                0x10002914       0x10 CMakeFiles/mc6800_emulator.dir/Users/ned/src/Micropython/micropython/lib/pico-sdk/src/rp2_common/pico_double/double_aeabi_rp2040.S.o
                0x10002914                __wrap___aeabi_dcmple
 .text.__wrap___aeabi_dcmpge
                0x10002924       0x10 CMakeFiles/mc6800_emulator.dir/Users/ned/src/Micropython/micropython/lib/pico-sdk/src/rp2_common/pico_double/double_aeabi_rp2040.S.o
                0x10002924                __wrap___aeabi_dcmpge
 .text.__wrap___aeabi_dcmpgt
                0x10002934        0xa CMakeFiles/mc6800_emulator.dir/Users/ned/src/Micropython/micropython/lib/pico-sdk/src/rp2_common/pico_double/double_aeabi_rp2040.S.o
                0x10002934                __wrap___aeabi_dcmpgt
 .text.__wrap___aeabi_dcmpun
                0x1000293e       0x18 CMakeFiles/mc6800_emulator.dir/Users/ned/src/Micropython/micropython/lib/pico-sdk/src/rp2_common/pico_double/double_aeabi_rp2040.S.o
                0x1000293e                __wrap___aeabi_dcmpun
 *fill*         0x10002956        0x2 
 .text.__wrap___aeabi_i2d
                0x10002958       0x38 CMakeFiles/mc6800_emulator.dir/Users/ned/src/Micropython/micropython/lib/pico-sdk/src/rp2_common/pico_double/double_aeabi_rp2040.S.o
                0x10002958                __wrap___aeabi_ui2d
                0x10002958                uint2double
                0x10002960                __wrap___aeabi_i2d
                0x10002960                int2double
 .text.__wrap___aeabi_d2iz
                0x10002990       0x48 CMakeFiles/mc6800_emulator.dir/Users/ned/src/Micropython/micropython/lib/pico-sdk/src/rp2_common/pico_double/double_aeabi_rp2040.S.o
                0x10002990                __wrap___aeabi_d2iz
                0x10002990                double2int_z
 .text.__wrap___aeabi_d2uiz
                0x100029d8       0x18 CMakeFiles/mc6800_emulator.dir/Users/ned/src/Micropython/micropython/lib/pico-sdk/src/rp2_common/pico_double/double_aeabi_rp2040.S.o
                0x100029d8                double2uint_z
                0x100029d8                double2uint
                0x100029d8                __wrap___aeabi_d2uiz
 .text.__aeabi_double_init
                0x100029f0       0x70 CMakeFiles/mc6800_emulator.dir/Users/ned/src/Micropython/micropython/lib/pico-sdk/src/rp2_common/pico_double/double_init_rom_rp2040.c.o
                0x100029f0                __aeabi_double_init
 .text.double_table_shim_on_use_helper
                0x10002a60       0x2c CMakeFiles/mc6800_emulator.dir/Users/ned/src/Micropython/micropython/lib/pico-sdk/src/rp2_common/pico_double/double_v1_rom_shim_rp2040.S.o
                0x10002a60                double_table_shim_on_use_helper
 .text.__wrap___aeabi_dsub
                0x10002a8c       0x10 CMakeFiles/mc6800_emulator.dir/Users/ned/src/Micropython/micropython/lib/pico-sdk/src/rp2_common/pico_double/double_v1_rom_shim_rp2040.S.o
                0x10002a8c                drsub_shim
                0x10002a92                dsub_shim
 .text.dadd_shim
                0x10002a9c      0x15c CMakeFiles/mc6800_emulator.dir/Users/ned/src/Micropython/micropython/lib/pico-sdk/src/rp2_common/pico_double/double_v1_rom_shim_rp2040.S.o
                0x10002a9c                dadd_shim
 .text.dmul_shim
                0x10002bf8      0x15c CMakeFiles/mc6800_emulator.dir/Users/ned/src/Micropython/micropython/lib/pico-sdk/src/rp2_common/pico_double/double_v1_rom_shim_rp2040.S.o
                0x10002bf8                dmul_shim
 .text.ddiv_shim
                0x10002d54      0x1b0 CMakeFiles/mc6800_emulator.dir/Users/ned/src/Micropython/micropython/lib/pico-sdk/src/rp2_common/pico_double/double_v1_rom_shim_rp2040.S.o
                0x10002d54                ddiv_shim
 .text.double2uint_shim
                0x10002f04        0xe CMakeFiles/mc6800_emulator.dir/Users/ned/src/Micropython/micropython/lib/pico-sdk/src/rp2_common/pico_double/double_v1_rom_shim_rp2040.S.o
                0x10002f04                double2uint_shim
                0x10002f06                double2ufix_shim
 *fill*         0x10002f12        0x2 
 .text.double2uint64_shim
                0x10002f14       0x70 CMakeFiles/mc6800_emulator.dir/Users/ned/src/Micropython/micropython/lib/pico-sdk/src/rp2_common/pico_double/double_v1_rom_shim_rp2040.S.o
                0x10002f14                double2uint64_shim
                0x10002f16                double2ufix64_shim
                0x10002f36                d2fix_a
 .text.dunpacks
                0x10002f84       0x3c CMakeFiles/mc6800_emulator.dir/Users/ned/src/Micropython/micropython/lib/pico-sdk/src/rp2_common/pico_double/double_v1_rom_shim_rp2040.S.o
                0x10002f84                dunpacks
 .text.__aeabi_lmul
                0x10002fc0       0x32 CMakeFiles/mc6800_emulator.dir/Users/ned/src/Micropython/micropython/lib/pico-sdk/src/rp2_common/pico_int64_ops/pico_int64_ops_aeabi.S.o
                0x10002fc0                __wrap___aeabi_lmul
 *fill*         0x10002ff2        0x2 
 .text.__aeabi_float_init
                0x10002ff4       0x5c CMakeFiles/mc6800_emulator.dir/Users/ned/src/Micropython/micropython/lib/pico-sdk/src/rp2_common/pico_float/float_init_rom_rp2040.c.o
                0x10002ff4                __aeabi_float_init
 .text.float_table_shim_on_use_helper
                0x10003050       0x2c CMakeFiles/mc6800_emulator.dir/Users/ned/src/Micropython/micropython/lib/pico-sdk/src/rp2_common/pico_float/float_v1_rom_shim_rp2040.S.o
                0x10003050                float_table_shim_on_use_helper
 .text          0x1000307c       0x10 CMakeFiles/mc6800_emulator.dir/Users/ned/src/Micropython/micropython/lib/pico-sdk/src/rp2_common/pico_mem_ops/mem_ops_aeabi.S.o
                0x1000307c                __aeabi_mem_init
 .text.memset   0x1000308c        0xc CMakeFiles/mc6800_emulator.dir/Users/ned/src/Micropython/micropython/lib/pico-sdk/src/rp2_common/pico_mem_ops/mem_ops_aeabi.S.o
                0x1000308c                __wrap_memset
 .text.memcpy   0x10003098        0xc CMakeFiles/mc6800_emulator.dir/Users/ned/src/Micropython/micropython/lib/pico-sdk/src/rp2_common/pico_mem_ops/mem_ops_aeabi.S.o
                0x10003098                __wrap___aeabi_memcpy
                0x10003098                __wrap_memcpy
 .text._out_null
                0x100030a4        0x4 CMakeFiles/mc6800_emulator.dir/Users/ned/src/Micropython/micropython/lib/pico-sdk/src/rp2_common/pico_printf/printf.c.o
 .text._out_rev
                0x100030a8       0xb0 CMakeFiles/mc6800_emulator.dir/Users/ned/src/Micropython/micropython/lib/pico-sdk/src/rp2_common/pico_printf/printf.c.o
 .text._ntoa_format
                0x10003158      0x1d0 CMakeFiles/mc6800_emulator.dir/Users/ned/src/Micropython/micropython/lib/pico-sdk/src/rp2_common/pico_printf/printf.c.o
 .text._ntoa_long
                0x10003328       0xb4 CMakeFiles/mc6800_emulator.dir/Users/ned/src/Micropython/micropython/lib/pico-sdk/src/rp2_common/pico_printf/printf.c.o
 .text._ntoa_long_long
                0x100033dc       0xdc CMakeFiles/mc6800_emulator.dir/Users/ned/src/Micropython/micropython/lib/pico-sdk/src/rp2_common/pico_printf/printf.c.o
 .text._etoa    0x100034b8      0x518 CMakeFiles/mc6800_emulator.dir/Users/ned/src/Micropython/micropython/lib/pico-sdk/src/rp2_common/pico_printf/printf.c.o
 .text._ftoa    0x100039d0      0x3ac CMakeFiles/mc6800_emulator.dir/Users/ned/src/Micropython/micropython/lib/pico-sdk/src/rp2_common/pico_printf/printf.c.o
 .text._out_char
                0x10003d7c       0x10 CMakeFiles/mc6800_emulator.dir/Users/ned/src/Micropython/micropython/lib/pico-sdk/src/rp2_common/pico_printf/printf.c.o
 .text._out_fct
                0x10003d8c       0x10 CMakeFiles/mc6800_emulator.dir/Users/ned/src/Micropython/micropython/lib/pico-sdk/src/rp2_common/pico_printf/printf.c.o
 .text._vsnprintf
                0x10003d9c      0x710 CMakeFiles/mc6800_emulator.dir/Users/ned/src/Micropython/micropython/lib/pico-sdk/src/rp2_common/pico_printf/printf.c.o
 .text.vfctprintf
                0x100044ac       0x24 CMakeFiles/mc6800_emulator.dir/Users/ned/src/Micropython/micropython/lib/pico-sdk/src/rp2_common/pico_printf/printf.c.o
                0x100044ac                vfctprintf
 .text.weak_raw_vprintf
                0x100044d0       0x30 CMakeFiles/mc6800_emulator.dir/Users/ned/src/Micropython/micropython/lib/pico-sdk/src/rp2_common/pico_printf/printf.c.o
                0x100044d0                weak_raw_vprintf
 .text._exit    0x10004500        0x4 CMakeFiles/mc6800_emulator.dir/Users/ned/src/Micropython/micropython/lib/pico-sdk/src/rp2_common/pico_clib_interface/newlib_interface.c.o
                0x10004500                _exit
 .text.exit     0x10004504        0x8 CMakeFiles/mc6800_emulator.dir/Users/ned/src/Micropython/micropython/lib/pico-sdk/src/rp2_common/pico_clib_interface/newlib_interface.c.o
                0x10004504                exit
 .text.runtime_init
                0x1000450c       0x2c CMakeFiles/mc6800_emulator.dir/Users/ned/src/Micropython/micropython/lib/pico-sdk/src/rp2_common/pico_clib_interface/newlib_interface.c.o
                0x1000450c                runtime_init
 .text.stdio_out_chars_no_crlf
                0x10004538       0x10 CMakeFiles/mc6800_emulator.dir/Users/ned/src/Micropython/micropython/lib/pico-sdk/src/rp2_common/pico_stdio/stdio.c.o
 .text.stdio_out_chars_crlf
                0x10004548       0xb8 CMakeFiles/mc6800_emulator.dir/Users/ned/src/Micropython/micropython/lib/pico-sdk/src/rp2_common/pico_stdio/stdio.c.o
 .text.stdio_buffered_printer
                0x10004600       0x64 CMakeFiles/mc6800_emulator.dir/Users/ned/src/Micropython/micropython/lib/pico-sdk/src/rp2_common/pico_stdio/stdio.c.o
 .text.stdio_put_string
                0x10004664       0xd0 CMakeFiles/mc6800_emulator.dir/Users/ned/src/Micropython/micropython/lib/pico-sdk/src/rp2_common/pico_stdio/stdio.c.o
                0x10004664                stdio_put_string
 .text.stdio_set_driver_enabled
                0x10004734       0x30 CMakeFiles/mc6800_emulator.dir/Users/ned/src/Micropython/micropython/lib/pico-sdk/src/rp2_common/pico_stdio/stdio.c.o
                0x10004734                stdio_set_driver_enabled
 .text.stdio_init_all
                0x10004764        0xc CMakeFiles/mc6800_emulator.dir/Users/ned/src/Micropython/micropython/lib/pico-sdk/src/rp2_common/pico_stdio/stdio.c.o
                0x10004764                stdio_init_all
 .text.__wrap_putchar
                0x10004770       0x1c CMakeFiles/mc6800_emulator.dir/Users/ned/src/Micropython/micropython/lib/pico-sdk/src/rp2_common/pico_stdio/stdio.c.o
                0x10004770                stdio_putchar
                0x10004770                __wrap_putchar
 .text.__wrap_puts
                0x1000478c       0x34 CMakeFiles/mc6800_emulator.dir/Users/ned/src/Micropython/micropython/lib/pico-sdk/src/rp2_common/pico_stdio/stdio.c.o
                0x1000478c                __wrap_puts
                0x1000478c                stdio_puts
 .text.__wrap_vprintf
                0x100047c0       0xc8 CMakeFiles/mc6800_emulator.dir/Users/ned/src/Micropython/micropython/lib/pico-sdk/src/rp2_common/pico_stdio/stdio.c.o
                0x100047c0                __wrap_vprintf
                0x100047c0                stdio_vprintf
 .text.__wrap_printf
                0x10004888       0x18 CMakeFiles/mc6800_emulator.dir/Users/ned/src/Micropython/micropython/lib/pico-sdk/src/rp2_common/pico_stdio/stdio.c.o
                0x10004888                stdio_printf
                0x10004888                __wrap_printf
 .text.stdio_uart_out_chars
                0x100048a0       0x4c CMakeFiles/mc6800_emulator.dir/Users/ned/src/Micropython/micropython/lib/pico-sdk/src/rp2_common/pico_stdio_uart/stdio_uart.c.o
 .text.stdio_uart_in_chars
                0x100048ec       0x90 CMakeFiles/mc6800_emulator.dir/Users/ned/src/Micropython/micropython/lib/pico-sdk/src/rp2_common/pico_stdio_uart/stdio_uart.c.o
                0x100048ec                stdio_uart_in_chars
 .text.on_uart_rx
                0x1000497c       0x28 CMakeFiles/mc6800_emulator.dir/Users/ned/src/Micropython/micropython/lib/pico-sdk/src/rp2_common/pico_stdio_uart/stdio_uart.c.o
 .text.stdio_uart_out_flush
                0x100049a4       0x14 CMakeFiles/mc6800_emulator.dir/Users/ned/src/Micropython/micropython/lib/pico-sdk/src/rp2_common/pico_stdio_uart/stdio_uart.c.o
 .text.stdio_uart_set_chars_available_callback
                0x100049b8       0x84 CMakeFiles/mc6800_emulator.dir/Users/ned/src/Micropython/micropython/lib/pico-sdk/src/rp2_common/pico_stdio_uart/stdio_uart.c.o
 .text.stdio_uart_init
                0x10004a3c       0x50 CMakeFiles/mc6800_emulator.dir/Users/ned/src/Micropython/micropython/lib/pico-sdk/src/rp2_common/pico_stdio_uart/stdio_uart.c.o
                0x10004a3c                stdio_uart_init
 .text.find_offset_for_program.isra.0
                0x10004a8c       0x54 CMakeFiles/mc6800_emulator.dir/Users/ned/src/Micropython/micropython/lib/pico-sdk/src/rp2_common/hardware_pio/pio.c.o
 .text.add_program_at_offset
                0x10004ae0       0xa4 CMakeFiles/mc6800_emulator.dir/Users/ned/src/Micropython/micropython/lib/pico-sdk/src/rp2_common/hardware_pio/pio.c.o
 .text.pio_add_program
                0x10004b84       0x34 CMakeFiles/mc6800_emulator.dir/Users/ned/src/Micropython/micropython/lib/pico-sdk/src/rp2_common/hardware_pio/pio.c.o
                0x10004b84                pio_add_program
 .text.pio_sm_set_consecutive_pindirs
                0x10004bb8       0xb4 CMakeFiles/mc6800_emulator.dir/Users/ned/src/Micropython/micropython/lib/pico-sdk/src/rp2_common/hardware_pio/pio.c.o
                0x10004bb8                pio_sm_set_consecutive_pindirs
 .text.pio_sm_init
                0x10004c6c       0x9c CMakeFiles/mc6800_emulator.dir/Users/ned/src/Micropython/micropython/lib/pico-sdk/src/rp2_common/hardware_pio/pio.c.o
                0x10004c6c                pio_sm_init
 .text.spi_set_baudrate
                0x10004d08       0xb8 CMakeFiles/mc6800_emulator.dir/Users/ned/src/Micropython/micropython/lib/pico-sdk/src/rp2_common/hardware_spi/spi.c.o
                0x10004d08                spi_set_baudrate
 .text.spi_init
                0x10004dc0       0x7c CMakeFiles/mc6800_emulator.dir/Users/ned/src/Micropython/micropython/lib/pico-sdk/src/rp2_common/hardware_spi/spi.c.o
                0x10004dc0                spi_init
 .text.strlen   0x10004e3c       0x5c /Applications/ArmGNUToolchain/14.3.rel1/arm-none-eabi/bin/../lib/gcc/arm-none-eabi/14.3.1/../../../../arm-none-eabi/lib/thumb/v6-m/nofp/libg.a(libc_a-strlen-stub.o)
                0x10004e3c                strlen
 *(.fini)
 .fini          0x10004e98        0x4 /Applications/ArmGNUToolchain/14.3.rel1/arm-none-eabi/bin/../lib/gcc/arm-none-eabi/14.3.1/thumb/v6-m/nofp/crti.o
                0x10004e98                _fini
 *fill*         0x10004e9c        0x4 
 .fini.__stub   0x10004ea0       0x50 linker stubs
 *crtbegin.o(.ctors)
 *crtbegin?.o(.ctors)
 *(EXCLUDE_FILE(*crtend.o *crtend?.o) .ctors)
 *(SORT_BY_NAME(.ctors.*))
 *(.ctors)
 *crtbegin.o(.dtors)
 *crtbegin?.o(.dtors)
 *(EXCLUDE_FILE(*crtend.o *crtend?.o) .dtors)
 *(SORT_BY_NAME(.dtors.*))
 *(.dtors)
                0x10004ef0                        . = ALIGN (0x4)
                0x10004ef0                        PROVIDE (__preinit_array_start = .)
 *(SORT_BY_NAME(.preinit_array.*))
 .preinit_array.00100
                0x10004ef0        0x4 CMakeFiles/mc6800_emulator.dir/Users/ned/src/Micropython/micropython/lib/pico-sdk/src/rp2_common/pico_runtime_init/runtime_init.c.o
                0x10004ef0                __pre_init_runtime_init_early_resets
 .preinit_array.00101
                0x10004ef4        0x4 CMakeFiles/mc6800_emulator.dir/Users/ned/src/Micropython/micropython/lib/pico-sdk/src/rp2_common/pico_runtime_init/runtime_init.c.o
                0x10004ef4                __pre_init_runtime_init_usb_power_down
 .preinit_array.00275
                0x10004ef8        0x4 CMakeFiles/mc6800_emulator.dir/Users/ned/src/Micropython/micropython/lib/pico-sdk/src/rp2_common/pico_bit_ops/bit_ops_aeabi.S.o
 .preinit_array.00300
                0x10004efc        0x4 CMakeFiles/mc6800_emulator.dir/Users/ned/src/Micropython/micropython/lib/pico-sdk/src/rp2_common/pico_mem_ops/mem_ops_aeabi.S.o
 .preinit_array.00350
                0x10004f00        0x4 CMakeFiles/mc6800_emulator.dir/Users/ned/src/Micropython/micropython/lib/pico-sdk/src/rp2_common/pico_double/double_aeabi_rp2040.S.o
 .preinit_array.00350
                0x10004f04        0x4 CMakeFiles/mc6800_emulator.dir/Users/ned/src/Micropython/micropython/lib/pico-sdk/src/rp2_common/pico_float/float_aeabi_rp2040.S.o
 .preinit_array.00500
                0x10004f08        0x4 CMakeFiles/mc6800_emulator.dir/Users/ned/src/Micropython/micropython/lib/pico-sdk/src/rp2_common/pico_runtime_init/runtime_init.c.o
                0x10004f08                __pre_init_runtime_init_clocks
 .preinit_array.00600
                0x10004f0c        0x4 CMakeFiles/mc6800_emulator.dir/Users/ned/src/Micropython/micropython/lib/pico-sdk/src/rp2_common/pico_runtime_init/runtime_init.c.o
                0x10004f0c                __pre_init_runtime_init_post_clock_resets
 .preinit_array.00700
                0x10004f10        0x4 CMakeFiles/mc6800_emulator.dir/Users/ned/src/Micropython/micropython/lib/pico-sdk/src/rp2_common/pico_runtime_init/runtime_init.c.o
                0x10004f10                __pre_init_runtime_init_rp2040_gpio_ie_disable
 .preinit_array.01000
                0x10004f14        0x4 CMakeFiles/mc6800_emulator.dir/Users/ned/src/Micropython/micropython/lib/pico-sdk/src/rp2_common/pico_runtime_init/runtime_init.c.o
                0x10004f14                __pre_init_runtime_init_spin_locks_reset
 .preinit_array.01100
                0x10004f18        0x4 CMakeFiles/mc6800_emulator.dir/Users/ned/src/Micropython/micropython/lib/pico-sdk/src/common/pico_sync/mutex.c.o
                0x10004f18                __pre_init_runtime_init_mutex
 .preinit_array.10080
                0x10004f1c        0x4 CMakeFiles/mc6800_emulator.dir/Users/ned/src/Micropython/micropython/lib/pico-sdk/src/rp2_common/pico_runtime_init/runtime_init.c.o
                0x10004f1c                __pre_init_runtime_init_install_ram_vector_table
 .preinit_array.11000
                0x10004f20        0x4 CMakeFiles/mc6800_emulator.dir/Users/ned/src/Micropython/micropython/lib/pico-sdk/src/common/pico_time/time.c.o
                0x10004f20                __pre_init_runtime_init_default_alarm_pool
 .preinit_array.YYYYY
                0x10004f24        0x4 CMakeFiles/mc6800_emulator.dir/Users/ned/src/Micropython/micropython/lib/pico-sdk/src/rp2_common/pico_runtime/runtime.c.o
                0x10004f24                __pre_init_first_per_core_initializer
 .preinit_array.ZZZZZ.01200
                0x10004f28        0x4 CMakeFiles/mc6800_emulator.dir/Users/ned/src/Micropython/micropython/lib/pico-sdk/src/rp2_common/hardware_irq/irq.c.o
                0x10004f28                __pre_init_runtime_init_per_core_irq_priorities
 *(.preinit_array)
                0x10004f2c                        PROVIDE (__preinit_array_end = .)
                0x10004f2c                        . = ALIGN (0x4)
                0x10004f2c                        PROVIDE (__init_array_start = .)
 *(SORT_BY_NAME(.init_array.*))
 *(.init_array)
 .init_array    0x10004f2c        0x4 /Applications/ArmGNUToolchain/14.3.rel1/arm-none-eabi/bin/../lib/gcc/arm-none-eabi/14.3.1/thumb/v6-m/nofp/crtbegin.o
                0x10004f30                        PROVIDE (__init_array_end = .)
                0x10004f30                        . = ALIGN (0x4)
                [!provide]                        PROVIDE (__fini_array_start = .)
 *(SORT_BY_NAME(.fini_array.*))
 *(.fini_array)
                [!provide]                        PROVIDE (__fini_array_end = .)
 *(.eh_frame*)
 .eh_frame      0x10004f30        0x0 /Applications/ArmGNUToolchain/14.3.rel1/arm-none-eabi/bin/../lib/gcc/arm-none-eabi/14.3.1/thumb/v6-m/nofp/crtbegin.o
                0x10004f30                        . = ALIGN (0x4)

.glue_7         0x10004f30        0x0
 .glue_7        0x10004f30        0x0 linker stubs

.glue_7t        0x10004f30        0x0
 .glue_7t       0x10004f30        0x0 linker stubs

.vfp11_veneer   0x10004f30        0x0
 .vfp11_veneer  0x10004f30        0x0 linker stubs

.v4_bx          0x10004f30        0x0
 .v4_bx         0x10004f30        0x0 linker stubs

.iplt           0x10004f30        0x0
 .iplt          0x10004f30        0x0 /Applications/ArmGNUToolchain/14.3.rel1/arm-none-eabi/bin/../lib/gcc/arm-none-eabi/14.3.1/thumb/v6-m/nofp/crtbegin.o

.rodata         0x10004f30      0xba8
 *(EXCLUDE_FILE(*libm.a: *libc.a:*lib_a-mem*.o *libgcc.a:) .rodata*)
 .rodata.main.str1.4
                0x10004f30      0x538 CMakeFiles/mc6800_emulator.dir/src/main.c.o
                                0x147 (size before relaxing)
 .rodata.cpu_init.str1.4
                0x10005468       0x2e CMakeFiles/mc6800_emulator.dir/src/cpu_state.c.o
 .rodata.memory_init.str1.4
                0x10005468       0x35 CMakeFiles/mc6800_emulator.dir/src/memory.c.o
 .rodata.bus_init.str1.4
                0x10005468       0xdf CMakeFiles/mc6800_emulator.dir/src/bus.c.o
 .rodata.eclock_init.str1.4
                0x10005468       0x52 CMakeFiles/mc6800_emulator.dir/src/clock.c.o
 .rodata.eclock_start.str1.4
                0x10005468       0x10 CMakeFiles/mc6800_emulator.dir/src/clock.c.o
 .rodata.eclock_program
                0x10005468        0x8 CMakeFiles/mc6800_emulator.dir/src/clock.c.o
 .rodata.eclock_program_instructions
                0x10005470        0x4 CMakeFiles/mc6800_emulator.dir/src/clock.c.o
 .rodata.instruction_execute.str1.4
                0x10005474       0x31 CMakeFiles/mc6800_emulator.dir/src/instructions.c.o
 .rodata.instruction_execute
                0x10005474      0x400 CMakeFiles/mc6800_emulator.dir/src/instructions.c.o
 .rodata.interrupts_init.str1.4
                0x10005874       0x65 CMakeFiles/mc6800_emulator.dir/src/interrupts.c.o
 .rodata.interrupt_service_reset.str1.4
                0x10005874       0x25 CMakeFiles/mc6800_emulator.dir/src/interrupts.c.o
 .rodata.interrupt_service_nmi.str1.4
                0x10005874       0x2f CMakeFiles/mc6800_emulator.dir/src/interrupts.c.o
 .rodata.interrupt_service_irq.str1.4
                0x10005874       0x2f CMakeFiles/mc6800_emulator.dir/src/interrupts.c.o
 .rodata.usb_cdc_init.str1.4
                0x10005874       0x1e CMakeFiles/mc6800_emulator.dir/src/usb_cdc.c.o
 .rodata.debug_spi_init.str1.4
                0x10005874       0x33 CMakeFiles/mc6800_emulator.dir/src/debug_spi.c.o
 .rodata.panic.str1.4
                0x10005874       0x12 CMakeFiles/mc6800_emulator.dir/Users/ned/src/Micropython/micropython/lib/pico-sdk/src/rp2_common/pico_platform_panic/panic.c.o
 .rodata.timer_hardware_alarm_claim.str1.4
                0x10005874       0x22 CMakeFiles/mc6800_emulator.dir/Users/ned/src/Micropython/micropython/lib/pico-sdk/src/rp2_common/hardware_timer/timer.c.o
 .rodata.hard_assertion_failure.str1.4
                0x10005874        0xc CMakeFiles/mc6800_emulator.dir/Users/ned/src/Micropython/micropython/lib/pico-sdk/src/rp2_common/pico_runtime/runtime.c.o
 .rodata.str1.4
                0x10005874       0x44 CMakeFiles/mc6800_emulator.dir/Users/ned/src/Micropython/micropython/lib/pico-sdk/src/rp2_common/pico_standard_binary_info/standard_binary_info.c.o
 .rodata.__bi_84
                0x10005874        0xc CMakeFiles/mc6800_emulator.dir/Users/ned/src/Micropython/micropython/lib/pico-sdk/src/rp2_common/pico_standard_binary_info/standard_binary_info.c.o
 .rodata.__bi_78
                0x10005880        0xc CMakeFiles/mc6800_emulator.dir/Users/ned/src/Micropython/micropython/lib/pico-sdk/src/rp2_common/pico_standard_binary_info/standard_binary_info.c.o
 .rodata.__bi_54
                0x1000588c        0xc CMakeFiles/mc6800_emulator.dir/Users/ned/src/Micropython/micropython/lib/pico-sdk/src/rp2_common/pico_standard_binary_info/standard_binary_info.c.o
 .rodata.__bi_48
                0x10005898        0xc CMakeFiles/mc6800_emulator.dir/Users/ned/src/Micropython/micropython/lib/pico-sdk/src/rp2_common/pico_standard_binary_info/standard_binary_info.c.o
 .rodata.__bi_42
                0x100058a4        0xc CMakeFiles/mc6800_emulator.dir/Users/ned/src/Micropython/micropython/lib/pico-sdk/src/rp2_common/pico_standard_binary_info/standard_binary_info.c.o
 .rodata.__bi_34
                0x100058b0        0xc CMakeFiles/mc6800_emulator.dir/Users/ned/src/Micropython/micropython/lib/pico-sdk/src/rp2_common/pico_standard_binary_info/standard_binary_info.c.o
 .rodata.__bi_26
                0x100058bc        0xc CMakeFiles/mc6800_emulator.dir/Users/ned/src/Micropython/micropython/lib/pico-sdk/src/rp2_common/pico_standard_binary_info/standard_binary_info.c.o
 .rodata._ftoa.str1.4
                0x100058c8       0x15 CMakeFiles/mc6800_emulator.dir/Users/ned/src/Micropython/micropython/lib/pico-sdk/src/rp2_common/pico_printf/printf.c.o
 .rodata._vsnprintf
                0x100058c8      0x19c CMakeFiles/mc6800_emulator.dir/Users/ned/src/Micropython/micropython/lib/pico-sdk/src/rp2_common/pico_printf/printf.c.o
 *fill*         0x10005a64        0x4 
 .rodata.pow10.0
                0x10005a68       0x50 CMakeFiles/mc6800_emulator.dir/Users/ned/src/Micropython/micropython/lib/pico-sdk/src/rp2_common/pico_printf/printf.c.o
 .rodata.crlf_str.0
                0x10005ab8        0x2 CMakeFiles/mc6800_emulator.dir/Users/ned/src/Micropython/micropython/lib/pico-sdk/src/rp2_common/pico_stdio/stdio.c.o
 .rodata.str1.4
                0x10005aba       0x2c CMakeFiles/mc6800_emulator.dir/Users/ned/src/Micropython/micropython/lib/pico-sdk/src/rp2_common/pico_stdio_uart/stdio_uart.c.o
 *fill*         0x10005aba        0x2 
 .rodata.__bi_45.4
                0x10005abc        0xc CMakeFiles/mc6800_emulator.dir/Users/ned/src/Micropython/micropython/lib/pico-sdk/src/rp2_common/pico_stdio_uart/stdio_uart.c.o
 .rodata.__bi_49.5
                0x10005ac8        0x8 CMakeFiles/mc6800_emulator.dir/Users/ned/src/Micropython/micropython/lib/pico-sdk/src/rp2_common/pico_stdio_uart/stdio_uart.c.o
 .rodata.__bi_50.6
                0x10005ad0        0x8 CMakeFiles/mc6800_emulator.dir/Users/ned/src/Micropython/micropython/lib/pico-sdk/src/rp2_common/pico_stdio_uart/stdio_uart.c.o
                0x10005ad8                        . = ALIGN (0x4)
 *(SORT_BY_ALIGNMENT(SORT_BY_NAME(.flashdata*)))
                0x10005ad8                        . = ALIGN (0x4)

.ARM.extab
 *(.ARM.extab* .gnu.linkonce.armextab.*)
                0x10005ad8                        __exidx_start = .

.ARM.exidx
 *(.ARM.exidx* .gnu.linkonce.armexidx.*)
                0x10005ad8                        __exidx_end = .
                0x10005ad8                        . = ALIGN (0x4)
                0x10005ad8                        __binary_info_start = .

.binary_info    0x10005ad8       0x28
 *(.binary_info.keep.*)
 .binary_info.keep.__bi_ptr84
                0x10005ad8        0x4 CMakeFiles/mc6800_emulator.dir/Users/ned/src/Micropython/micropython/lib/pico-sdk/src/rp2_common/pico_standard_binary_info/standard_binary_info.c.o
 .binary_info.keep.__bi_ptr78
                0x10005adc        0x4 CMakeFiles/mc6800_emulator.dir/Users/ned/src/Micropython/micropython/lib/pico-sdk/src/rp2_common/pico_standard_binary_info/standard_binary_info.c.o
 .binary_info.keep.__bi_ptr54
                0x10005ae0        0x4 CMakeFiles/mc6800_emulator.dir/Users/ned/src/Micropython/micropython/lib/pico-sdk/src/rp2_common/pico_standard_binary_info/standard_binary_info.c.o
 .binary_info.keep.__bi_ptr48
                0x10005ae4        0x4 CMakeFiles/mc6800_emulator.dir/Users/ned/src/Micropython/micropython/lib/pico-sdk/src/rp2_common/pico_standard_binary_info/standard_binary_info.c.o
 .binary_info.keep.__bi_ptr42
                0x10005ae8        0x4 CMakeFiles/mc6800_emulator.dir/Users/ned/src/Micropython/micropython/lib/pico-sdk/src/rp2_common/pico_standard_binary_info/standard_binary_info.c.o
 .binary_info.keep.__bi_ptr34
                0x10005aec        0x4 CMakeFiles/mc6800_emulator.dir/Users/ned/src/Micropython/micropython/lib/pico-sdk/src/rp2_common/pico_standard_binary_info/standard_binary_info.c.o
 .binary_info.keep.__bi_ptr26
                0x10005af0        0x4 CMakeFiles/mc6800_emulator.dir/Users/ned/src/Micropython/micropython/lib/pico-sdk/src/rp2_common/pico_standard_binary_info/standard_binary_info.c.o
 *(.binary_info.*)
 .binary_info.__bi_ptr50
                0x10005af4        0x4 CMakeFiles/mc6800_emulator.dir/Users/ned/src/Micropython/micropython/lib/pico-sdk/src/rp2_common/pico_stdio_uart/stdio_uart.c.o
 .binary_info.__bi_ptr49
                0x10005af8        0x4 CMakeFiles/mc6800_emulator.dir/Users/ned/src/Micropython/micropython/lib/pico-sdk/src/rp2_common/pico_stdio_uart/stdio_uart.c.o
 .binary_info.__bi_ptr45
                0x10005afc        0x4 CMakeFiles/mc6800_emulator.dir/Users/ned/src/Micropython/micropython/lib/pico-sdk/src/rp2_common/pico_stdio_uart/stdio_uart.c.o
                0x10005b00                        __binary_info_end = .

.rel.dyn        0x10005b00        0x0
 .rel.iplt      0x10005b00        0x0 /Applications/ArmGNUToolchain/14.3.rel1/arm-none-eabi/bin/../lib/gcc/arm-none-eabi/14.3.1/thumb/v6-m/nofp/crtbegin.o
                0x10005b00                        . = ALIGN (0x4)

.ram_vector_table
                0x20000000       0xc0
 *(.ram_vector_table)
 .ram_vector_table
                0x20000000       0xc0 CMakeFiles/mc6800_emulator.dir/Users/ned/src/Micropython/micropython/lib/pico-sdk/src/rp2_common/pico_runtime_init/runtime_init.c.o
                0x20000000                ram_vector_table

.uninitialized_data
                0x200000c0        0x0
                0x200000c0                        . = ALIGN (0x4)
 *(.uninitialized_data*)

.data           0x200000c0      0x200 load address 0x10005b00
                0x200000c0                        __data_start__ = .
 *(vtable)
 *(.time_critical*)
 .time_critical.mutex_enter_block_until
                0x200000c0       0x70 CMakeFiles/mc6800_emulator.dir/Users/ned/src/Micropython/micropython/lib/pico-sdk/src/common/pico_sync/mutex.c.o
                0x200000c0                mutex_enter_block_until
 .time_critical.mutex_try_enter_block_until
                0x20000130       0x5c CMakeFiles/mc6800_emulator.dir/Users/ned/src/Micropython/micropython/lib/pico-sdk/src/common/pico_sync/mutex.c.o
                0x20000130                mutex_try_enter_block_until
 .time_critical.mutex_exit
                0x2000018c       0x28 CMakeFiles/mc6800_emulator.dir/Users/ned/src/Micropython/micropython/lib/pico-sdk/src/common/pico_sync/mutex.c.o
                0x2000018c                mutex_exit
 .time_critical.spi_write_blocking
                0x200001b4       0x4c CMakeFiles/mc6800_emulator.dir/Users/ned/src/Micropython/micropython/lib/pico-sdk/src/rp2_common/hardware_spi/spi.c.o
                0x200001b4                spi_write_blocking
 *(.text*)
 .text          0x20000200        0x4 /Applications/ArmGNUToolchain/14.3.rel1/arm-none-eabi/bin/../lib/gcc/arm-none-eabi/14.3.1/thumb/v6-m/nofp/libgcc.a(_dvmd_tls.o)
                0x20000200                __aeabi_ldiv0
                0x20000200                __aeabi_idiv0
 *fill*         0x20000204        0x4 
 .text.__stub   0x20000208       0x10 linker stubs
                0x20000218                        . = ALIGN (0x4)
 *(.rodata*)
                0x20000218                        . = ALIGN (0x4)
 *(.data*)
 .data.debug_enabled
                0x20000218        0x1 CMakeFiles/mc6800_emulator.dir/src/debug_spi.c.o
 .data.striped_spin_lock_num
                0x20000219        0x1 CMakeFiles/mc6800_emulator.dir/Users/ned/src/Micropython/micropython/lib/pico-sdk/src/rp2_common/hardware_sync/sync.c.o
 *fill*         0x2000021a        0x2 
 .data          0x2000021c       0x48 CMakeFiles/mc6800_emulator.dir/Users/ned/src/Micropython/micropython/lib/pico-sdk/src/rp2_common/hardware_irq/irq_handler_chain.S.o
                0x2000021c                irq_handler_chain_slots
                0x2000024c                irq_handler_chain_first_slot
                0x20000256                irq_handler_chain_remove_tail
 .data.default_alarm_pool
                0x20000264       0x18 CMakeFiles/mc6800_emulator.dir/Users/ned/src/Micropython/micropython/lib/pico-sdk/src/common/pico_time/time.c.o
 *fill*         0x2000027c        0x4 
 .data.aeabi_bits_funcs
                0x20000280       0x10 CMakeFiles/mc6800_emulator.dir/Users/ned/src/Micropython/micropython/lib/pico-sdk/src/rp2_common/pico_bit_ops/bit_ops_aeabi.S.o
                0x20000280                aeabi_bits_funcs
                0x20000290                aeabi_bits_funcs_end
 .data.aeabi_mem_funcs
                0x20000290       0x10 CMakeFiles/mc6800_emulator.dir/Users/ned/src/Micropython/micropython/lib/pico-sdk/src/rp2_common/pico_mem_ops/mem_ops_aeabi.S.o
                0x20000290                aeabi_mem_funcs
                0x200002a0                aeabi_mem_funcs_end
 .data.stdio_uart
                0x200002a0       0x18 CMakeFiles/mc6800_emulator.dir/Users/ned/src/Micropython/micropython/lib/pico-sdk/src/rp2_common/pico_stdio_uart/stdio_uart.c.o
                0x200002a0                stdio_uart
                0x200002b8                        . = ALIGN (0x4)
 *(.after_data.*)
                0x200002b8                        . = ALIGN (0x4)
                0x200002b8                        PROVIDE (__mutex_array_start = .)
 *(SORT_BY_NAME(.mutex_array.*))
 *(.mutex_array)
 .mutex_array   0x200002b8        0x8 CMakeFiles/mc6800_emulator.dir/Users/ned/src/Micropython/micropython/lib/pico-sdk/src/rp2_common/pico_stdio/stdio.c.o
                0x200002c0                        PROVIDE (__mutex_array_end = .)
                0x200002c0                        . = ALIGN (0x4)
 *(.jcr)
                0x200002c0                        . = ALIGN (0x4)

.tm_clone_table
                0x200002c0        0x0 load address 0x10005d00
 .tm_clone_table
                0x200002c0        0x0 /Applications/ArmGNUToolchain/14.3.rel1/arm-none-eabi/bin/../lib/gcc/arm-none-eabi/14.3.1/thumb/v6-m/nofp/crtbegin.o
 .tm_clone_table
                0x200002c0        0x0 /Applications/ArmGNUToolchain/14.3.rel1/arm-none-eabi/bin/../lib/gcc/arm-none-eabi/14.3.1/thumb/v6-m/nofp/crtend.o

.igot.plt       0x200002c0        0x0 load address 0x10005d00
 .igot.plt      0x200002c0        0x0 /Applications/ArmGNUToolchain/14.3.rel1/arm-none-eabi/bin/../lib/gcc/arm-none-eabi/14.3.1/thumb/v6-m/nofp/crtbegin.o

.tdata          0x200002c0        0x0 load address 0x10005d00
                0x200002c0                        . = ALIGN (0x4)
 *(.tdata .tdata.* .gnu.linkonce.td.*)
                0x200002c0                        __tdata_end = .
                0x200002c0                        PROVIDE (__data_end__ = .)
                0x10005b00                        __etext = LOADADDR (.data)

.tbss           0x200002c0        0x0 load address 0x10005d00
                0x200002c0                        . = ALIGN (0x4)
                0x200002c0                        __bss_start__ = .
                0x200002c0                        __tls_base = .
 *(.tbss .tbss.* .gnu.linkonce.tb.*)
 *(.tcommon)
                0x200002c0                        __tls_end = .

.bss            0x200002c0     0x882c load address 0x10005d00
                0x200002c0                        . = ALIGN (0x4)
                0x200002c0                        __tbss_end = .
 *(SORT_BY_ALIGNMENT(SORT_BY_NAME(.bss*)))
 .bss.default_alarm_pool_entries
                0x200002c0      0x180 CMakeFiles/mc6800_emulator.dir/Users/ned/src/Micropython/micropython/lib/pico-sdk/src/common/pico_time/time.c.o
 .bss.sd_table  0x20000440      0x100 CMakeFiles/mc6800_emulator.dir/Users/ned/src/Micropython/micropython/lib/pico-sdk/src/rp2_common/pico_double/double_init_rom_rp2040.c.o
                0x20000440                sd_table
 .bss._used_instruction_space
                0x20000540        0x8 CMakeFiles/mc6800_emulator.dir/Users/ned/src/Micropython/micropython/lib/pico-sdk/src/rp2_common/hardware_pio/pio.c.o
 .bss.chars_available_callback
                0x20000548        0x4 CMakeFiles/mc6800_emulator.dir/Users/ned/src/Micropython/micropython/lib/pico-sdk/src/rp2_common/pico_stdio_uart/stdio_uart.c.o
 .bss.chars_available_param
                0x2000054c        0x4 CMakeFiles/mc6800_emulator.dir/Users/ned/src/Micropython/micropython/lib/pico-sdk/src/rp2_common/pico_stdio_uart/stdio_uart.c.o
 .bss.claimed   0x20000550        0x1 CMakeFiles/mc6800_emulator.dir/Users/ned/src/Micropython/micropython/lib/pico-sdk/src/rp2_common/hardware_timer/timer.c.o
 *fill*         0x20000551        0x3 
 .bss.configured_freq
                0x20000554       0x28 CMakeFiles/mc6800_emulator.dir/Users/ned/src/Micropython/micropython/lib/pico-sdk/src/rp2_common/hardware_clocks/clocks.c.o
 .bss.cpu       0x2000057c        0xe CMakeFiles/mc6800_emulator.dir/src/cpu_state.c.o
                0x2000057c                cpu
 *fill*         0x2000058a        0x2 
 .bss.cycle_count
                0x2000058c        0x4 CMakeFiles/mc6800_emulator.dir/src/clock.c.o
 .bss.drivers   0x20000590        0x4 CMakeFiles/mc6800_emulator.dir/Users/ned/src/Micropython/micropython/lib/pico-sdk/src/rp2_common/pico_stdio/stdio.c.o
 .bss.filter    0x20000594        0x4 CMakeFiles/mc6800_emulator.dir/Users/ned/src/Micropython/micropython/lib/pico-sdk/src/rp2_common/pico_stdio/stdio.c.o
 .bss.lazy_vsnprintf
                0x20000598        0x4 CMakeFiles/mc6800_emulator.dir/Users/ned/src/Micropython/micropython/lib/pico-sdk/src/rp2_common/pico_printf/printf.c.o
 .bss.mem_config
                0x2000059c       0x14 CMakeFiles/mc6800_emulator.dir/src/memory.c.o
 .bss.object.0  0x200005b0       0x18 /Applications/ArmGNUToolchain/14.3.rel1/arm-none-eabi/bin/../lib/gcc/arm-none-eabi/14.3.1/thumb/v6-m/nofp/crtbegin.o
 .bss.pools     0x200005c8       0x10 CMakeFiles/mc6800_emulator.dir/Users/ned/src/Micropython/micropython/lib/pico-sdk/src/common/pico_time/time.c.o
 .bss.ram_shadow
                0x200005d8      0x400 CMakeFiles/mc6800_emulator.dir/src/memory.c.o
 .bss.rom_load_buffer
                0x200009d8     0x8000 CMakeFiles/mc6800_emulator.dir/src/memory.c.o
 .bss.sf_clz_func
                0x200089d8        0x4 CMakeFiles/mc6800_emulator.dir/Users/ned/src/Micropython/micropython/lib/pico-sdk/src/rp2_common/pico_double/double_init_rom_rp2040.c.o
                0x200089d8                sf_clz_func
 .bss.sf_table  0x200089dc      0x100 CMakeFiles/mc6800_emulator.dir/Users/ned/src/Micropython/micropython/lib/pico-sdk/src/rp2_common/pico_float/float_init_rom_rp2040.c.o
                0x200089dc                sf_table
 .bss.sleep_notifier
                0x20008adc        0x4 CMakeFiles/mc6800_emulator.dir/Users/ned/src/Micropython/micropython/lib/pico-sdk/src/common/pico_time/time.c.o
 .bss.uart_char_to_line_feed
                0x20008ae0        0x4 CMakeFiles/mc6800_emulator.dir/Users/ned/src/Micropython/micropython/lib/pico-sdk/src/rp2_common/hardware_uart/uart.c.o
                0x20008ae0                uart_char_to_line_feed
 .bss.uart_instance
                0x20008ae4        0x4 CMakeFiles/mc6800_emulator.dir/Users/ned/src/Micropython/micropython/lib/pico-sdk/src/rp2_common/pico_stdio_uart/stdio_uart.c.o
 .bss.irq_handler_chain_free_slot_head
                0x20008ae8        0x1 CMakeFiles/mc6800_emulator.dir/Users/ned/src/Micropython/micropython/lib/pico-sdk/src/rp2_common/hardware_irq/irq.c.o
 .bss.last_e_state
                0x20008ae9        0x1 CMakeFiles/mc6800_emulator.dir/src/clock.c.o
 .bss.last_nmi_state
                0x20008aea        0x1 CMakeFiles/mc6800_emulator.dir/src/interrupts.c.o
 .bss.last_reset_state
                0x20008aeb        0x1 CMakeFiles/mc6800_emulator.dir/src/interrupts.c.o
 *(COMMON)
                0x20008aec                        . = ALIGN (0x4)
                0x20008aec                        __bss_end__ = .

.heap           0x20008aec      0x800 load address 0x10005d00
                0x20008aec                        __end__ = .
                0x20008aec                        end = __end__
 *(.heap*)
 .heap          0x20008aec      0x800 CMakeFiles/mc6800_emulator.dir/Users/ned/src/Micropython/micropython/lib/pico-sdk/src/rp2_common/pico_crt0/crt0.S.o
                0x20040000                        __HeapLimit = (ORIGIN (RAM) + LENGTH (RAM))

.scratch_x      0x20040000        0x0 load address 0x10005d00
                0x20040000                        __scratch_x_start__ = .
 *(.scratch_x.*)
                0x20040000                        . = ALIGN (0x4)
                0x20040000                        __scratch_x_end__ = .
                0x10005d00                        __scratch_x_source__ = LOADADDR (.scratch_x)

.scratch_y      0x20041000        0x0 load address 0x10005d00
                0x20041000                        __scratch_y_start__ = .
 *(.scratch_y.*)
                0x20041000                        . = ALIGN (0x4)
                0x20041000                        __scratch_y_end__ = .
                0x10005d00                        __scratch_y_source__ = LOADADDR (.scratch_y)

.stack1_dummy
 *(.stack1*)

.stack_dummy    0x20041000      0x800
 *(.stack*)
 .stack         0x20041000      0x800 CMakeFiles/mc6800_emulator.dir/Users/ned/src/Micropython/micropython/lib/pico-sdk/src/rp2_common/pico_crt0/crt0.S.o

.flash_end      0x10005d00        0x0
 *(.embedded_end_block*)
                0x10005d00                        PROVIDE (__flash_binary_end = .)
                0x20040000                        __StackLimit = (ORIGIN (RAM) + LENGTH (RAM))
                0x20041000                        __StackOneTop = (ORIGIN (SCRATCH_X) + LENGTH (SCRATCH_X))
                0x20042000                        __StackTop = (ORIGIN (SCRATCH_Y) + LENGTH (SCRATCH_Y))
                0x20041000                        __StackOneBottom = (__StackOneTop - SIZEOF (.stack1_dummy))
                0x20041800                        __StackBottom = (__StackTop - SIZEOF (.stack_dummy))
                0x20042000                        PROVIDE (__stack = __StackTop)
                [!provide]                        PROVIDE (__heap_start = __end__)
                [!provide]                        PROVIDE (__heap_end = __HeapLimit)
                [!provide]                        PROVIDE (__tls_align = MAX (ALIGNOF (.tdata), ALIGNOF (.tbss)))
                [!provide]                        PROVIDE (__tls_size_align = (((__tls_size + __tls_align) - 0x1) & ~ ((__tls_align - 0x1))))
                [!provide]                        PROVIDE (__arm32_tls_tcb_offset = MAX (0x8, __tls_align))
                [!provide]                        PROVIDE (_end = __end__)
                [!provide]                        PROVIDE (__llvm_libc_heap_limit = __HeapLimit)
                0x00000001                        ASSERT ((__StackLimit >= __HeapLimit), region RAM overflowed)
                0x00000001                        ASSERT (((__binary_info_header_end - __logical_binary_start) <= 0x100), Binary info must be in first 256 bytes of the binary)
LOAD CMakeFiles/mc6800_emulator.dir/src/main.c.o
LOAD CMakeFiles/mc6800_emulator.dir/src/cpu_state.c.o
LOAD CMakeFiles/mc6800_emulator.dir/src/memory.c.o
LOAD CMakeFiles/mc6800_emulator.dir/src/bus.c.o
LOAD CMakeFiles/mc6800_emulator.dir/src/clock.c.o
LOAD CMakeFiles/mc6800_emulator.dir/src/instructions.c.o
LOAD CMakeFiles/mc6800_emulator.dir/src/interrupts.c.o
LOAD CMakeFiles/mc6800_emulator.dir/src/usb_cdc.c.o
LOAD CMakeFiles/mc6800_emulator.dir/src/ihex_parser.c.o
LOAD CMakeFiles/mc6800_emulator.dir/src/debug_spi.c.o
LOAD CMakeFiles/mc6800_emulator.dir/Users/ned/src/Micropython/micropython/lib/pico-sdk/src/rp2_common/pico_stdlib/stdlib.c.o
LOAD CMakeFiles/mc6800_emulator.dir/Users/ned/src/Micropython/micropython/lib/pico-sdk/src/rp2_common/hardware_gpio/gpio.c.o
LOAD CMakeFiles/mc6800_emulator.dir/Users/ned/src/Micropython/micropython/lib/pico-sdk/src/rp2040/pico_platform/platform.c.o
LOAD CMakeFiles/mc6800_emulator.dir/Users/ned/src/Micropython/micropython/lib/pico-sdk/src/rp2_common/pico_platform_panic/panic.c.o
LOAD CMakeFiles/mc6800_emulator.dir/Users/ned/src/Micropython/micropython/lib/pico-sdk/src/common/hardware_claim/claim.c.o
LOAD CMakeFiles/mc6800_emulator.dir/Users/ned/src/Micropython/micropython/lib/pico-sdk/src/rp2_common/hardware_sync/sync.c.o
LOAD CMakeFiles/mc6800_emulator.dir/Users/ned/src/Micropython/micropython/lib/pico-sdk/src/rp2_common/hardware_sync_spin_lock/sync_spin_lock.c.o
LOAD CMakeFiles/mc6800_emulator.dir/Users/ned/src/Micropython/micropython/lib/pico-sdk/src/rp2_common/hardware_irq/irq.c.o
LOAD CMakeFiles/mc6800_emulator.dir/Users/ned/src/Micropython/micropython/lib/pico-sdk/src/rp2_common/hardware_irq/irq_handler_chain.S.o
LOAD CMakeFiles/mc6800_emulator.dir/Users/ned/src/Micropython/micropython/lib/pico-sdk/src/common/pico_sync/sem.c.o
LOAD CMakeFiles/mc6800_emulator.dir/Users/ned/src/Micropython/micropython/lib/pico-sdk/src/common/pico_sync/lock_core.c.o
LOAD CMakeFiles/mc6800_emulator.dir/Users/ned/src/Micropython/micropython/lib/pico-sdk/src/common/pico_sync/mutex.c.o
LOAD CMakeFiles/mc6800_emulator.dir/Users/ned/src/Micropython/micropython/lib/pico-sdk/src/common/pico_sync/critical_section.c.o
LOAD CMakeFiles/mc6800_emulator.dir/Users/ned/src/Micropython/micropython/lib/pico-sdk/src/common/pico_time/time.c.o
LOAD CMakeFiles/mc6800_emulator.dir/Users/ned/src/Micropython/micropython/lib/pico-sdk/src/common/pico_time/timeout_helper.c.o
LOAD CMakeFiles/mc6800_emulator.dir/Users/ned/src/Micropython/micropython/lib/pico-sdk/src/rp2_common/hardware_timer/timer.c.o
LOAD CMakeFiles/mc6800_emulator.dir/Users/ned/src/Micropython/micropython/lib/pico-sdk/src/common/pico_util/datetime.c.o
LOAD CMakeFiles/mc6800_emulator.dir/Users/ned/src/Micropython/micropython/lib/pico-sdk/src/common/pico_util/pheap.c.o
LOAD CMakeFiles/mc6800_emulator.dir/Users/ned/src/Micropython/micropython/lib/pico-sdk/src/common/pico_util/queue.c.o
LOAD CMakeFiles/mc6800_emulator.dir/Users/ned/src/Micropython/micropython/lib/pico-sdk/src/rp2_common/hardware_uart/uart.c.o
LOAD CMakeFiles/mc6800_emulator.dir/Users/ned/src/Micropython/micropython/lib/pico-sdk/src/rp2_common/hardware_clocks/clocks.c.o
LOAD CMakeFiles/mc6800_emulator.dir/Users/ned/src/Micropython/micropython/lib/pico-sdk/src/rp2_common/hardware_pll/pll.c.o
LOAD CMakeFiles/mc6800_emulator.dir/Users/ned/src/Micropython/micropython/lib/pico-sdk/src/rp2_common/hardware_vreg/vreg.c.o
LOAD CMakeFiles/mc6800_emulator.dir/Users/ned/src/Micropython/micropython/lib/pico-sdk/src/rp2_common/hardware_watchdog/watchdog.c.o
LOAD CMakeFiles/mc6800_emulator.dir/Users/ned/src/Micropython/micropython/lib/pico-sdk/src/rp2_common/hardware_ticks/ticks.c.o
LOAD CMakeFiles/mc6800_emulator.dir/Users/ned/src/Micropython/micropython/lib/pico-sdk/src/rp2_common/pico_bootrom/bootrom.c.o
LOAD CMakeFiles/mc6800_emulator.dir/Users/ned/src/Micropython/micropython/lib/pico-sdk/src/rp2_common/pico_bootrom/bootrom_lock.c.o
LOAD CMakeFiles/mc6800_emulator.dir/Users/ned/src/Micropython/micropython/lib/pico-sdk/src/rp2_common/hardware_boot_lock/boot_lock.c.o
LOAD CMakeFiles/mc6800_emulator.dir/Users/ned/src/Micropython/micropython/lib/pico-sdk/src/rp2_common/pico_flash/flash.c.o
LOAD CMakeFiles/mc6800_emulator.dir/Users/ned/src/Micropython/micropython/lib/pico-sdk/src/rp2_common/hardware_xosc/xosc.c.o
LOAD CMakeFiles/mc6800_emulator.dir/Users/ned/src/Micropython/micropython/lib/pico-sdk/src/rp2_common/hardware_divider/divider.S.o
LOAD CMakeFiles/mc6800_emulator.dir/Users/ned/src/Micropython/micropython/lib/pico-sdk/src/rp2_common/pico_runtime/runtime.c.o
LOAD CMakeFiles/mc6800_emulator.dir/Users/ned/src/Micropython/micropython/lib/pico-sdk/src/rp2_common/pico_runtime_init/runtime_init.c.o
LOAD CMakeFiles/mc6800_emulator.dir/Users/ned/src/Micropython/micropython/lib/pico-sdk/src/rp2_common/pico_runtime_init/runtime_init_clocks.c.o
LOAD CMakeFiles/mc6800_emulator.dir/Users/ned/src/Micropython/micropython/lib/pico-sdk/src/rp2_common/pico_runtime_init/runtime_init_stack_guard.c.o
LOAD CMakeFiles/mc6800_emulator.dir/Users/ned/src/Micropython/micropython/lib/pico-sdk/src/rp2_common/pico_bit_ops/bit_ops_aeabi.S.o
LOAD CMakeFiles/mc6800_emulator.dir/Users/ned/src/Micropython/micropython/lib/pico-sdk/src/rp2_common/pico_divider/divider_hardware.S.o
LOAD CMakeFiles/mc6800_emulator.dir/Users/ned/src/Micropython/micropython/lib/pico-sdk/src/rp2_common/pico_double/double_aeabi_rp2040.S.o
LOAD CMakeFiles/mc6800_emulator.dir/Users/ned/src/Micropython/micropython/lib/pico-sdk/src/rp2_common/pico_double/double_init_rom_rp2040.c.o
LOAD CMakeFiles/mc6800_emulator.dir/Users/ned/src/Micropython/micropython/lib/pico-sdk/src/rp2_common/pico_double/double_math.c.o
LOAD CMakeFiles/mc6800_emulator.dir/Users/ned/src/Micropython/micropython/lib/pico-sdk/src/rp2_common/pico_double/double_v1_rom_shim_rp2040.S.o
LOAD CMakeFiles/mc6800_emulator.dir/Users/ned/src/Micropython/micropython/lib/pico-sdk/src/rp2_common/pico_int64_ops/pico_int64_ops_aeabi.S.o
LOAD CMakeFiles/mc6800_emulator.dir/Users/ned/src/Micropython/micropython/lib/pico-sdk/src/rp2_common/pico_float/float_aeabi_rp2040.S.o
LOAD CMakeFiles/mc6800_emulator.dir/Users/ned/src/Micropython/micropython/lib/pico-sdk/src/rp2_common/pico_float/float_init_rom_rp2040.c.o
LOAD CMakeFiles/mc6800_emulator.dir/Users/ned/src/Micropython/micropython/lib/pico-sdk/src/rp2_common/pico_float/float_math.c.o
LOAD CMakeFiles/mc6800_emulator.dir/Users/ned/src/Micropython/micropython/lib/pico-sdk/src/rp2_common/pico_float/float_v1_rom_shim_rp2040.S.o
LOAD CMakeFiles/mc6800_emulator.dir/Users/ned/src/Micropython/micropython/lib/pico-sdk/src/rp2_common/pico_malloc/malloc.c.o
LOAD CMakeFiles/mc6800_emulator.dir/Users/ned/src/Micropython/micropython/lib/pico-sdk/src/rp2_common/pico_mem_ops/mem_ops_aeabi.S.o
LOAD CMakeFiles/mc6800_emulator.dir/Users/ned/src/Micropython/micropython/lib/pico-sdk/src/rp2_common/pico_atomic/atomic.c.o
LOAD CMakeFiles/mc6800_emulator.dir/Users/ned/src/Micropython/micropython/lib/pico-sdk/src/rp2_common/pico_cxx_options/new_delete.cpp.o
LOAD CMakeFiles/mc6800_emulator.dir/Users/ned/src/Micropython/micropython/lib/pico-sdk/src/rp2_common/pico_standard_binary_info/standard_binary_info.c.o
LOAD CMakeFiles/mc6800_emulator.dir/Users/ned/src/Micropython/micropython/lib/pico-sdk/src/rp2_common/pico_printf/printf.c.o
LOAD CMakeFiles/mc6800_emulator.dir/Users/ned/src/Micropython/micropython/lib/pico-sdk/src/rp2_common/pico_crt0/crt0.S.o
LOAD CMakeFiles/mc6800_emulator.dir/Users/ned/src/Micropython/micropython/lib/pico-sdk/src/rp2_common/pico_clib_interface/newlib_interface.c.o
LOAD CMakeFiles/mc6800_emulator.dir/Users/ned/src/Micropython/micropython/lib/pico-sdk/src/rp2_common/pico_stdio/stdio.c.o
LOAD CMakeFiles/mc6800_emulator.dir/Users/ned/src/Micropython/micropython/lib/pico-sdk/src/rp2_common/pico_stdio_uart/stdio_uart.c.o
LOAD CMakeFiles/mc6800_emulator.dir/Users/ned/src/Micropython/micropython/lib/pico-sdk/src/rp2_common/hardware_pio/pio.c.o
LOAD CMakeFiles/mc6800_emulator.dir/Users/ned/src/Micropython/micropython/lib/pico-sdk/src/rp2_common/hardware_dma/dma.c.o
LOAD CMakeFiles/mc6800_emulator.dir/Users/ned/src/Micropython/micropython/lib/pico-sdk/src/rp2_common/hardware_spi/spi.c.o
LOAD CMakeFiles/mc6800_emulator.dir/Users/ned/src/Micropython/micropython/lib/pico-sdk/src/rp2_common/hardware_flash/flash.c.o
LOAD CMakeFiles/mc6800_emulator.dir/Users/ned/src/Micropython/micropython/lib/pico-sdk/src/rp2_common/hardware_xip_cache/xip_cache.c.o
LOAD pico-sdk/src/rp2040/boot_stage2/CMakeFiles/bs2_default_library.dir/bs2_default_padded_checksummed.S.o
LOAD /Applications/ArmGNUToolchain/14.3.rel1/arm-none-eabi/bin/../lib/gcc/arm-none-eabi/14.3.1/../../../../arm-none-eabi/lib/thumb/v6-m/nofp/libstdc++.a
LOAD /Applications/ArmGNUToolchain/14.3.rel1/arm-none-eabi/bin/../lib/gcc/arm-none-eabi/14.3.1/../../../../arm-none-eabi/lib/thumb/v6-m/nofp/libm.a
START GROUP
LOAD /Applications/ArmGNUToolchain/14.3.rel1/arm-none-eabi/bin/../lib/gcc/arm-none-eabi/14.3.1/thumb/v6-m/nofp/libgcc.a
LOAD /Applications/ArmGNUToolchain/14.3.rel1/arm-none-eabi/bin/../lib/gcc/arm-none-eabi/14.3.1/../../../../arm-none-eabi/lib/thumb/v6-m/nofp/libg.a
LOAD /Applications/ArmGNUToolchain/14.3.rel1/arm-none-eabi/bin/../lib/gcc/arm-none-eabi/14.3.1/../../../../arm-none-eabi/lib/thumb/v6-m/nofp/libc.a
END GROUP
START GROUP
LOAD /Applications/ArmGNUToolchain/14.3.rel1/arm-none-eabi/bin/../lib/gcc/arm-none-eabi/14.3.1/thumb/v6-m/nofp/libgcc.a
LOAD /Applications/ArmGNUToolchain/14.3.rel1/arm-none-eabi/bin/../lib/gcc/arm-none-eabi/14.3.1/../../../../arm-none-eabi/lib/thumb/v6-m/nofp/libc.a
LOAD /Applications/ArmGNUToolchain/14.3.rel1/arm-none-eabi/bin/../lib/gcc/arm-none-eabi/14.3.1/../../../../arm-none-eabi/lib/thumb/v6-m/nofp/libnosys.a
END GROUP
LOAD /Applications/ArmGNUToolchain/14.3.rel1/arm-none-eabi/bin/../lib/gcc/arm-none-eabi/14.3.1/thumb/v6-m/nofp/crtend.o
LOAD /Applications/ArmGNUToolchain/14.3.rel1/arm-none-eabi/bin/../lib/gcc/arm-none-eabi/14.3.1/thumb/v6-m/nofp/crtn.o
OUTPUT(mc6800_emulator.elf elf32-littlearm)
LOAD linker stubs

.ARM.attributes
                0x00000000       0x28
 .ARM.attributes
                0x00000000       0x1e /Applications/ArmGNUToolchain/14.3.rel1/arm-none-eabi/bin/../lib/gcc/arm-none-eabi/14.3.1/thumb/v6-m/nofp/crti.o
 .ARM.attributes
                0x0000001e       0x2c /Applications/ArmGNUToolchain/14.3.rel1/arm-none-eabi/bin/../lib/gcc/arm-none-eabi/14.3.1/thumb/v6-m/nofp/crtbegin.o
 .ARM.attributes
                0x0000004a       0x2c CMakeFiles/mc6800_emulator.dir/src/main.c.o
 .ARM.attributes
                0x00000076       0x2c CMakeFiles/mc6800_emulator.dir/src/cpu_state.c.o
 .ARM.attributes
                0x000000a2       0x2c CMakeFiles/mc6800_emulator.dir/src/memory.c.o
 .ARM.attributes
                0x000000ce       0x2c CMakeFiles/mc6800_emulator.dir/src/bus.c.o
 .ARM.attributes
                0x000000fa       0x2c CMakeFiles/mc6800_emulator.dir/src/clock.c.o
 .ARM.attributes
                0x00000126       0x2c CMakeFiles/mc6800_emulator.dir/src/instructions.c.o
 .ARM.attributes
                0x00000152       0x2c CMakeFiles/mc6800_emulator.dir/src/interrupts.c.o
 .ARM.attributes
                0x0000017e       0x2c CMakeFiles/mc6800_emulator.dir/src/usb_cdc.c.o
 .ARM.attributes
                0x000001aa       0x2c CMakeFiles/mc6800_emulator.dir/src/debug_spi.c.o
 .ARM.attributes
                0x000001d6       0x2c CMakeFiles/mc6800_emulator.dir/Users/ned/src/Micropython/micropython/lib/pico-sdk/src/rp2_common/hardware_gpio/gpio.c.o
 .ARM.attributes
                0x00000202       0x2c CMakeFiles/mc6800_emulator.dir/Users/ned/src/Micropython/micropython/lib/pico-sdk/src/rp2_common/pico_platform_panic/panic.c.o
 .ARM.attributes
                0x0000022e       0x2c CMakeFiles/mc6800_emulator.dir/Users/ned/src/Micropython/micropython/lib/pico-sdk/src/common/hardware_claim/claim.c.o
 .ARM.attributes
                0x0000025a       0x2c CMakeFiles/mc6800_emulator.dir/Users/ned/src/Micropython/micropython/lib/pico-sdk/src/rp2_common/hardware_sync/sync.c.o
 .ARM.attributes
                0x00000286       0x2c CMakeFiles/mc6800_emulator.dir/Users/ned/src/Micropython/micropython/lib/pico-sdk/src/rp2_common/hardware_sync_spin_lock/sync_spin_lock.c.o
 .ARM.attributes
                0x000002b2       0x2c CMakeFiles/mc6800_emulator.dir/Users/ned/src/Micropython/micropython/lib/pico-sdk/src/rp2_common/hardware_irq/irq.c.o
 .ARM.attributes
                0x000002de       0x22 CMakeFiles/mc6800_emulator.dir/Users/ned/src/Micropython/micropython/lib/pico-sdk/src/rp2_common/hardware_irq/irq_handler_chain.S.o
 .ARM.attributes
                0x00000300       0x2c CMakeFiles/mc6800_emulator.dir/Users/ned/src/Micropython/micropython/lib/pico-sdk/src/common/pico_sync/lock_core.c.o
 .ARM.attributes
                0x0000032c       0x2c CMakeFiles/mc6800_emulator.dir/Users/ned/src/Micropython/micropython/lib/pico-sdk/src/common/pico_sync/mutex.c.o
 .ARM.attributes
                0x00000358       0x2c CMakeFiles/mc6800_emulator.dir/Users/ned/src/Micropython/micropython/lib/pico-sdk/src/common/pico_time/time.c.o
 .ARM.attributes
                0x00000384       0x2c CMakeFiles/mc6800_emulator.dir/Users/ned/src/Micropython/micropython/lib/pico-sdk/src/rp2_common/hardware_timer/timer.c.o
 .ARM.attributes
                0x000003b0       0x2c CMakeFiles/mc6800_emulator.dir/Users/ned/src/Micropython/micropython/lib/pico-sdk/src/rp2_common/hardware_uart/uart.c.o
 .ARM.attributes
                0x000003dc       0x2c CMakeFiles/mc6800_emulator.dir/Users/ned/src/Micropython/micropython/lib/pico-sdk/src/rp2_common/hardware_clocks/clocks.c.o
 .ARM.attributes
                0x00000408       0x2c CMakeFiles/mc6800_emulator.dir/Users/ned/src/Micropython/micropython/lib/pico-sdk/src/rp2_common/hardware_pll/pll.c.o
 .ARM.attributes
                0x00000434       0x2c CMakeFiles/mc6800_emulator.dir/Users/ned/src/Micropython/micropython/lib/pico-sdk/src/rp2_common/hardware_ticks/ticks.c.o
 .ARM.attributes
                0x00000460       0x2c CMakeFiles/mc6800_emulator.dir/Users/ned/src/Micropython/micropython/lib/pico-sdk/src/rp2_common/pico_bootrom/bootrom.c.o
 .ARM.attributes
                0x0000048c       0x2c CMakeFiles/mc6800_emulator.dir/Users/ned/src/Micropython/micropython/lib/pico-sdk/src/rp2_common/hardware_xosc/xosc.c.o
 .ARM.attributes
                0x000004b8       0x2c CMakeFiles/mc6800_emulator.dir/Users/ned/src/Micropython/micropython/lib/pico-sdk/src/rp2_common/pico_runtime/runtime.c.o
 .ARM.attributes
                0x000004e4       0x2c CMakeFiles/mc6800_emulator.dir/Users/ned/src/Micropython/micropython/lib/pico-sdk/src/rp2_common/pico_runtime_init/runtime_init.c.o
 .ARM.attributes
                0x00000510       0x2c CMakeFiles/mc6800_emulator.dir/Users/ned/src/Micropython/micropython/lib/pico-sdk/src/rp2_common/pico_runtime_init/runtime_init_clocks.c.o
 .ARM.attributes
                0x0000053c       0x22 CMakeFiles/mc6800_emulator.dir/Users/ned/src/Micropython/micropython/lib/pico-sdk/src/rp2_common/pico_bit_ops/bit_ops_aeabi.S.o
 .ARM.attributes
                0x0000055e       0x22 CMakeFiles/mc6800_emulator.dir/Users/ned/src/Micropython/micropython/lib/pico-sdk/src/rp2_common/pico_divider/divider_hardware.S.o
 .ARM.attributes
                0x00000580       0x22 CMakeFiles/mc6800_emulator.dir/Users/ned/src/Micropython/micropython/lib/pico-sdk/src/rp2_common/pico_double/double_aeabi_rp2040.S.o
 .ARM.attributes
                0x000005a2       0x2c CMakeFiles/mc6800_emulator.dir/Users/ned/src/Micropython/micropython/lib/pico-sdk/src/rp2_common/pico_double/double_init_rom_rp2040.c.o
 .ARM.attributes
                0x000005ce       0x22 CMakeFiles/mc6800_emulator.dir/Users/ned/src/Micropython/micropython/lib/pico-sdk/src/rp2_common/pico_double/double_v1_rom_shim_rp2040.S.o
 .ARM.attributes
                0x000005f0       0x22 CMakeFiles/mc6800_emulator.dir/Users/ned/src/Micropython/micropython/lib/pico-sdk/src/rp2_common/pico_int64_ops/pico_int64_ops_aeabi.S.o
 .ARM.attributes
                0x00000612       0x22 CMakeFiles/mc6800_emulator.dir/Users/ned/src/Micropython/micropython/lib/pico-sdk/src/rp2_common/pico_float/float_aeabi_rp2040.S.o
 .ARM.attributes
                0x00000634       0x2c CMakeFiles/mc6800_emulator.dir/Users/ned/src/Micropython/micropython/lib/pico-sdk/src/rp2_common/pico_float/float_init_rom_rp2040.c.o
 .ARM.attributes
                0x00000660       0x22 CMakeFiles/mc6800_emulator.dir/Users/ned/src/Micropython/micropython/lib/pico-sdk/src/rp2_common/pico_float/float_v1_rom_shim_rp2040.S.o
 .ARM.attributes
                0x00000682       0x22 CMakeFiles/mc6800_emulator.dir/Users/ned/src/Micropython/micropython/lib/pico-sdk/src/rp2_common/pico_mem_ops/mem_ops_aeabi.S.o
 .ARM.attributes
                0x000006a4       0x2c CMakeFiles/mc6800_emulator.dir/Users/ned/src/Micropython/micropython/lib/pico-sdk/src/rp2_common/pico_standard_binary_info/standard_binary_info.c.o
 .ARM.attributes
                0x000006d0       0x2c CMakeFiles/mc6800_emulator.dir/Users/ned/src/Micropython/micropython/lib/pico-sdk/src/rp2_common/pico_printf/printf.c.o
 .ARM.attributes
                0x000006fc       0x22 CMakeFiles/mc6800_emulator.dir/Users/ned/src/Micropython/micropython/lib/pico-sdk/src/rp2_common/pico_crt0/crt0.S.o
 .ARM.attributes
                0x0000071e       0x2c CMakeFiles/mc6800_emulator.dir/Users/ned/src/Micropython/micropython/lib/pico-sdk/src/rp2_common/pico_clib_interface/newlib_interface.c.o
 .ARM.attributes
                0x0000074a       0x2c CMakeFiles/mc6800_emulator.dir/Users/ned/src/Micropython/micropython/lib/pico-sdk/src/rp2_common/pico_stdio/stdio.c.o
 .ARM.attributes
                0x00000776       0x2c CMakeFiles/mc6800_emulator.dir/Users/ned/src/Micropython/micropython/lib/pico-sdk/src/rp2_common/pico_stdio_uart/stdio_uart.c.o
 .ARM.attributes
                0x000007a2       0x2c CMakeFiles/mc6800_emulator.dir/Users/ned/src/Micropython/micropython/lib/pico-sdk/src/rp2_common/hardware_pio/pio.c.o
 .ARM.attributes
                0x000007ce       0x2c CMakeFiles/mc6800_emulator.dir/Users/ned/src/Micropython/micropython/lib/pico-sdk/src/rp2_common/hardware_spi/spi.c.o
 .ARM.attributes
                0x000007fa       0x22 pico-sdk/src/rp2040/boot_stage2/CMakeFiles/bs2_default_library.dir/bs2_default_padded_checksummed.S.o
 .ARM.attributes
                0x0000081c       0x1e /Applications/ArmGNUToolchain/14.3.rel1/arm-none-eabi/bin/../lib/gcc/arm-none-eabi/14.3.1/thumb/v6-m/nofp/libgcc.a(_dvmd_tls.o)
 .ARM.attributes
                0x0000083a       0x2c /Applications/ArmGNUToolchain/14.3.rel1/arm-none-eabi/bin/../lib/gcc/arm-none-eabi/14.3.1/../../../../arm-none-eabi/lib/thumb/v6-m/nofp/libg.a(libc_a-strlen-stub.o)
 .ARM.attributes
                0x00000866       0x2c /Applications/ArmGNUToolchain/14.3.rel1/arm-none-eabi/bin/../lib/gcc/arm-none-eabi/14.3.1/thumb/v6-m/nofp/crtend.o

.comment        0x00000000       0x46
 .comment       0x00000000       0x46 CMakeFiles/mc6800_emulator.dir/src/main.c.o
                                 0x47 (size before relaxing)
 .comment       0x00000046       0x47 CMakeFiles/mc6800_emulator.dir/src/cpu_state.c.o
 .comment       0x00000046       0x47 CMakeFiles/mc6800_emulator.dir/src/memory.c.o
 .comment       0x00000046       0x47 CMakeFiles/mc6800_emulator.dir/src/bus.c.o
 .comment       0x00000046       0x47 CMakeFiles/mc6800_emulator.dir/src/clock.c.o
 .comment       0x00000046       0x47 CMakeFiles/mc6800_emulator.dir/src/instructions.c.o
 .comment       0x00000046       0x47 CMakeFiles/mc6800_emulator.dir/src/interrupts.c.o
 .comment       0x00000046       0x47 CMakeFiles/mc6800_emulator.dir/src/usb_cdc.c.o
 .comment       0x00000046       0x47 CMakeFiles/mc6800_emulator.dir/src/debug_spi.c.o
 .comment       0x00000046       0x47 CMakeFiles/mc6800_emulator.dir/Users/ned/src/Micropython/micropython/lib/pico-sdk/src/rp2_common/hardware_gpio/gpio.c.o
 .comment       0x00000046       0x47 CMakeFiles/mc6800_emulator.dir/Users/ned/src/Micropython/micropython/lib/pico-sdk/src/rp2_common/pico_platform_panic/panic.c.o
 .comment       0x00000046       0x47 CMakeFiles/mc6800_emulator.dir/Users/ned/src/Micropython/micropython/lib/pico-sdk/src/common/hardware_claim/claim.c.o
 .comment       0x00000046       0x47 CMakeFiles/mc6800_emulator.dir/Users/ned/src/Micropython/micropython/lib/pico-sdk/src/rp2_common/hardware_sync/sync.c.o
 .comment       0x00000046       0x47 CMakeFiles/mc6800_emulator.dir/Users/ned/src/Micropython/micropython/lib/pico-sdk/src/rp2_common/hardware_sync_spin_lock/sync_spin_lock.c.o
 .comment       0x00000046       0x47 CMakeFiles/mc6800_emulator.dir/Users/ned/src/Micropython/micropython/lib/pico-sdk/src/rp2_common/hardware_irq/irq.c.o
 .comment       0x00000046       0x47 CMakeFiles/mc6800_emulator.dir/Users/ned/src/Micropython/micropython/lib/pico-sdk/src/common/pico_sync/lock_core.c.o
 .comment       0x00000046       0x47 CMakeFiles/mc6800_emulator.dir/Users/ned/src/Micropython/micropython/lib/pico-sdk/src/common/pico_sync/mutex.c.o
 .comment       0x00000046       0x47 CMakeFiles/mc6800_emulator.dir/Users/ned/src/Micropython/micropython/lib/pico-sdk/src/common/pico_time/time.c.o
 .comment       0x00000046       0x47 CMakeFiles/mc6800_emulator.dir/Users/ned/src/Micropython/micropython/lib/pico-sdk/src/rp2_common/hardware_timer/timer.c.o
 .comment       0x00000046       0x47 CMakeFiles/mc6800_emulator.dir/Users/ned/src/Micropython/micropython/lib/pico-sdk/src/rp2_common/hardware_uart/uart.c.o
 .comment       0x00000046       0x47 CMakeFiles/mc6800_emulator.dir/Users/ned/src/Micropython/micropython/lib/pico-sdk/src/rp2_common/hardware_clocks/clocks.c.o
 .comment       0x00000046       0x47 CMakeFiles/mc6800_emulator.dir/Users/ned/src/Micropython/micropython/lib/pico-sdk/src/rp2_common/hardware_pll/pll.c.o
 .comment       0x00000046       0x47 CMakeFiles/mc6800_emulator.dir/Users/ned/src/Micropython/micropython/lib/pico-sdk/src/rp2_common/hardware_ticks/ticks.c.o
 .comment       0x00000046       0x47 CMakeFiles/mc6800_emulator.dir/Users/ned/src/Micropython/micropython/lib/pico-sdk/src/rp2_common/pico_bootrom/bootrom.c.o
 .comment       0x00000046       0x47 CMakeFiles/mc6800_emulator.dir/Users/ned/src/Micropython/micropython/lib/pico-sdk/src/rp2_common/hardware_xosc/xosc.c.o
 .comment       0x00000046       0x47 CMakeFiles/mc6800_emulator.dir/Users/ned/src/Micropython/micropython/lib/pico-sdk/src/rp2_common/pico_runtime/runtime.c.o
 .comment       0x00000046       0x47 CMakeFiles/mc6800_emulator.dir/Users/ned/src/Micropython/micropython/lib/pico-sdk/src/rp2_common/pico_runtime_init/runtime_init.c.o
 .comment       0x00000046       0x47 CMakeFiles/mc6800_emulator.dir/Users/ned/src/Micropython/micropython/lib/pico-sdk/src/rp2_common/pico_runtime_init/runtime_init_clocks.c.o
 .comment       0x00000046       0x47 CMakeFiles/mc6800_emulator.dir/Users/ned/src/Micropython/micropython/lib/pico-sdk/src/rp2_common/pico_double/double_init_rom_rp2040.c.o
 .comment       0x00000046       0x47 CMakeFiles/mc6800_emulator.dir/Users/ned/src/Micropython/micropython/lib/pico-sdk/src/rp2_common/pico_float/float_init_rom_rp2040.c.o
 .comment       0x00000046       0x47 CMakeFiles/mc6800_emulator.dir/Users/ned/src/Micropython/micropython/lib/pico-sdk/src/rp2_common/pico_standard_binary_info/standard_binary_info.c.o
 .comment       0x00000046       0x47 CMakeFiles/mc6800_emulator.dir/Users/ned/src/Micropython/micropython/lib/pico-sdk/src/rp2_common/pico_printf/printf.c.o
 .comment       0x00000046       0x47 CMakeFiles/mc6800_emulator.dir/Users/ned/src/Micropython/micropython/lib/pico-sdk/src/rp2_common/pico_clib_interface/newlib_interface.c.o
 .comment       0x00000046       0x47 CMakeFiles/mc6800_emulator.dir/Users/ned/src/Micropython/micropython/lib/pico-sdk/src/rp2_common/pico_stdio/stdio.c.o
 .comment       0x00000046       0x47 CMakeFiles/mc6800_emulator.dir/Users/ned/src/Micropython/micropython/lib/pico-sdk/src/rp2_common/pico_stdio_uart/stdio_uart.c.o
 .comment       0x00000046       0x47 CMakeFiles/mc6800_emulator.dir/Users/ned/src/Micropython/micropython/lib/pico-sdk/src/rp2_common/hardware_pio/pio.c.o
 .comment       0x00000046       0x47 CMakeFiles/mc6800_emulator.dir/Users/ned/src/Micropython/micropython/lib/pico-sdk/src/rp2_common/hardware_spi/spi.c.o

.debug_info     0x00000000    0x214e7
 .debug_info    0x00000000      0x329 CMakeFiles/mc6800_emulator.dir/src/main.c.o
 .debug_info    0x00000329      0x5c8 CMakeFiles/mc6800_emulator.dir/src/cpu_state.c.o
 .debug_info    0x000008f1      0x85e CMakeFiles/mc6800_emulator.dir/src/memory.c.o